<html>
<body>
<pre>
<h1>µVision Build Log</h1>
<h2>Tool Versions:</h2>
IDE-Version: µVision V5.17.0.0
Copyright (C) 2015 ARM Ltd and ARM Germany GmbH. All rights reserved.
License Information: noW noW, geo, LIC=NHY9U-SL21I-KTI3H-W80HX-ENB0V-57A1N
 
Tool Versions:
Toolchain:       MDK-ARM Professional  Version: 5.17
Toolchain Path:  D:\Programs\Keil\ARM\ARMCC\Bin
C Compiler:      Armcc.exe V5.06 update 1 (build 61)
Assembler:       Armasm.exe V5.06 update 1 (build 61)
Linker/Locator:  ArmLink.exe V5.06 update 1 (build 61)
Library Manager: ArmAr.exe V5.06 update 1 (build 61)
Hex Converter:   FromElf.exe V5.06 update 1 (build 61)
CPU DLL:         SARMCM3.DLL V5.17
Dialog DLL:      DCM.DLL V1.13.4.0
Target DLL:      STLink\ST-LINKIII-KEIL_SWO.dll V2.0.18.0
Dialog DLL:      TCM.DLL V1.14.6.0
 
<h2>Project:</h2>
D:\PROJECTS\STM32F767_NUCLEO_MB_TCP_ADC\STM32F767_NUCLEO_MB_TCP_ADC\MB_TCP_ADC\MDK-ARM\MB_TCP_ADC.uvprojx
Project File Date:  07/15/2017

<h2>Output:</h2>
*** Using Compiler 'V5.06 update 1 (build 61)', folder: 'D:\Programs\Keil\ARM\ARMCC\Bin'
Build target 'MB_TCP_ADC'
compiling porttcp.c...
..\Middlewares\Third_Party\Modbus\port\porttcp.c(69): warning:  #177-D: variable "timeoutTimeInMiliSeconds" was declared but never referenced
  			int timeoutTimeInMiliSeconds=100;
..\Middlewares\Third_Party\Modbus\port\porttcp.c(117): warning:  #177-D: variable "clnt_index" was declared but never referenced
  		int	clnt_index=0;
..\Middlewares\Third_Party\Modbus\port\porttcp.c(152): warning:  #177-D: variable "clnt_index" was declared but never referenced
  		int	clnt_index=0;
..\Middlewares\Third_Party\Modbus\port\porttcp.c(154): warning:  #177-D: variable "task_ret" was declared but never referenced
  		BaseType_t task_ret=pdPASS;
..\Middlewares\Third_Party\Modbus\port\porttcp.c(393): warning:  #1-D: last line of file ends without a newline
  }
..\Middlewares\Third_Party\Modbus\port\porttcp.c: 5 warnings, 0 errors
linking...
Program Size: Code=91572 RO-data=2000 RW-data=1048 ZI-data=223528  
FromELF: creating hex file...
"MB_TCP_ADC\MB_TCP_ADC.axf" - 0 Error(s), 5 Warning(s).

<h2>Software Packages used:</h2>

Package Vendor: ARM
                http://www.keil.com/pack/ARM.CMSIS.4.5.0.pack
                ARM::CMSIS:CORE:4.3.0
                CMSIS (Cortex Microcontroller Software Interface Standard)
   * Component: CORE Version: 4.3.0

<h2>Collection of Component include folders:</h2>
  D:\PROJECTS\STM32F767_NUCLEO_MB_TCP_ADC\STM32F767_NUCLEO_MB_TCP_ADC\MB_TCP_ADC\MDK-ARM\RTE
  D:\Programs\Keil\ARM\PACK\ARM\CMSIS\4.5.0\CMSIS\Include
  D:\Programs\Keil\ARM\PACK\Keil\STM32F7xx_DFP\2.8.0\Drivers\CMSIS\Device\ST\STM32F7xx\Include

<h2>Collection of Component Files used:</h2>

   * Component: ARM::CMSIS:CORE:4.3.0
Build Time Elapsed:  00:00:06
</pre>
</body>
</html>
