Component: ARM Compiler 5.06 update 1 (build 61) Tool: armlink [4d35a8]

==============================================================================

Section Cross References

    event_groups.o(i.vEventGroupClearBitsCallback) refers to event_groups.o(i.xEventGroupClearBits) for xEventGroupClearBits
    event_groups.o(i.vEventGroupDelete) refers to tasks.o(i.vTaskSuspendAll) for vTaskSuspendAll
    event_groups.o(i.vEventGroupDelete) refers to tasks.o(i.xTaskRemoveFromUnorderedEventList) for xTaskRemoveFromUnorderedEventList
    event_groups.o(i.vEventGroupDelete) refers to heap_4.o(i.vPortFree) for vPortFree
    event_groups.o(i.vEventGroupDelete) refers to tasks.o(i.xTaskResumeAll) for xTaskResumeAll
    event_groups.o(i.vEventGroupSetBitsCallback) refers to event_groups.o(i.xEventGroupSetBits) for xEventGroupSetBits
    event_groups.o(i.xEventGroupClearBits) refers to port.o(i.vPortEnterCritical) for vPortEnterCritical
    event_groups.o(i.xEventGroupClearBits) refers to port.o(i.vPortExitCritical) for vPortExitCritical
    event_groups.o(i.xEventGroupCreate) refers to heap_4.o(i.pvPortMalloc) for pvPortMalloc
    event_groups.o(i.xEventGroupCreate) refers to list.o(i.vListInitialise) for vListInitialise
    event_groups.o(i.xEventGroupSetBits) refers to tasks.o(i.vTaskSuspendAll) for vTaskSuspendAll
    event_groups.o(i.xEventGroupSetBits) refers to tasks.o(i.xTaskRemoveFromUnorderedEventList) for xTaskRemoveFromUnorderedEventList
    event_groups.o(i.xEventGroupSetBits) refers to tasks.o(i.xTaskResumeAll) for xTaskResumeAll
    event_groups.o(i.xEventGroupSync) refers to tasks.o(i.xTaskGetSchedulerState) for xTaskGetSchedulerState
    event_groups.o(i.xEventGroupSync) refers to tasks.o(i.vTaskSuspendAll) for vTaskSuspendAll
    event_groups.o(i.xEventGroupSync) refers to event_groups.o(i.xEventGroupSetBits) for xEventGroupSetBits
    event_groups.o(i.xEventGroupSync) refers to tasks.o(i.vTaskPlaceOnUnorderedEventList) for vTaskPlaceOnUnorderedEventList
    event_groups.o(i.xEventGroupSync) refers to tasks.o(i.xTaskResumeAll) for xTaskResumeAll
    event_groups.o(i.xEventGroupSync) refers to tasks.o(i.uxTaskResetEventItemValue) for uxTaskResetEventItemValue
    event_groups.o(i.xEventGroupSync) refers to port.o(i.vPortEnterCritical) for vPortEnterCritical
    event_groups.o(i.xEventGroupSync) refers to port.o(i.vPortExitCritical) for vPortExitCritical
    event_groups.o(i.xEventGroupWaitBits) refers to tasks.o(i.xTaskGetSchedulerState) for xTaskGetSchedulerState
    event_groups.o(i.xEventGroupWaitBits) refers to tasks.o(i.vTaskSuspendAll) for vTaskSuspendAll
    event_groups.o(i.xEventGroupWaitBits) refers to event_groups.o(i.prvTestWaitCondition) for prvTestWaitCondition
    event_groups.o(i.xEventGroupWaitBits) refers to tasks.o(i.vTaskPlaceOnUnorderedEventList) for vTaskPlaceOnUnorderedEventList
    event_groups.o(i.xEventGroupWaitBits) refers to tasks.o(i.xTaskResumeAll) for xTaskResumeAll
    event_groups.o(i.xEventGroupWaitBits) refers to tasks.o(i.uxTaskResetEventItemValue) for uxTaskResetEventItemValue
    event_groups.o(i.xEventGroupWaitBits) refers to port.o(i.vPortEnterCritical) for vPortEnterCritical
    event_groups.o(i.xEventGroupWaitBits) refers to port.o(i.vPortExitCritical) for vPortExitCritical
    tasks.o(i.eTaskGetState) refers to port.o(i.vPortEnterCritical) for vPortEnterCritical
    tasks.o(i.eTaskGetState) refers to port.o(i.vPortExitCritical) for vPortExitCritical
    tasks.o(i.eTaskGetState) refers to tasks.o(.data) for pxCurrentTCB
    tasks.o(i.eTaskGetState) refers to tasks.o(.bss) for xSuspendedTaskList
    tasks.o(i.pcTaskGetName) refers to tasks.o(.data) for pxCurrentTCB
    tasks.o(i.prvAddCurrentTaskToDelayedList) refers to list.o(i.uxListRemove) for uxListRemove
    tasks.o(i.prvAddCurrentTaskToDelayedList) refers to list.o(i.vListInsertEnd) for vListInsertEnd
    tasks.o(i.prvAddCurrentTaskToDelayedList) refers to list.o(i.vListInsert) for vListInsert
    tasks.o(i.prvAddCurrentTaskToDelayedList) refers to tasks.o(.data) for xTickCount
    tasks.o(i.prvAddCurrentTaskToDelayedList) refers to tasks.o(.bss) for xSuspendedTaskList
    tasks.o(i.prvAddNewTaskToReadyList) refers to port.o(i.vPortEnterCritical) for vPortEnterCritical
    tasks.o(i.prvAddNewTaskToReadyList) refers to tasks.o(i.prvInitialiseTaskLists) for prvInitialiseTaskLists
    tasks.o(i.prvAddNewTaskToReadyList) refers to list.o(i.vListInsertEnd) for vListInsertEnd
    tasks.o(i.prvAddNewTaskToReadyList) refers to port.o(i.vPortExitCritical) for vPortExitCritical
    tasks.o(i.prvAddNewTaskToReadyList) refers to tasks.o(.data) for uxCurrentNumberOfTasks
    tasks.o(i.prvAddNewTaskToReadyList) refers to tasks.o(.bss) for pxReadyTasksLists
    tasks.o(i.prvCheckTasksWaitingTermination) refers to tasks.o(i.vTaskSuspendAll) for vTaskSuspendAll
    tasks.o(i.prvCheckTasksWaitingTermination) refers to tasks.o(i.xTaskResumeAll) for xTaskResumeAll
[...]
    pvMBFrameStartCur                        0x200002bc   Data           4  mb.o(.data)
    pvMBFrameStopCur                         0x200002c0   Data           4  mb.o(.data)
    peMBFrameReceiveCur                      0x200002c4   Data           4  mb.o(.data)
    peMBFrameSendCur                         0x200002c8   Data           4  mb.o(.data)
    pvMBFrameCloseCur                        0x200002cc   Data           4  mb.o(.data)
    xListenSocket                            0x200002d0   Data           4  porttcp.o(.data)
    xMB_FrameRec_Mutex                       0x200002d8   Data           4  porttcp.o(.data)
    activeSocket                             0x200002dc   Data           1  porttcp.o(.data)
    pxMBMasterFrameCBByteReceived            0x200002f8   Data           4  mb_m.o(.data)
    pxMBMasterFrameCBTransmitterEmpty        0x200002fc   Data           4  mb_m.o(.data)
    pxMBMasterPortCBTimerExpired             0x20000300   Data           4  mb_m.o(.data)
    pxMBMasterFrameCBReceiveFSMCur           0x20000304   Data           4  mb_m.o(.data)
    pxMBMasterFrameCBTransmitFSMCur          0x20000308   Data           4  mb_m.o(.data)
    __stdout                                 0x200003ac   Data           4  stdout.o(.data)
    xQueueRegistry                           0x200004a0   Data          64  queue.o(.bss)
    ram_heap                                 0x200104e0   Data        4115  mem.o(.bss)
    memp_memory_UDP_PCB_base                 0x20011554   Data          35  memp.o(.bss)
    memp_memory_TCP_PCB_base                 0x20011577   Data        1523  memp.o(.bss)
    memp_memory_TCP_PCB_LISTEN_base          0x20011b6a   Data         283  memp.o(.bss)
    memp_memory_TCP_SEG_base                 0x20011c85   Data         275  memp.o(.bss)
    memp_memory_REASSDATA_base               0x20011d98   Data         163  memp.o(.bss)
    memp_memory_FRAG_PBUF_base               0x20011e3b   Data         363  memp.o(.bss)
    memp_memory_NETBUF_base                  0x20011fa6   Data          35  memp.o(.bss)
    memp_memory_NETCONN_base                 0x20011fc9   Data         179  memp.o(.bss)
    memp_memory_TCPIP_MSG_API_base           0x2001207c   Data         131  memp.o(.bss)
    memp_memory_TCPIP_MSG_INPKT_base         0x200120ff   Data         131  memp.o(.bss)
    memp_memory_SYS_TIMEOUT_base             0x20012182   Data          51  memp.o(.bss)
    memp_memory_PBUF_base                    0x200121b5   Data        1603  memp.o(.bss)
    memp_memory_PBUF_POOL_base               0x200127f8   Data       24515  memp.o(.bss)
    ip_data                                  0x200188ac   Data          24  ip.o(.bss)
    pFlash                                   0x200188c4   Data          28  stm32f7xx_hal_flash.o(.bss)
    DMARxDscrTab                             0x200188e0   Data         128  ethernetif.o(.bss)
    DMATxDscrTab                             0x20018960   Data         128  ethernetif.o(.bss)
    Rx_Buff                                  0x200189e0   Data        6096  ethernetif.o(.bss)
    Tx_Buff                                  0x2001a1b0   Data        6096  ethernetif.o(.bss)
    heth                                     0x2001b980   Data          72  ethernetif.o(.bss)
    hdcmi                                    0x2001b9c8   Data          80  main.o(.bss)
    hdma_dcmi                                0x2001ba18   Data          96  main.o(.bss)
    hspi3                                    0x2001ba78   Data         100  main.o(.bss)
    hspi5                                    0x2001badc   Data         100  main.o(.bss)
    hspi6                                    0x2001bb40   Data         100  main.o(.bss)
    hdma_spi3_rx                             0x2001bba4   Data          96  main.o(.bss)
    hdma_spi5_tx                             0x2001bc04   Data          96  main.o(.bss)
    hdma_spi6_rx                             0x2001bc64   Data          96  main.o(.bss)
    htim2                                    0x2001bcc4   Data          64  main.o(.bss)
    htim3                                    0x2001bd04   Data          64  main.o(.bss)
    htim4                                    0x2001bd44   Data          64  main.o(.bss)
    htim5                                    0x2001bd84   Data          64  main.o(.bss)
    htim6                                    0x2001bdc4   Data          64  main.o(.bss)
    htim9                                    0x2001be04   Data          64  main.o(.bss)
    huart1                                   0x2001be44   Data         112  main.o(.bss)
    hdma_usart1_rx                           0x2001beb4   Data          96  main.o(.bss)
    hdma_usart1_tx                           0x2001bf14   Data          96  main.o(.bss)
    gnetif                                   0x2001bf74   Data          48  lwip.o(.bss)
    usMRegTempBuf                            0x2001c0ec   Data          54  mbfunc.o(.bss)
    stTCPContext                             0x2001c124   Data         600  mbinit.o(.bss)
    ADC_resultBuf                            0x2001c37c   Data       32000  udp_send.o(.bss)
    sa                                       0x2002407c   Data          16  udp_send.o(.bss)
    ra                                       0x2002408c   Data          16  udp_send.o(.bss)
    UDPPacket                                0x2002409c   Data        1036  udp_send.o(.bss)
    ChnCalibrValues                          0x200244a8   Data          40  data_converter.o(.bss)
    SPI3_ADC_Buf                             0x200244d0   Data        1002  spi_adc.o(.bss)
    SPI6_ADC_Buf                             0x200248ba   Data        1002  spi_adc.o(.bss)
    DCMIAdcRxBuff                            0x20024ca4   Data       32000  adc_dcmi.o(.bss)
    configInfo                               0x2002c9a4   Data          80  cfg_info.o(.bss)
    ucMDiscInBuf                             0x2002c9f4   Data          32  mb_master_user.o(.bss)
    ucMCoilBuf                               0x2002ca14   Data         128  mb_master_user.o(.bss)
    usMRegInBuf                              0x2002ca94   Data         608  mb_master_user.o(.bss)
    usMRegHoldBuf                            0x2002ccf4   Data         864  mb_master_user.o(.bss)
    ADCPyroFIFO                              0x2002d054   Data       32776  adc_pyro_buf.o(.bss)
    __initial_sp                             0x20039280   Data           0  startup_stm32f767xx.o(STACK)



==============================================================================

Memory Map of the image

  Image Entry point : 0x08018001

  Load Region LR_IROM1 (Base: 0x08000000, Size: 0x000001f8, Max: 0x00008000, ABSOLUTE)

    Execution Region ER_IROM1 (Base: 0x08000000, Size: 0x000001f8, Max: 0x00008000, ABSOLUTE)

    Base Addr    Size         Type   Attr      Idx    E Section Name        Object

    0x08000000   0x000001f8   Data   RO         5000    RESET               startup_stm32f767xx.o



  Load Region LR_IROM2 (Base: 0x08018000, Size: 0x00017a7c, Max: 0x001e8000, ABSOLUTE, COMPRESSED[0x0001776c])

    Execution Region ER_IROM2 (Base: 0x08018000, Size: 0x000176cc, Max: 0x001e8000, ABSOLUTE)

    Base Addr    Size         Type   Attr      Idx    E Section Name        Object

    0x08018000   0x00000000   Code   RO        10890  * .ARM.Collect$$$$00000000  mc_w.l(entry.o)
    0x08018000   0x00000004   Code   RO        11168    .ARM.Collect$$$$00000001  mc_w.l(entry2.o)
    0x08018004   0x00000004   Code   RO        11171    .ARM.Collect$$$$00000004  mc_w.l(entry5.o)
    0x08018008   0x00000000   Code   RO        11173    .ARM.Collect$$$$00000008  mc_w.l(entry7b.o)
    0x08018008   0x00000000   Code   RO        11175    .ARM.Collect$$$$0000000A  mc_w.l(entry8b.o)
    0x08018008   0x00000008   Code   RO        11176    .ARM.Collect$$$$0000000B  mc_w.l(entry9a.o)
    0x08018010   0x00000000   Code   RO        11178    .ARM.Collect$$$$0000000D  mc_w.l(entry10a.o)
    0x08018010   0x00000000   Code   RO        11180    .ARM.Collect$$$$0000000F  mc_w.l(entry11a.o)
    0x08018010   0x00000004   Code   RO        11169    .ARM.Collect$$$$00002712  mc_w.l(entry2.o)
    0x08018014   0x000000ba   Code   RO          455    .emb_text           port.o
    0x080180ce   0x00000002   PAD
    0x080180d0   0x00000024   Code   RO         5001    .text               startup_stm32f767xx.o
    0x080180f4   0x00000024   Code   RO        10893    .text               mc_w.l(memcpya.o)
    0x08018118   0x00000024   Code   RO        10895    .text               mc_w.l(memseta.o)
    0x0801813c   0x0000001c   Code   RO        10899    .text               mc_w.l(strcmp.o)
    0x08018158   0x0000001a   Code   RO        10901    .text               mc_w.l(memcmp.o)
    0x08018172   0x0000002c   Code   RO        11183    .text               mc_w.l(uidiv.o)
    0x0801819e   0x00000062   Code   RO        11185    .text               mc_w.l(uldiv.o)
    0x08018200   0x00000000   Code   RO        11187    .text               mc_w.l(iusefp.o)
    0x08018200   0x0000014e   Code   RO        11188    .text               mf_w.l(dadd.o)
    0x0801834e   0x000000e4   Code   RO        11190    .text               mf_w.l(dmul.o)
    0x08018432   0x000000de   Code   RO        11192    .text               mf_w.l(ddiv.o)
    0x08018510   0x00000030   Code   RO        11194    .text               mf_w.l(dfixul.o)
    0x08018540   0x00000030   Code   RO        11196    .text               mf_w.l(cdrcmple.o)
    0x08018570   0x00000024   Code   RO        11198    .text               mc_w.l(init.o)
    0x08018594   0x0000001e   Code   RO        11200    .text               mc_w.l(llshl.o)
    0x080185b2   0x00000020   Code   RO        11202    .text               mc_w.l(llushr.o)
    0x080185d2   0x00000024   Code   RO        11204    .text               mc_w.l(llsshr.o)
    0x080185f6   0x000000ba   Code   RO        11206    .text               mf_w.l(depilogue.o)
    0x080186b0   0x00000056   Code   RO        11216    .text               mc_w.l(__dczerorl2.o)
    0x08018706   0x00000002   PAD
    0x08018708   0x000004a4   Code   RO         9270    i.ADC_ConvertDCMIAndAssembleUDPBuf  data_converter.o
    0x08018bac   0x00000050   Code   RO         9291    i.ADC_CurrentChannelsConvolution  data_converter.o
    0x08018bfc   0x0000002c   Code   RO         9302    i.ADC_GetCalibrateValue  data_converter.o
    0x08018c28   0x00000014   Code   RO         9297    i.ADC_GetParallelCurrentSensorsValue  data_converter.o
    0x08018c3c   0x0000003c   Code   RO         9642    i.ADC_PyroBuf_Add   adc_pyro_buf.o
    0x08018c78   0x0000008c   Code   RO         9643    i.ADC_PyroBuf_Copy  adc_pyro_buf.o
    0x08018d04   0x00000010   Code   RO         9644    i.ADC_PyroBuf_GetCurrentLength  adc_pyro_buf.o
    0x08018d14   0x00000080   Code   RO         9442    i.ConfigInfoRead    cfg_info.o
    0x08018d94   0x00000050   Code   RO         9443    i.ConfigInfoWrite   cfg_info.o
    0x08018de4   0x00000010   Code   RO         9359    i.DCMI_ADC_Clock_Start  adc_dcmi.o
    0x08018df4   0x00000010   Code   RO         9360    i.DCMI_ADC_Clock_Stop  adc_dcmi.o
    0x08018e04   0x00000020   Code   RO         9361    i.DCMI_ADC_GetCurrentTimestamp  adc_dcmi.o
    0x08018e24   0x0000000c   Code   RO         9362    i.DCMI_ADC_GetLastTimestamp  adc_dcmi.o
    0x08018e30   0x000000bc   Code   RO         9364    i.DCMI_ADC_Init     adc_dcmi.o
    0x08018eec   0x0000005c   Code   RO         9365    i.DCMI_ADC_ResetTimestamp  adc_dcmi.o
    0x08018f48   0x0000006c   Code   RO         9366    i.DCMI_ADC_SetSamplerate  adc_dcmi.o
    0x08018fb4   0x00000024   Code   RO         8007    i.DCMI_DMAError     stm32f7xx_hal_dcmi.o
    0x08018fd8   0x000000c6   Code   RO         8008    i.DCMI_DMAXferCplt  stm32f7xx_hal_dcmi.o
    0x0801909e   0x00000002   PAD
    0x080190a0   0x00000070   Code   RO         9367    i.DCMI_DMA_HalfTransferCallback  adc_dcmi.o
    0x08019110   0x00000074   Code   RO         9368    i.DCMI_DMA_TransferCallback  adc_dcmi.o
    0x08019184   0x00000010   Code   RO         8686    i.DMA1_Stream0_IRQHandler  stm32f7xx_it.o
    0x08019194   0x00000010   Code   RO         8687    i.DMA2_Stream1_IRQHandler  stm32f7xx_it.o
    0x080191a4   0x00000010   Code   RO         8688    i.DMA2_Stream2_IRQHandler  stm32f7xx_it.o
    0x080191b4   0x00000010   Code   RO         8689    i.DMA2_Stream4_IRQHandler  stm32f7xx_it.o
    0x080191c4   0x00000010   Code   RO         8690    i.DMA2_Stream6_IRQHandler  stm32f7xx_it.o
    0x080191d4   0x00000010   Code   RO         8691    i.DMA2_Stream7_IRQHandler  stm32f7xx_it.o
    0x080191e4   0x00000034   Code   RO         7206    i.DMA_CalcBaseAndBitshift  stm32f7xx_hal_dma.o
    0x08019218   0x000000ba   Code   RO         7207    i.DMA_CheckFifoParam  stm32f7xx_hal_dma.o
    0x080192d2   0x00000020   Code   RO         5653    i.DMA_MultiBufferSetConfig  stm32f7xx_hal_dma_ex.o
    0x080192f2   0x0000002c   Code   RO         7208    i.DMA_SetConfig     stm32f7xx_hal_dma.o
    0x0801931e   0x00000002   PAD
    0x08019320   0x00000024   Code   RO         9508    i.DiscretOutputs_Enable  discret_out.o
    0x08019344   0x00000084   Code   RO         9509    i.DiscretOutputs_Init  discret_out.o
    0x080193c8   0x00000034   Code   RO         9510    i.DiscretOutputs_Set  discret_out.o
    0x080193fc   0x0000009c   Code   RO         9511    i.DiscretOutputs_SetSequence_Task  discret_out.o
    0x08019498   0x00000020   Code   RO         9512    i.DiscretOutputs_StartSequence  discret_out.o
    0x080194b8   0x00000016   Code   RO         5695    i.ETH_DMAReceptionEnable  stm32f7xx_hal_eth.o
    0x080194ce   0x00000016   Code   RO         5697    i.ETH_DMATransmissionEnable  stm32f7xx_hal_eth.o
    0x080194e4   0x00000038   Code   RO         5698    i.ETH_FlushTransmitFIFO  stm32f7xx_hal_eth.o
    0x0801951c   0x00000010   Code   RO         8692    i.ETH_IRQHandler    stm32f7xx_it.o
    0x0801952c   0x00000034   Code   RO         5699    i.ETH_MACAddressConfig  stm32f7xx_hal_eth.o
    0x08019560   0x00000244   Code   RO         5700    i.ETH_MACDMAConfig  stm32f7xx_hal_eth.o
    0x080197a4   0x00000028   Code   RO         5702    i.ETH_MACReceptionEnable  stm32f7xx_hal_eth.o
    0x080197cc   0x00000028   Code   RO         5704    i.ETH_MACTransmissionEnable  stm32f7xx_hal_eth.o
    0x080197f4   0x0000000c   Code   RO         8693    i.EXTI9_5_IRQHandler  stm32f7xx_it.o
    0x08019800   0x00000004   Code   RO         8823    i.Error_Handler     main.o
    0x08019804   0x00000048   Code   RO         9444    i.FLASH_ErasePage   cfg_info.o
    0x0801984c   0x0000007c   Code   RO         7591    i.FLASH_Erase_Sector  stm32f7xx_hal_flash_ex.o
    0x080198c8   0x00000064   Code   RO         7592    i.FLASH_MassErase   stm32f7xx_hal_flash_ex.o
    0x0801992c   0x00000034   Code   RO         6027    i.FLASH_Program_Byte  stm32f7xx_hal_flash.o
    0x08019960   0x0000003c   Code   RO         6028    i.FLASH_Program_DoubleWord  stm32f7xx_hal_flash.o
    0x0801999c   0x00000038   Code   RO         6029    i.FLASH_Program_HalfWord  stm32f7xx_hal_flash.o
    0x080199d4   0x00000038   Code   RO         6030    i.FLASH_Program_Word  stm32f7xx_hal_flash.o
    0x08019a0c   0x00000080   Code   RO         6031    i.FLASH_SetErrorCode  stm32f7xx_hal_flash.o
    0x08019a8c   0x00000064   Code   RO         6032    i.FLASH_WaitForLastOperation  stm32f7xx_hal_flash.o
    0x08019af0   0x00000078   Code   RO         9445    i.FlashWrite_32     cfg_info.o
    0x08019b68   0x00000010   Code   RO         9446    i.Flash_Write_Task  cfg_info.o
    0x08019b78   0x00000014   Code   RO         9768    i.Float_To_UINT16_Buf  utilities.o
    0x08019b8c   0x00000002   Code   RO         8013    i.HAL_DCMI_ErrorCallback  stm32f7xx_hal_dcmi.o
    0x08019b8e   0x00000002   PAD
    0x08019b90   0x000000bc   Code   RO         8018    i.HAL_DCMI_Init     stm32f7xx_hal_dcmi.o
    0x08019c4c   0x000000f8   Code   RO         8608    i.HAL_DCMI_MspInit  stm32f7xx_hal_msp.o
    0x08019d44   0x000000e4   Code   RO         8023    i.HAL_DCMI_Start_DMA  stm32f7xx_hal_dcmi.o
    0x08019e28   0x00000012   Code   RO         5654    i.HAL_DMAEx_ChangeMemory  stm32f7xx_hal_dma_ex.o
    0x08019e3a   0x00000002   PAD
    0x08019e3c   0x00000fcc   Code   RO         5656    i.HAL_DMAEx_MultiBufferStart_IT  stm32f7xx_hal_dma_ex.o
    0x0801ae08   0x000000aa   Code   RO         7209    i.HAL_DMA_Abort     stm32f7xx_hal_dma.o
    0x0801aeb2   0x00000028   Code   RO         7210    i.HAL_DMA_Abort_IT  stm32f7xx_hal_dma.o
    0x0801aeda   0x00000002   PAD
    0x0801aedc   0x00000248   Code   RO         7214    i.HAL_DMA_IRQHandler  stm32f7xx_hal_dma.o
    0x0801b124   0x000000e8   Code   RO         7215    i.HAL_DMA_Init      stm32f7xx_hal_dma.o
    0x0801b20c   0x0000005e   Code   RO         7217    i.HAL_DMA_RegisterCallback  stm32f7xx_hal_dma.o
    0x0801b26a   0x0000009e   Code   RO         7219    i.HAL_DMA_Start_IT  stm32f7xx_hal_dma.o
    0x0801b308   0x0000001a   Code   RO         6152    i.HAL_Delay         stm32f7xx_hal.o
    0x0801b322   0x0000008c   Code   RO         5707    i.HAL_ETH_DMARxDescListInit  stm32f7xx_hal_eth.o
    0x0801b3ae   0x00000084   Code   RO         5708    i.HAL_ETH_DMATxDescListInit  stm32f7xx_hal_eth.o
    0x0801b432   0x00000002   Code   RO         5710    i.HAL_ETH_ErrorCallback  stm32f7xx_hal_eth.o
    0x0801b434   0x000000ba   Code   RO         5712    i.HAL_ETH_GetReceivedFrame_IT  stm32f7xx_hal_eth.o
    0x0801b4ee   0x000000a4   Code   RO         5714    i.HAL_ETH_IRQHandler  stm32f7xx_hal_eth.o
    0x0801b592   0x00000002   PAD
    0x0801b594   0x0000029c   Code   RO         5715    i.HAL_ETH_Init      stm32f7xx_hal_eth.o
    0x0801b830   0x00000104   Code   RO         8508    i.HAL_ETH_MspInit   ethernetif.o
    0x0801b934   0x00000092   Code   RO         5718    i.HAL_ETH_ReadPHYRegister  stm32f7xx_hal_eth.o
    0x0801b9c6   0x00000002   PAD
    0x0801b9c8   0x00000014   Code   RO         8509    i.HAL_ETH_RxCpltCallback  ethernetif.o
    0x0801b9dc   0x00000052   Code   RO         5720    i.HAL_ETH_Start     stm32f7xx_hal_eth.o
    0x0801ba2e   0x0000013e   Code   RO         5722    i.HAL_ETH_TransmitFrame  stm32f7xx_hal_eth.o
    0x0801bb6c   0x00000002   Code   RO         5723    i.HAL_ETH_TxCpltCallback  stm32f7xx_hal_eth.o
    0x0801bb6e   0x00000090   Code   RO         5724    i.HAL_ETH_WritePHYRegister  stm32f7xx_hal_eth.o
    0x0801bbfe   0x00000002   PAD
    0x0801bc00   0x000000ac   Code   RO         7604    i.HAL_FLASHEx_Erase  stm32f7xx_hal_flash_ex.o
    0x0801bcac   0x00000014   Code   RO         6036    i.HAL_FLASH_Lock    stm32f7xx_hal_flash.o
    0x0801bcc0   0x000000a4   Code   RO         6041    i.HAL_FLASH_Program  stm32f7xx_hal_flash.o
    0x0801bd64   0x0000002c   Code   RO         6043    i.HAL_FLASH_Unlock  stm32f7xx_hal_flash.o
    0x0801bd90   0x00000002   Code   RO         6997    i.HAL_GPIO_EXTI_Callback  stm32f7xx_hal_gpio.o
    0x0801bd92   0x00000002   PAD
    0x0801bd94   0x0000001c   Code   RO         6998    i.HAL_GPIO_EXTI_IRQHandler  stm32f7xx_hal_gpio.o
    0x0801bdb0   0x00000218   Code   RO         6999    i.HAL_GPIO_Init     stm32f7xx_hal_gpio.o
    0x0801bfc8   0x00000010   Code   RO         7001    i.HAL_GPIO_ReadPin  stm32f7xx_hal_gpio.o
    0x0801bfd8   0x0000000c   Code   RO         7003    i.HAL_GPIO_WritePin  stm32f7xx_hal_gpio.o
    0x0801bfe4   0x0000000c   Code   RO         6162    i.HAL_GetTick       stm32f7xx_hal.o
    0x0801bff0   0x00000010   Code   RO         6163    i.HAL_IncTick       stm32f7xx_hal.o
    0x0801c000   0x00000028   Code   RO         6164    i.HAL_Init          stm32f7xx_hal.o
    0x0801c028   0x00000028   Code   RO         6165    i.HAL_InitTick      stm32f7xx_hal.o
    0x0801c050   0x00000056   Code   RO         8609    i.HAL_MspInit       stm32f7xx_hal_msp.o
    0x0801c0a6   0x0000001a   Code   RO         5892    i.HAL_NVIC_EnableIRQ  stm32f7xx_hal_cortex.o
    0x0801c0c0   0x0000007c   Code   RO         5898    i.HAL_NVIC_SetPriority  stm32f7xx_hal_cortex.o
    0x0801c13c   0x00000028   Code   RO         5899    i.HAL_NVIC_SetPriorityGrouping  stm32f7xx_hal_cortex.o
    0x0801c164   0x00000090   Code   RO         6754    i.HAL_PWREx_EnableOverDrive  stm32f7xx_hal_pwr_ex.o
    0x0801c1f4   0x00000980   Code   RO         6842    i.HAL_RCCEx_PeriphCLKConfig  stm32f7xx_hal_rcc_ex.o
    0x0801cb74   0x000001b4   Code   RO         7063    i.HAL_RCC_ClockConfig  stm32f7xx_hal_rcc.o
    0x0801cd28   0x0000000c   Code   RO         7068    i.HAL_RCC_GetHCLKFreq  stm32f7xx_hal_rcc.o
    0x0801cd34   0x0000002c   Code   RO         7070    i.HAL_RCC_GetPCLK1Freq  stm32f7xx_hal_rcc.o
    0x0801cd60   0x0000002c   Code   RO         7071    i.HAL_RCC_GetPCLK2Freq  stm32f7xx_hal_rcc.o
    0x0801cd8c   0x000000b4   Code   RO         7072    i.HAL_RCC_GetSysClockFreq  stm32f7xx_hal_rcc.o
    0x0801ce40   0x000000b8   Code   RO         7073    i.HAL_RCC_MCOConfig  stm32f7xx_hal_rcc.o
    0x0801cef8   0x000004f8   Code   RO         7075    i.HAL_RCC_OscConfig  stm32f7xx_hal_rcc.o
    0x0801d3f0   0x00000002   Code   RO         8150    i.HAL_SPI_ErrorCallback  stm32f7xx_hal_spi.o
    0x0801d3f2   0x000000cc   Code   RO         8154    i.HAL_SPI_Init      stm32f7xx_hal_spi.o
    0x0801d4be   0x00000002   PAD
    0x0801d4c0   0x000001e0   Code   RO         8611    i.HAL_SPI_MspInit   stm32f7xx_hal_msp.o
    0x0801d6a0   0x00000144   Code   RO         8158    i.HAL_SPI_Receive_DMA  stm32f7xx_hal_spi.o
    0x0801d7e4   0x000000f4   Code   RO         9318    i.HAL_SPI_RxCpltCallback  spi_adc.o
    0x0801d8d8   0x00000002   Code   RO         8161    i.HAL_SPI_RxHalfCpltCallback  stm32f7xx_hal_spi.o
    0x0801d8da   0x00000002   PAD
    0x0801d8dc   0x00000208   Code   RO         8164    i.HAL_SPI_TransmitReceive_DMA  stm32f7xx_hal_spi.o
    0x0801dae4   0x00000130   Code   RO         8166    i.HAL_SPI_Transmit_DMA  stm32f7xx_hal_spi.o
    0x0801dc14   0x00000014   Code   RO         9513    i.HAL_SPI_TxCpltCallback  discret_out.o
    0x0801dc28   0x00000002   Code   RO         8169    i.HAL_SPI_TxHalfCpltCallback  stm32f7xx_hal_spi.o
    0x0801dc2a   0x00000002   Code   RO         8170    i.HAL_SPI_TxRxCpltCallback  stm32f7xx_hal_spi.o
    0x0801dc2c   0x00000002   Code   RO         8171    i.HAL_SPI_TxRxHalfCpltCallback  stm32f7xx_hal_spi.o
    0x0801dc2e   0x00000028   Code   RO         5901    i.HAL_SYSTICK_CLKSourceConfig  stm32f7xx_hal_cortex.o
    0x0801dc56   0x00000034   Code   RO         5903    i.HAL_SYSTICK_Config  stm32f7xx_hal_cortex.o
    0x0801dc8a   0x00000002   Code   RO         7312    i.HAL_TIMEx_BreakCallback  stm32f7xx_hal_tim_ex.o
    0x0801dc8c   0x00000002   Code   RO         7313    i.HAL_TIMEx_CommutationCallback  stm32f7xx_hal_tim_ex.o
    0x0801dc8e   0x00000002   PAD
    0x0801dc90   0x0000006c   Code   RO         7331    i.HAL_TIMEx_MasterConfigSynchronization  stm32f7xx_hal_tim_ex.o
    0x0801dcfc   0x00000034   Code   RO         5010    i.HAL_TIM_Base_Init  stm32f7xx_hal_tim.o
    0x0801dd30   0x0000019c   Code   RO         8613    i.HAL_TIM_Base_MspInit  stm32f7xx_hal_msp.o
    0x0801decc   0x0000001e   Code   RO         5013    i.HAL_TIM_Base_Start  stm32f7xx_hal_tim.o
    0x0801deea   0x0000001e   Code   RO         5015    i.HAL_TIM_Base_Start_IT  stm32f7xx_hal_tim.o
    0x0801df08   0x00000038   Code   RO         5016    i.HAL_TIM_Base_Stop  stm32f7xx_hal_tim.o
    0x0801df40   0x00000038   Code   RO         5018    i.HAL_TIM_Base_Stop_IT  stm32f7xx_hal_tim.o
    0x0801df78   0x00000138   Code   RO         5019    i.HAL_TIM_ConfigClockSource  stm32f7xx_hal_tim.o
    0x0801e0b0   0x00000002   Code   RO         5039    i.HAL_TIM_IC_CaptureCallback  stm32f7xx_hal_tim.o
    0x0801e0b2   0x000001b8   Code   RO         5052    i.HAL_TIM_IRQHandler  stm32f7xx_hal_tim.o
    0x0801e26a   0x00000002   PAD
    0x0801e26c   0x0000005c   Code   RO         8614    i.HAL_TIM_MspPostInit  stm32f7xx_hal_msp.o
    0x0801e2c8   0x00000002   Code   RO         5055    i.HAL_TIM_OC_DelayElapsedCallback  stm32f7xx_hal_tim.o
    0x0801e2ca   0x0000004c   Code   RO         5069    i.HAL_TIM_OnePulse_Init  stm32f7xx_hal_tim.o
    0x0801e316   0x00000002   Code   RO         5071    i.HAL_TIM_OnePulse_MspInit  stm32f7xx_hal_tim.o
    0x0801e318   0x00000174   Code   RO         7351    i.HAL_TIM_PWM_ConfigChannel  stm32f7xx_hal_tim_ex.o
    0x0801e48c   0x00000034   Code   RO         5079    i.HAL_TIM_PWM_Init  stm32f7xx_hal_tim.o
    0x0801e4c0   0x00000002   Code   RO         5081    i.HAL_TIM_PWM_MspInit  stm32f7xx_hal_tim.o
    0x0801e4c2   0x00000002   Code   RO         5082    i.HAL_TIM_PWM_PulseFinishedCallback  stm32f7xx_hal_tim.o
    0x0801e4c4   0x0000004c   Code   RO         5083    i.HAL_TIM_PWM_Start  stm32f7xx_hal_tim.o
    0x0801e510   0x00000088   Code   RO         5086    i.HAL_TIM_PWM_Stop  stm32f7xx_hal_tim.o
    0x0801e598   0x00000030   Code   RO         8694    i.HAL_TIM_PeriodElapsedCallback  stm32f7xx_it.o
    0x0801e5c8   0x000000d8   Code   RO         5091    i.HAL_TIM_SlaveConfigSynchronization  stm32f7xx_hal_tim.o
    0x0801e6a0   0x00000002   Code   RO         5093    i.HAL_TIM_TriggerCallback  stm32f7xx_hal_tim.o
    0x0801e6a2   0x00000064   Code   RO         7731    i.HAL_UART_DMAStop  stm32f7xx_hal_uart.o
    0x0801e706   0x00000002   Code   RO         7733    i.HAL_UART_ErrorCallback  stm32f7xx_hal_uart.o
    0x0801e708   0x00000160   Code   RO         7736    i.HAL_UART_IRQHandler  stm32f7xx_hal_uart.o
    0x0801e868   0x00000078   Code   RO         7737    i.HAL_UART_Init     stm32f7xx_hal_uart.o
    0x0801e8e0   0x000000f8   Code   RO         8616    i.HAL_UART_MspInit  stm32f7xx_hal_msp.o
    0x0801e9d8   0x000000ac   Code   RO         7741    i.HAL_UART_Receive_DMA  stm32f7xx_hal_uart.o
    0x0801ea84   0x00000002   Code   RO         7743    i.HAL_UART_RxCpltCallback  stm32f7xx_hal_uart.o
    0x0801ea86   0x00000002   Code   RO         7744    i.HAL_UART_RxHalfCpltCallback  stm32f7xx_hal_uart.o
    0x0801ea88   0x000000a0   Code   RO         7746    i.HAL_UART_Transmit_DMA  stm32f7xx_hal_uart.o
    0x0801eb28   0x0000001c   Code   RO        10631    i.HAL_UART_TxCpltCallback  portserial_m.o
    0x0801eb44   0x00000002   Code   RO         7749    i.HAL_UART_TxHalfCpltCallback  stm32f7xx_hal_uart.o
    0x0801eb46   0x00000002   PAD
    0x0801eb48   0x0000009c   Code   RO         9566    i.Jumpers_ReadSettings  jumpers.o
    0x0801ebe4   0x00000090   Code   RO         9685    i.MBMaster_RTU_Init  mbmasterpyro.o
    0x0801ec74   0x00000130   Code   RO         9686    i.MBMaster_RTU_Poll  mbmasterpyro.o
    0x0801eda4   0x00000008   Code   RO         9687    i.MBMaster_RTU_Task  mbmasterpyro.o
    0x0801edac   0x00000034   Code   RO         9688    i.MBMaster_RTU_WriteRegs  mbmasterpyro.o
    0x0801ede0   0x00000070   Code   RO         9145    i.MB_TCP_Init       mbinit.o
    0x0801ee50   0x0000000e   Code   RO         9146    i.MB_TCP_Task       mbinit.o
    0x0801ee5e   0x00000002   PAD
    0x0801ee60   0x00000038   Code   RO         8824    i.MX_DCMI_Init      main.o
    0x0801ee98   0x000000a0   Code   RO         8825    i.MX_DMA_Init       main.o
    0x0801ef38   0x0000030c   Code   RO         8826    i.MX_GPIO_Init      main.o
    0x0801f244   0x00000138   Code   RO         8982    i.MX_LWIP_Init      lwip.o
    0x0801f37c   0x00000054   Code   RO         8827    i.MX_SPI3_Init      main.o
    0x0801f3d0   0x00000050   Code   RO         8828    i.MX_SPI5_Init      main.o
    0x0801f420   0x00000054   Code   RO         8829    i.MX_SPI6_Init      main.o
    0x0801f474   0x00000090   Code   RO         8830    i.MX_TIM2_Init      main.o
    0x0801f504   0x000000c0   Code   RO         8831    i.MX_TIM3_Init      main.o
    0x0801f5c4   0x00000068   Code   RO         8832    i.MX_TIM4_Init      main.o
    0x0801f62c   0x00000060   Code   RO         8833    i.MX_TIM5_Init      main.o
    0x0801f68c   0x00000044   Code   RO         8834    i.MX_TIM6_Init      main.o
    0x0801f6d0   0x00000050   Code   RO         8835    i.MX_TIM9_Init      main.o
    0x0801f720   0x00000044   Code   RO         8836    i.MX_USART1_UART_Init  main.o
    0x0801f764   0x00000010   Code   RO         5905    i.NVIC_GetPriorityGrouping  stm32f7xx_hal_cortex.o
    0x0801f774   0x00000028   Code   RO         5906    i.NVIC_SetPriority  stm32f7xx_hal_cortex.o
    0x0801f79c   0x00000026   Code   RO         9769    i.ReverseBytes_UINT64  utilities.o
    0x0801f7c2   0x00000002   PAD
    0x0801f7c4   0x00000018   Code   RO         9319    i.SPI_ADC_ResetIndex  spi_adc.o
    0x0801f7dc   0x00000044   Code   RO         9320    i.SPI_ADC_TimerCallback  spi_adc.o
    0x0801f820   0x00000028   Code   RO         8182    i.SPI_DMAError      stm32f7xx_hal_spi.o
    0x0801f848   0x0000000e   Code   RO         8183    i.SPI_DMAHalfReceiveCplt  stm32f7xx_hal_spi.o
    0x0801f856   0x0000000e   Code   RO         8184    i.SPI_DMAHalfTransmitCplt  stm32f7xx_hal_spi.o
    0x0801f864   0x0000000e   Code   RO         8185    i.SPI_DMAHalfTransmitReceiveCplt  stm32f7xx_hal_spi.o
    0x0801f872   0x00000066   Code   RO         8186    i.SPI_DMAReceiveCplt  stm32f7xx_hal_spi.o
    0x0801f8d8   0x00000082   Code   RO         8188    i.SPI_DMATransmitCplt  stm32f7xx_hal_spi.o
    0x0801f95a   0x0000006c   Code   RO         8189    i.SPI_DMATransmitReceiveCplt  stm32f7xx_hal_spi.o
    0x0801f9c6   0x00000082   Code   RO         8191    i.SPI_EndRxTransaction  stm32f7xx_hal_spi.o
    0x0801fa48   0x00000064   Code   RO         8192    i.SPI_EndRxTxTransaction  stm32f7xx_hal_spi.o
    0x0801faac   0x000000b2   Code   RO         8197    i.SPI_WaitFifoStateUntilTimeout  stm32f7xx_hal_spi.o
    0x0801fb5e   0x000000a0   Code   RO         8198    i.SPI_WaitFlagStateUntilTimeout  stm32f7xx_hal_spi.o
    0x0801fbfe   0x00000002   PAD
    0x0801fc00   0x00000030   Code   RO         9447    i.StartConfigInfoWrite  cfg_info.o
    0x0801fc30   0x0000001c   Code   RO         8837    i.StartDefaultTask  main.o
    0x0801fc4c   0x0000000c   Code   RO         8695    i.SysTick_Handler   stm32f7xx_it.o
    0x0801fc58   0x000000e8   Code   RO         8839    i.SystemClock_Config  main.o
    0x0801fd40   0x00000064   Code   RO         8471    i.SystemInit        system_stm32f7xx.o
    0x0801fda4   0x00000030   Code   RO         9734    i.SystemReset_Start  system_reset.o
    0x0801fdd4   0x0000004c   Code   RO         9735    i.SystemReset_Task  system_reset.o
    0x0801fe20   0x00000010   Code   RO         8696    i.TIM1_BRK_TIM9_IRQHandler  stm32f7xx_it.o
    0x0801fe30   0x00000010   Code   RO         8697    i.TIM6_DAC_IRQHandler  stm32f7xx_it.o
    0x0801fe40   0x000000f0   Code   RO         5094    i.TIM_Base_SetConfig  stm32f7xx_hal_tim.o
    0x0801ff30   0x0000001c   Code   RO         5095    i.TIM_CCxChannelCmd  stm32f7xx_hal_tim.o
    0x0801ff4c   0x00000018   Code   RO         5101    i.TIM_ETR_SetConfig  stm32f7xx_hal_tim.o
    0x0801ff64   0x00000014   Code   RO         5102    i.TIM_ITRx_SetConfig  stm32f7xx_hal_tim.o
    0x0801ff78   0x00000074   Code   RO         5103    i.TIM_OC1_SetConfig  stm32f7xx_hal_tim.o
    0x0801ffec   0x0000007c   Code   RO         5104    i.TIM_OC2_SetConfig  stm32f7xx_hal_tim.o
    0x08020068   0x0000007c   Code   RO         5105    i.TIM_OC3_SetConfig  stm32f7xx_hal_tim.o
    0x080200e4   0x00000064   Code   RO         5106    i.TIM_OC4_SetConfig  stm32f7xx_hal_tim.o
    0x08020148   0x00000058   Code   RO         7354    i.TIM_OC5_SetConfig  stm32f7xx_hal_tim_ex.o
    0x080201a0   0x00000058   Code   RO         7355    i.TIM_OC6_SetConfig  stm32f7xx_hal_tim_ex.o
    0x080201f8   0x0000002a   Code   RO         5108    i.TIM_TI1_ConfigInputStage  stm32f7xx_hal_tim.o
    0x08020222   0x0000002c   Code   RO         5110    i.TIM_TI2_ConfigInputStage  stm32f7xx_hal_tim.o
    0x0802024e   0x000000ea   Code   RO         7750    i.UART_AdvFeatureConfig  stm32f7xx_hal_uart.o
    0x08020338   0x0000004e   Code   RO         7751    i.UART_CheckIdleState  stm32f7xx_hal_uart.o
    0x08020386   0x00000018   Code   RO         7752    i.UART_DMAAbortOnError  stm32f7xx_hal_uart.o
    0x0802039e   0x0000004e   Code   RO         7753    i.UART_DMAError     stm32f7xx_hal_uart.o
    0x080203ec   0x00000048   Code   RO         7754    i.UART_DMAReceiveCplt  stm32f7xx_hal_uart.o
    0x08020434   0x0000000e   Code   RO         7755    i.UART_DMARxHalfCplt  stm32f7xx_hal_uart.o
    0x08020442   0x00000038   Code   RO         7756    i.UART_DMATransmitCplt  stm32f7xx_hal_uart.o
    0x0802047a   0x0000000e   Code   RO         7757    i.UART_DMATxHalfCplt  stm32f7xx_hal_uart.o
    0x08020488   0x00000020   Code   RO         7758    i.UART_EndRxTransfer  stm32f7xx_hal_uart.o
    0x080204a8   0x00000020   Code   RO         7759    i.UART_EndTransmit_IT  stm32f7xx_hal_uart.o
    0x080204c8   0x00000014   Code   RO         7760    i.UART_EndTxTransfer  stm32f7xx_hal_uart.o
    0x080204dc   0x00000040   Code   RO        10632    i.UART_IRQ_Handler  portserial_m.o
    0x0802051c   0x00000088   Code   RO         7761    i.UART_Receive_IT   stm32f7xx_hal_uart.o
    0x080205a4   0x0000038c   Code   RO         7762    i.UART_SetConfig    stm32f7xx_hal_uart.o
    0x08020930   0x0000006a   Code   RO         7763    i.UART_Transmit_IT  stm32f7xx_hal_uart.o
    0x0802099a   0x0000006c   Code   RO         7764    i.UART_WaitOnFlagUntilTimeout  stm32f7xx_hal_uart.o
    0x08020a06   0x00000002   PAD
    0x08020a08   0x00000054   Code   RO         9192    i.UDP_DestAddr_Reinit  udp_send.o
    0x08020a5c   0x0000008c   Code   RO         9193    i.UDP_SendBaseBuf   udp_send.o
    0x08020ae8   0x000000a4   Code   RO         9194    i.UDP_SendPyroBuf   udp_send.o
    0x08020b8c   0x000000a0   Code   RO         9195    i.UDP_Send_Init     udp_send.o
    0x08020c2c   0x00000034   Code   RO         9196    i.UDP_Send_Task     udp_send.o
    0x08020c60   0x00000018   Code   RO         9770    i.UINT16_Buf_To_Float  utilities.o
    0x08020c78   0x00000024   Code   RO         9771    i.UINT16_Buf_To_UINT64  utilities.o
    0x08020c9c   0x00000020   Code   RO         9772    i.UINT64_To_UINT16_Buf  utilities.o
    0x08020cbc   0x00000020   Code   RO         8698    i.USART1_IRQHandler  stm32f7xx_it.o
    0x08020cdc   0x00000020   Code   RO        11140    i.__0printf         mc_w.l(printfa.o)
    0x08020cfc   0x0000000e   Code   RO        11210    i.__scatterload_copy  mc_w.l(handlers.o)
    0x08020d0a   0x00000002   Code   RO        11211    i.__scatterload_null  mc_w.l(handlers.o)
    0x08020d0c   0x0000000e   Code   RO        11212    i.__scatterload_zeroinit  mc_w.l(handlers.o)
    0x08020d1a   0x00000002   PAD
    0x08020d1c   0x00000164   Code   RO        11147    i._fp_digits        mc_w.l(printfa.o)
    0x08020e80   0x000006dc   Code   RO        11148    i._printf_core      mc_w.l(printfa.o)
    0x0802155c   0x00000024   Code   RO        11149    i._printf_post_padding  mc_w.l(printfa.o)
    0x08021580   0x0000002e   Code   RO        11150    i._printf_pre_padding  mc_w.l(printfa.o)
    0x080215ae   0x00000002   PAD
    0x080215b0   0x000000f0   Code   RO         1672    i.accept_function   api_msg.o
    0x080216a0   0x000000b0   Code   RO         2869    i.alloc_socket      sockets.o
    0x08021750   0x0000001c   Code   RO         4872    i.cyclic_timer      timeouts.o
    0x0802176c   0x00000028   Code   RO         3744    i.do_memp_free_pool  memp.o
    0x08021794   0x0000002e   Code   RO         3745    i.do_memp_malloc_pool  memp.o
    0x080217c2   0x00000002   PAD
    0x080217c4   0x00000028   Code   RO         9818    i.eMBEnable         mb.o
    0x080217ec   0x000000ae   Code   RO        10116    i.eMBFuncReadCoils  mbfunccoils.o
    0x0802189a   0x000000ac   Code   RO        10155    i.eMBFuncReadDiscreteInputs  mbfuncdisc.o
    0x08021946   0x0000008c   Code   RO        10179    i.eMBFuncReadHoldingRegister  mbfuncholding.o
    0x080219d2   0x0000008c   Code   RO        10221    i.eMBFuncReadInputRegister  mbfuncinput.o
    0x08021a5e   0x000000d4   Code   RO        10180    i.eMBFuncReadWriteMultipleHoldingRegister  mbfuncholding.o
    0x08021b32   0x00000002   PAD
    0x08021b34   0x00000028   Code   RO        10245    i.eMBFuncReportSlaveID  mbfuncother.o
    0x08021b5c   0x00000070   Code   RO        10117    i.eMBFuncWriteCoil  mbfunccoils.o
    0x08021bcc   0x00000042   Code   RO        10181    i.eMBFuncWriteHoldingRegister  mbfuncholding.o
    0x08021c0e   0x00000090   Code   RO        10118    i.eMBFuncWriteMultipleCoils  mbfunccoils.o
    0x08021c9e   0x0000006e   Code   RO        10182    i.eMBFuncWriteMultipleHoldingRegister  mbfuncholding.o
    0x08021d0c   0x00000028   Code   RO        10316    i.eMBMasterEnable   mb_m.o
    0x08021d34   0x00000098   Code   RO        10713    i.eMBMasterFuncReadCoils  mbfunccoils_m.o
    0x08021dcc   0x00000096   Code   RO        10767    i.eMBMasterFuncReadDiscreteInputs  mbfuncdisc_m.o
    0x08021e62   0x00000074   Code   RO        10797    i.eMBMasterFuncReadHoldingRegister  mbfuncholding_m.o
    0x08021ed6   0x00000072   Code   RO        10863    i.eMBMasterFuncReadInputRegister  mbfuncinput_m.o
    0x08021f48   0x000000a4   Code   RO        10798    i.eMBMasterFuncReadWriteMultipleHoldingRegister  mbfuncholding_m.o
    0x08021fec   0x00000070   Code   RO        10714    i.eMBMasterFuncWriteCoil  mbfunccoils_m.o
    0x0802205c   0x00000042   Code   RO        10799    i.eMBMasterFuncWriteHoldingRegister  mbfuncholding_m.o
    0x0802209e   0x00000096   Code   RO        10715    i.eMBMasterFuncWriteMultipleCoils  mbfunccoils_m.o
    0x08022134   0x00000072   Code   RO        10800    i.eMBMasterFuncWriteMultipleHoldingRegister  mbfuncholding_m.o
    0x080221a6   0x00000002   PAD
    0x080221a8   0x0000000c   Code   RO        10317    i.eMBMasterGetErrorType  mb_m.o
    0x080221b4   0x000000bc   Code   RO        10318    i.eMBMasterInit     mb_m.o
    0x08022270   0x000001fc   Code   RO        10319    i.eMBMasterPoll     mb_m.o
    0x0802246c   0x00000034   Code   RO        10431    i.eMBMasterRTUInit  mbrtu_m.o
    0x080224a0   0x00000048   Code   RO        10432    i.eMBMasterRTUReceive  mbrtu_m.o
    0x080224e8   0x0000008c   Code   RO        10433    i.eMBMasterRTUSend  mbrtu_m.o
    0x08022574   0x00000002   Code   RO        10434    i.eMBMasterRTUStart  mbrtu_m.o
    0x08022576   0x00000008   Code   RO        10435    i.eMBMasterRTUStop  mbrtu_m.o
    0x0802257e   0x00000002   PAD
    0x08022580   0x00000138   Code   RO         9596    i.eMBMasterRegCoilsCB  mb_master_user.o
    0x080226b8   0x000000cc   Code   RO         9597    i.eMBMasterRegDiscreteCB  mb_master_user.o
    0x08022784   0x000000b8   Code   RO         9598    i.eMBMasterRegHoldingCB  mb_master_user.o
    0x0802283c   0x0000007c   Code   RO         9599    i.eMBMasterRegInputCB  mb_master_user.o
    0x080228b8   0x00000066   Code   RO        10801    i.eMBMasterReqReadHoldingRegister  mbfuncholding_m.o
    0x0802291e   0x00000066   Code   RO        10864    i.eMBMasterReqReadInputRegister  mbfuncinput_m.o
    0x08022984   0x00000066   Code   RO        10803    i.eMBMasterReqWriteHoldingRegister  mbfuncholding_m.o
    0x080229ea   0x000000a8   Code   RO        10804    i.eMBMasterReqWriteMultipleHoldingRegister  mbfuncholding_m.o
    0x08022a92   0x00000002   PAD
    0x08022a94   0x00000058   Code   RO        10540    i.eMBMasterWaitRequestFinish  portevent_m.o
    0x08022aec   0x00000104   Code   RO         9820    i.eMBPoll           mb.o
    0x08022bf0   0x00000008   Code   RO         9064    i.eMBRegCoilsCB     mbfunc.o
    0x08022bf8   0x00000006   Code   RO         9065    i.eMBRegDiscreteCB  mbfunc.o
    0x08022bfe   0x00000002   PAD
    0x08022c00   0x00000d88   Code   RO         9066    i.eMBRegHoldingCB   mbfunc.o
    0x08023988   0x000001b4   Code   RO         9067    i.eMBRegInputCB     mbfunc.o
    0x08023b3c   0x00000018   Code   RO         9882    i.eMBTCPDoInit      mbtcp.o
    0x08023b54   0x00000084   Code   RO         9822    i.eMBTCPInit        mb.o
    0x08023bd8   0x0000004c   Code   RO         9883    i.eMBTCPReceive     mbtcp.o
    0x08023c24   0x00000038   Code   RO         9884    i.eMBTCPSend        mbtcp.o
    0x08023c5c   0x00000002   Code   RO         9885    i.eMBTCPStart       mbtcp.o
    0x08023c5e   0x0000000c   Code   RO         9886    i.eMBTCPStop        mbtcp.o
    0x08023c6a   0x00000116   Code   RO         1673    i.err_tcp           api_msg.o
    0x08023d80   0x00000020   Code   RO         1597    i.err_to_errno      err.o
    0x08023da0   0x00000038   Code   RO         4773    i.etharp_cleanup_netif  etharp.o
    0x08023dd8   0x00000160   Code   RO         4775    i.etharp_find_entry  etharp.o
    0x08023f38   0x00000040   Code   RO         4776    i.etharp_free_entry  etharp.o
    0x08023f78   0x000000d6   Code   RO         4778    i.etharp_input      etharp.o
    0x0802404e   0x00000002   PAD
    0x08024050   0x00000134   Code   RO         4779    i.etharp_output     etharp.o
    0x08024184   0x000000b8   Code   RO         4780    i.etharp_output_to_arp_index  etharp.o
    0x0802423c   0x00000174   Code   RO         4781    i.etharp_query      etharp.o
    0x080243b0   0x00000098   Code   RO         4782    i.etharp_raw        etharp.o
    0x08024448   0x00000018   Code   RO         4783    i.etharp_request    etharp.o
    0x08024460   0x0000002c   Code   RO         4784    i.etharp_request_dst  etharp.o
    0x0802448c   0x000000dc   Code   RO         4785    i.etharp_tmr        etharp.o
    0x08024568   0x000000c0   Code   RO         4786    i.etharp_update_arp_entry  etharp.o
    0x08024628   0x000000c8   Code   RO         4656    i.ethernet_input    ethernet.o
    0x080246f0   0x00000056   Code   RO         4657    i.ethernet_output   ethernet.o
    0x08024746   0x00000002   PAD
    0x08024748   0x00000030   Code   RO         8510    i.ethernetif_init   ethernetif.o
    0x08024778   0x0000003c   Code   RO         8511    i.ethernetif_input  ethernetif.o
    0x080247b4   0x000001a8   Code   RO         2870    i.event_callback    sockets.o
    0x0802495c   0x00000038   Code   RO         8840    i.fputc             main.o
    0x08024994   0x0000003c   Code   RO         2871    i.free_socket       sockets.o
    0x080249d0   0x00000044   Code   RO         2872    i.get_socket        sockets.o
    0x08024a14   0x00000012   Code   RO         2077    i.icmp_dest_unreach  icmp.o
    0x08024a26   0x00000002   PAD
    0x08024a28   0x00000178   Code   RO         2078    i.icmp_input        icmp.o
    0x08024ba0   0x00000074   Code   RO         2079    i.icmp_send_response  icmp.o
    0x08024c14   0x00000012   Code   RO         2080    i.icmp_time_exceeded  icmp.o
    0x08024c26   0x00000010   Code   RO          541    i.inHandlerMode     cmsis_os.o
    0x08024c36   0x0000004e   Code   RO         3329    i.ip4_addr_isbroadcast_u32  ip4_addr.o
    0x08024c84   0x000001c0   Code   RO         4695    i.ip4_frag          ip4_frag.o
    0x08024e44   0x000001c0   Code   RO         3132    i.ip4_input         ip4.o
    0x08025004   0x00000036   Code   RO         3134    i.ip4_output_if     ip4.o
    0x0802503a   0x00000002   PAD
    0x0802503c   0x000000c8   Code   RO         3135    i.ip4_output_if_src  ip4.o
    0x08025104   0x000001a0   Code   RO         4696    i.ip4_reass         ip4_frag.o
    0x080252a4   0x00000090   Code   RO         3136    i.ip4_route         ip4.o
    0x08025334   0x0000000a   Code   RO         4697    i.ip_frag_alloc_pbuf_custom_ref  ip4_frag.o
    0x0802533e   0x00000012   Code   RO         4698    i.ip_frag_free_pbuf_custom_ref  ip4_frag.o
    0x08025350   0x0000016c   Code   RO         4699    i.ip_reass_chain_frag_into_datagram_and_validate  ip4_frag.o
    0x080254bc   0x0000002c   Code   RO         4700    i.ip_reass_dequeue_datagram  ip4_frag.o
    0x080254e8   0x00000054   Code   RO         4701    i.ip_reass_enqueue_new_datagram  ip4_frag.o
    0x0802553c   0x000000a0   Code   RO         4702    i.ip_reass_free_complete_datagram  ip4_frag.o
    0x080255dc   0x00000088   Code   RO         4703    i.ip_reass_remove_oldest_datagram  ip4_frag.o
    0x08025664   0x00000034   Code   RO         4704    i.ip_reass_tmr      ip4_frag.o
    0x08025698   0x00000020   Code   RO         4705    i.ipfrag_free_pbuf_custom  ip4_frag.o
    0x080256b8   0x00000194   Code   RO         8512    i.low_level_init    ethernetif.o
    0x0802584c   0x00000104   Code   RO         8513    i.low_level_input   ethernetif.o
    0x08025950   0x000000e8   Code   RO         8514    i.low_level_output  ethernetif.o
    0x08025a38   0x000001c8   Code   RO         2873    i.lwip_accept       sockets.o
    0x08025c00   0x000000a4   Code   RO         2874    i.lwip_bind         sockets.o
    0x08025ca4   0x00000078   Code   RO         2875    i.lwip_close        sockets.o
    0x08025d1c   0x0000001a   Code   RO         4199    i.lwip_htonl        def.o
    0x08025d36   0x0000000c   Code   RO         4200    i.lwip_htons        def.o
    0x08025d42   0x00000024   Code   RO         4329    i.lwip_init         init.o
    0x08025d66   0x00000002   PAD
    0x08025d68   0x0000009c   Code   RO         2884    i.lwip_listen       sockets.o
    0x08025e04   0x00000086   Code   RO         1674    i.lwip_netconn_do_bind  api_msg.o
    0x08025e8a   0x00000002   PAD
    0x08025e8c   0x000000bc   Code   RO         1675    i.lwip_netconn_do_close  api_msg.o
    0x08025f48   0x000001c8   Code   RO         1676    i.lwip_netconn_do_close_internal  api_msg.o
    0x08026110   0x0000010c   Code   RO         1679    i.lwip_netconn_do_delconn  api_msg.o
    0x0802621c   0x000000d4   Code   RO         1681    i.lwip_netconn_do_getaddr  api_msg.o
    0x080262f0   0x0000010c   Code   RO         1682    i.lwip_netconn_do_listen  api_msg.o
    0x080263fc   0x00000040   Code   RO         1683    i.lwip_netconn_do_newconn  api_msg.o
    0x0802643c   0x00000070   Code   RO         1684    i.lwip_netconn_do_recv  api_msg.o
    0x080264ac   0x0000008c   Code   RO         1685    i.lwip_netconn_do_send  api_msg.o
    0x08026538   0x000000b8   Code   RO         1686    i.lwip_netconn_do_write  api_msg.o
    0x080265f0   0x000001b2   Code   RO         1687    i.lwip_netconn_do_writemore  api_msg.o
    0x080267a2   0x00000022   Code   RO         2886    i.lwip_recv         sockets.o
    0x080267c4   0x00000264   Code   RO         2887    i.lwip_recvfrom     sockets.o
    0x08026a28   0x0000037c   Code   RO         2888    i.lwip_select       sockets.o
    0x08026da4   0x00000274   Code   RO         2889    i.lwip_selscan      sockets.o
    0x08027018   0x0000009c   Code   RO         2890    i.lwip_send         sockets.o
    0x080270b4   0x000000fc   Code   RO         2892    i.lwip_sendto       sockets.o
    0x080271b0   0x000000a8   Code   RO         2896    i.lwip_socket       sockets.o
    0x08027258   0x000000f8   Code   RO         8841    i.main              main.o
    0x08027350   0x0000000e   Code   RO          543    i.makeFreeRtosPriority  cmsis_os.o
    0x0802735e   0x00000002   PAD
    0x08027360   0x0000006c   Code   RO         2355    i.mem_free          mem.o
    0x080273cc   0x0000006c   Code   RO         2356    i.mem_init          mem.o
    0x08027438   0x0000010c   Code   RO         2357    i.mem_malloc        mem.o
    0x08027544   0x00000124   Code   RO         2358    i.mem_trim          mem.o
    0x08027668   0x00000028   Code   RO         3746    i.memp_free         memp.o
    0x08027690   0x00000020   Code   RO         3748    i.memp_init         memp.o
    0x080276b0   0x0000002c   Code   RO         3749    i.memp_init_pool    memp.o
    0x080276dc   0x00000024   Code   RO         3750    i.memp_malloc       memp.o
    0x08027700   0x00000020   Code   RO         4257    i.netbuf_delete     netbuf.o
    0x08027720   0x00000020   Code   RO         4259    i.netbuf_free       netbuf.o
    0x08027740   0x0000004a   Code   RO         4262    i.netbuf_ref        netbuf.o
    0x0802778a   0x00000002   PAD
    0x0802778c   0x000000a4   Code   RO         1222    i.netconn_accept    api_lib.o
    0x08027830   0x0000008a   Code   RO         1688    i.netconn_alloc     api_msg.o
    0x080278ba   0x00000022   Code   RO         1223    i.netconn_apimsg    api_lib.o
    0x080278dc   0x0000003c   Code   RO         1224    i.netconn_bind      api_lib.o
    0x08027918   0x00000034   Code   RO         1226    i.netconn_close_shutdown  api_lib.o
    0x0802794c   0x00000034   Code   RO         1228    i.netconn_delete    api_lib.o
    0x08027980   0x000000b4   Code   RO         1689    i.netconn_drain     api_msg.o
    0x08027a34   0x0000003a   Code   RO         1690    i.netconn_free      api_msg.o
    0x08027a6e   0x00000002   PAD
    0x08027a70   0x00000054   Code   RO         1230    i.netconn_getaddr   api_lib.o
    0x08027ac4   0x0000002c   Code   RO         1231    i.netconn_listen_with_backlog  api_lib.o
    0x08027af0   0x00000084   Code   RO         1232    i.netconn_new_with_proto_and_callback  api_lib.o
    0x08027b74   0x0000007a   Code   RO         1233    i.netconn_recv      api_lib.o
    0x08027bee   0x00000002   PAD
    0x08027bf0   0x00000104   Code   RO         1234    i.netconn_recv_data  api_lib.o
    0x08027cf4   0x00000026   Code   RO         1235    i.netconn_recv_tcp_pbuf  api_lib.o
    0x08027d1a   0x00000002   PAD
    0x08027d1c   0x0000002c   Code   RO         1236    i.netconn_send      api_lib.o
    0x08027d48   0x00000094   Code   RO         1239    i.netconn_write_partly  api_lib.o
    0x08027ddc   0x00000074   Code   RO         4359    i.netif_add         netif.o
    0x08027e50   0x00000002   Code   RO         4361    i.netif_init        netif.o
    0x08027e52   0x00000024   Code   RO         4363    i.netif_issue_reports  netif.o
    0x08027e76   0x00000048   Code   RO         4365    i.netif_set_addr    netif.o
    0x08027ebe   0x00000002   PAD
    0x08027ec0   0x0000000c   Code   RO         4366    i.netif_set_default  netif.o
    0x08027ecc   0x0000002a   Code   RO         4367    i.netif_set_down    netif.o
    0x08027ef6   0x0000000c   Code   RO         4368    i.netif_set_gw      netif.o
    0x08027f02   0x00000002   PAD
    0x08027f04   0x0000004c   Code   RO         4369    i.netif_set_ipaddr  netif.o
    0x08027f50   0x0000000c   Code   RO         4372    i.netif_set_netmask  netif.o
    0x08027f5c   0x0000002c   Code   RO         4373    i.netif_set_up      netif.o
    0x08027f88   0x0000000a   Code   RO          548    i.osKernelStart     cmsis_os.o
    0x08027f92   0x00000014   Code   RO          549    i.osKernelSysTick   cmsis_os.o
    0x08027fa6   0x00000012   Code   RO          557    i.osMessageCreate   cmsis_os.o
    0x08027fb8   0x00000018   Code   RO          558    i.osMessageDelete   cmsis_os.o
    0x08027fd0   0x0000009c   Code   RO          559    i.osMessageGet      cmsis_os.o
    0x0802806c   0x00000060   Code   RO          561    i.osMessagePut      cmsis_os.o
    0x080280cc   0x0000001a   Code   RO          562    i.osMessageWaiting  cmsis_os.o
    0x080280e6   0x0000000c   Code   RO          563    i.osMutexCreate     cmsis_os.o
    0x080280f2   0x00000002   PAD
    0x080280f4   0x00000050   Code   RO          565    i.osMutexRelease    cmsis_os.o
    0x08028144   0x0000006c   Code   RO          566    i.osMutexWait       cmsis_os.o
    0x080281b0   0x0000002c   Code   RO          574    i.osSemaphoreCreate  cmsis_os.o
    0x080281dc   0x00000018   Code   RO          575    i.osSemaphoreDelete  cmsis_os.o
    0x080281f4   0x00000050   Code   RO          577    i.osSemaphoreRelease  cmsis_os.o
    0x08028244   0x0000006c   Code   RO          578    i.osSemaphoreWait   cmsis_os.o
    0x080282b0   0x00000010   Code   RO          581    i.osSystickHandler  cmsis_os.o
    0x080282c0   0x00000030   Code   RO          582    i.osThreadCreate    cmsis_os.o
    0x080282f0   0x0000019c   Code   RO         3961    i.pbuf_alloc        pbuf.o
    0x0802848c   0x0000006e   Code   RO         3962    i.pbuf_alloced_custom  pbuf.o
    0x080284fa   0x00000038   Code   RO         3963    i.pbuf_cat          pbuf.o
    0x08028532   0x00000016   Code   RO         3964    i.pbuf_chain        pbuf.o
    0x08028548   0x00000012   Code   RO         3965    i.pbuf_clen         pbuf.o
    0x0802855a   0x000000c0   Code   RO         3967    i.pbuf_copy         pbuf.o
    0x0802861a   0x00000092   Code   RO         3968    i.pbuf_copy_partial  pbuf.o
    0x080286ac   0x00000092   Code   RO         3970    i.pbuf_free         pbuf.o
    0x0802873e   0x00000002   PAD
    0x08028740   0x00000040   Code   RO         3971    i.pbuf_free_ooseq   pbuf.o
    0x08028780   0x0000000a   Code   RO         3972    i.pbuf_free_ooseq_callback  pbuf.o
    0x0802878a   0x00000012   Code   RO         3974    i.pbuf_header       pbuf.o
    0x0802879c   0x00000012   Code   RO         3975    i.pbuf_header_force  pbuf.o
    0x080287ae   0x0000008e   Code   RO         3976    i.pbuf_header_impl  pbuf.o
    0x0802883c   0x00000048   Code   RO         3979    i.pbuf_pool_is_empty  pbuf.o
    0x08028884   0x00000080   Code   RO         3981    i.pbuf_realloc      pbuf.o
    0x08028904   0x0000001e   Code   RO         3982    i.pbuf_ref          pbuf.o
    0x08028922   0x00000002   PAD
    0x08028924   0x00000074   Code   RO         1691    i.pcb_new           api_msg.o
    0x08028998   0x00000088   Code   RO         2359    i.plug_holes        mem.o
    0x08028a20   0x0000007e   Code   RO         1692    i.poll_tcp          api_msg.o
    0x08028a9e   0x00000002   PAD
    0x08028aa0   0x00000098   Code   RO          122    i.prvAddCurrentTaskToDelayedList  tasks.o
    0x08028b38   0x000000b8   Code   RO          123    i.prvAddNewTaskToReadyList  tasks.o
    0x08028bf0   0x00000064   Code   RO          124    i.prvCheckTasksWaitingTermination  tasks.o
    0x08028c54   0x0000002a   Code   RO          971    i.prvCopyDataFromQueue  queue.o
    0x08028c7e   0x0000007c   Code   RO          972    i.prvCopyDataToQueue  queue.o
    0x08028cfa   0x00000012   Code   RO          125    i.prvDeleteTCB      tasks.o
    0x08028d0c   0x0000007c   Code   RO         1158    i.prvHeapInit       heap_4.o
    0x08028d88   0x00000028   Code   RO          126    i.prvIdleTask       tasks.o
    0x08028db0   0x0000001c   Code   RO          973    i.prvInitialiseMutex  queue.o
    0x08028dcc   0x0000002a   Code   RO          974    i.prvInitialiseNewQueue  queue.o
    0x08028df6   0x000000b8   Code   RO          127    i.prvInitialiseNewTask  tasks.o
    0x08028eae   0x00000002   PAD
    0x08028eb0   0x00000068   Code   RO          128    i.prvInitialiseTaskLists  tasks.o
    0x08028f18   0x00000068   Code   RO         1159    i.prvInsertBlockIntoFreeList  heap_4.o
    0x08028f80   0x0000001a   Code   RO          975    i.prvIsQueueEmpty   queue.o
    0x08028f9a   0x0000001e   Code   RO          976    i.prvIsQueueFull    queue.o
    0x08028fb8   0x00000034   Code   RO          130    i.prvResetNextTaskUnblockTime  tasks.o
    0x08028fec   0x00000048   Code   RO          456    i.prvTaskExitError  port.o
    0x08029034   0x0000007e   Code   RO          977    i.prvUnlockQueue    queue.o
    0x080290b2   0x00000002   PAD
    0x080290b4   0x0000003c   Code   RO        10034    i.prvbMBPortAcceptClient  porttcp.o
    0x080290f0   0x00000022   Code   RO        10278    i.prveMBError2Exception  mbutils.o
    0x08029112   0x00000012   Code   RO        10035    i.prvvMBPortReleaseClient  porttcp.o
    0x08029124   0x00000148   Code   RO         1160    i.pvPortMalloc      heap_4.o
    0x0802926c   0x00000020   Code   RO          133    i.pvTaskIncrementMutexHeldCount  tasks.o
    0x0802928c   0x0000002c   Code   RO          457    i.pxPortInitialiseStack  port.o
    0x080292b8   0x00000094   Code   RO         1693    i.recv_tcp          api_msg.o
    0x0802934c   0x00000082   Code   RO         1694    i.recv_udp          api_msg.o
    0x080293ce   0x00000068   Code   RO         1695    i.sent_tcp          api_msg.o
    0x08029436   0x00000002   PAD
    0x08029438   0x00000044   Code   RO         1696    i.setup_tcp         api_msg.o
    0x0802947c   0x0000005e   Code   RO         2136    i.sys_arch_mbox_fetch  sys_arch.o
    0x080294da   0x00000030   Code   RO         2137    i.sys_arch_mbox_tryfetch  sys_arch.o
    0x0802950a   0x00000002   PAD
    0x0802950c   0x00000018   Code   RO         2138    i.sys_arch_protect  sys_arch.o
    0x08029524   0x0000003e   Code   RO         2139    i.sys_arch_sem_wait  sys_arch.o
    0x08029562   0x00000002   PAD
    0x08029564   0x00000014   Code   RO         2140    i.sys_arch_unprotect  sys_arch.o
    0x08029578   0x0000007c   Code   RO         4873    i.sys_check_timeouts  timeouts.o
    0x080295f4   0x00000018   Code   RO         2141    i.sys_init          sys_arch.o
    0x0802960c   0x00000012   Code   RO         2142    i.sys_mbox_free     sys_arch.o
    0x0802961e   0x00000002   PAD
    0x08029620   0x0000002c   Code   RO         2143    i.sys_mbox_new      sys_arch.o
    0x0802964c   0x0000001a   Code   RO         2144    i.sys_mbox_post     sys_arch.o
    0x08029666   0x00000006   Code   RO         2145    i.sys_mbox_set_invalid  sys_arch.o
    0x0802966c   0x0000001e   Code   RO         2146    i.sys_mbox_trypost  sys_arch.o
    0x0802968a   0x0000000e   Code   RO         2147    i.sys_mbox_valid    sys_arch.o
    0x08029698   0x00000010   Code   RO         2149    i.sys_mutex_lock    sys_arch.o
    0x080296a8   0x0000001e   Code   RO         2150    i.sys_mutex_new     sys_arch.o
    0x080296c6   0x0000000c   Code   RO         2151    i.sys_mutex_unlock  sys_arch.o
    0x080296d2   0x00000008   Code   RO         8516    i.sys_now           ethernetif.o
    0x080296da   0x0000000c   Code   RO         2152    i.sys_sem_free      sys_arch.o
    0x080296e6   0x0000002c   Code   RO         2153    i.sys_sem_new       sys_arch.o
    0x08029712   0x00000006   Code   RO         2154    i.sys_sem_set_invalid  sys_arch.o
    0x08029718   0x0000000c   Code   RO         2155    i.sys_sem_signal    sys_arch.o
    0x08029724   0x0000000e   Code   RO         2156    i.sys_sem_valid     sys_arch.o
    0x08029732   0x00000036   Code   RO         2157    i.sys_thread_new    sys_arch.o
    0x08029768   0x000000d8   Code   RO         4875    i.sys_timeout       timeouts.o
    0x08029840   0x00000034   Code   RO         4876    i.sys_timeouts_init  timeouts.o
    0x08029874   0x00000040   Code   RO         4877    i.sys_timeouts_mbox_fetch  timeouts.o
    0x080298b4   0x00000038   Code   RO         4878    i.sys_timeouts_sleeptime  timeouts.o
    0x080298ec   0x000000f4   Code   RO         2530    i.tcp_abandon       tcp.o
    0x080299e0   0x0000000e   Code   RO         2531    i.tcp_abort         tcp.o
    0x080299ee   0x00000010   Code   RO         2532    i.tcp_accept        tcp.o
    0x080299fe   0x00000014   Code   RO         2533    i.tcp_accept_null   tcp.o
    0x08029a12   0x00000002   PAD
    0x08029a14   0x000000c0   Code   RO         2534    i.tcp_alloc         tcp.o
    0x08029ad4   0x00000006   Code   RO         2535    i.tcp_arg           tcp.o
    0x08029ada   0x00000002   PAD
    0x08029adc   0x000000b0   Code   RO         2536    i.tcp_bind          tcp.o
    0x08029b8c   0x0000001c   Code   RO         2537    i.tcp_close         tcp.o
    0x08029ba8   0x000001b0   Code   RO         2538    i.tcp_close_shutdown  tcp.o
    0x08029d58   0x000000be   Code   RO         3202    i.tcp_create_segment  tcp_out.o
    0x08029e16   0x0000003a   Code   RO         2541    i.tcp_eff_send_mss_impl  tcp.o
    0x08029e50   0x0000010e   Code   RO         3203    i.tcp_enqueue_flags  tcp_out.o
    0x08029f5e   0x0000000c   Code   RO         2542    i.tcp_err           tcp.o
    0x08029f6a   0x00000002   PAD
    0x08029f6c   0x00000078   Code   RO         2543    i.tcp_fasttmr       tcp.o
    0x08029fe4   0x00000058   Code   RO         3632    i.tcp_getoptbyte    tcp_in.o
    0x0802a03c   0x00000002   Code   RO         2544    i.tcp_init          tcp.o
    0x0802a03e   0x00000002   PAD
    0x0802a040   0x00000508   Code   RO         3633    i.tcp_input         tcp_in.o
    0x0802a548   0x0000005a   Code   RO         3204    i.tcp_keepalive     tcp_out.o
    0x0802a5a2   0x00000002   PAD
    0x0802a5a4   0x00000058   Code   RO         2545    i.tcp_kill_prio     tcp.o
    0x0802a5fc   0x0000004c   Code   RO         2546    i.tcp_kill_state    tcp.o
    0x0802a648   0x0000003c   Code   RO         2547    i.tcp_kill_timewait  tcp.o
    0x0802a684   0x0000002c   Code   RO         2548    i.tcp_listen_closed  tcp.o
    0x0802a6b0   0x00000140   Code   RO         3634    i.tcp_listen_input  tcp_in.o
    0x0802a7f0   0x000000b4   Code   RO         2549    i.tcp_listen_with_backlog  tcp.o
    0x0802a8a4   0x00000054   Code   RO         2550    i.tcp_netif_ip_addr_changed  tcp.o
    0x0802a8f8   0x0000002a   Code   RO         2551    i.tcp_netif_ip_addr_changed_pcblist  tcp.o
    0x0802a922   0x0000000a   Code   RO         2552    i.tcp_new           tcp.o
    0x0802a92c   0x00000068   Code   RO         2554    i.tcp_new_port      tcp.o
    0x0802a994   0x0000001c   Code   RO         2555    i.tcp_next_iss      tcp.o
    0x0802a9b0   0x00000090   Code   RO         3635    i.tcp_oos_insert_segment  tcp_in.o
    0x0802aa40   0x0000021c   Code   RO         3205    i.tcp_output        tcp_out.o
    0x0802ac5c   0x00000078   Code   RO         3206    i.tcp_output_alloc_header  tcp_out.o
    0x0802acd4   0x000000c4   Code   RO         3207    i.tcp_output_segment  tcp_out.o
    0x0802ad98   0x000000a0   Code   RO         3636    i.tcp_parseopt      tcp_in.o
    0x0802ae38   0x00000078   Code   RO         3208    i.tcp_pbuf_prealloc  tcp_out.o
    0x0802aeb0   0x00000048   Code   RO         2556    i.tcp_pcb_purge     tcp.o
    0x0802aef8   0x0000007c   Code   RO         2557    i.tcp_pcb_remove    tcp.o
    0x0802af74   0x0000000c   Code   RO         2558    i.tcp_poll          tcp.o
    0x0802af80   0x000005bc   Code   RO         3637    i.tcp_process       tcp_in.o
    0x0802b53c   0x00000096   Code   RO         2559    i.tcp_process_refused_data  tcp.o
    0x0802b5d2   0x00000002   PAD
    0x0802b5d4   0x000009b0   Code   RO         3638    i.tcp_receive       tcp_in.o
    0x0802bf84   0x0000000c   Code   RO         2560    i.tcp_recv          tcp.o
    0x0802bf90   0x0000002e   Code   RO         2561    i.tcp_recv_null     tcp.o
    0x0802bfbe   0x00000060   Code   RO         2562    i.tcp_recved        tcp.o
    0x0802c01e   0x00000018   Code   RO         2563    i.tcp_remove_listener  tcp.o
    0x0802c036   0x0000005a   Code   RO         3209    i.tcp_rexmit        tcp_out.o
    0x0802c090   0x00000074   Code   RO         3210    i.tcp_rexmit_fast   tcp_out.o
    0x0802c104   0x0000003a   Code   RO         3211    i.tcp_rexmit_rto    tcp_out.o
    0x0802c13e   0x00000088   Code   RO         3212    i.tcp_rst           tcp_out.o
    0x0802c1c6   0x00000024   Code   RO         2564    i.tcp_seg_copy      tcp.o
    0x0802c1ea   0x0000001a   Code   RO         2565    i.tcp_seg_free      tcp.o
    0x0802c204   0x00000018   Code   RO         2566    i.tcp_segs_free     tcp.o
    0x0802c21c   0x00000076   Code   RO         3213    i.tcp_send_empty_ack  tcp_out.o
    0x0802c292   0x0000004a   Code   RO         3214    i.tcp_send_fin      tcp_out.o
    0x0802c2dc   0x0000000a   Code   RO         2567    i.tcp_sent          tcp.o
    0x0802c2e6   0x00000062   Code   RO         2569    i.tcp_shutdown      tcp.o
    0x0802c348   0x0000036c   Code   RO         2570    i.tcp_slowtmr       tcp.o
    0x0802c6b4   0x00000038   Code   RO         4880    i.tcp_timer_needed  timeouts.o
    0x0802c6ec   0x000000a4   Code   RO         3639    i.tcp_timewait_input  tcp_in.o
    0x0802c790   0x00000024   Code   RO         2571    i.tcp_tmr           tcp.o
    0x0802c7b4   0x00000014   Code   RO         3640    i.tcp_trigger_input_pcb_close  tcp_in.o
    0x0802c7c8   0x0000004e   Code   RO         2573    i.tcp_update_rcv_ann_wnd  tcp.o
    0x0802c816   0x000003bc   Code   RO         3215    i.tcp_write         tcp_out.o
    0x0802cbd2   0x00000070   Code   RO         3216    i.tcp_write_checks  tcp_out.o
    0x0802cc42   0x000000de   Code   RO         3217    i.tcp_zero_window_probe  tcp_out.o
    0x0802cd20   0x0000005c   Code   RO         2415    i.tcpip_callback_with_block  tcpip.o
    0x0802cd7c   0x00000064   Code   RO         2418    i.tcpip_init        tcpip.o
    0x0802cde0   0x00000050   Code   RO         2419    i.tcpip_inpkt       tcpip.o
    0x0802ce30   0x00000030   Code   RO         2420    i.tcpip_input       tcpip.o
    0x0802ce60   0x00000020   Code   RO         2421    i.tcpip_send_msg_wait_sem  tcpip.o
    0x0802ce80   0x00000038   Code   RO         4881    i.tcpip_tcp_timer   timeouts.o
    0x0802ceb8   0x00000094   Code   RO         2422    i.tcpip_thread      tcpip.o
    0x0802cf4c   0x00000030   Code   RO         2901    i.tryget_socket     sockets.o
    0x0802cf7c   0x0000000c   Code   RO        10320    i.ucMBMasterGetDestAddress  mb_m.o
    0x0802cf88   0x00000094   Code   RO         3484    i.udp_bind          udp.o
    0x0802d01c   0x00000002   Code   RO         3487    i.udp_init          udp.o
    0x0802d01e   0x00000002   PAD
    0x0802d020   0x0000013c   Code   RO         3488    i.udp_input         udp.o
    0x0802d15c   0x00000048   Code   RO         3489    i.udp_input_local_match  udp.o
    0x0802d1a4   0x00000030   Code   RO         3490    i.udp_netif_ip_addr_changed  udp.o
    0x0802d1d4   0x0000001c   Code   RO         3491    i.udp_new           udp.o
    0x0802d1f0   0x00000058   Code   RO         3493    i.udp_new_port      udp.o
    0x0802d248   0x00000006   Code   RO         3494    i.udp_recv          udp.o
    0x0802d24e   0x00000002   PAD
    0x0802d250   0x00000044   Code   RO         3495    i.udp_remove        udp.o
    0x0802d294   0x0000001e   Code   RO         3496    i.udp_send          udp.o
    0x0802d2b2   0x0000003c   Code   RO         3497    i.udp_sendto        udp.o
    0x0802d2ee   0x00000052   Code   RO         3498    i.udp_sendto_if     udp.o
    0x0802d340   0x000000be   Code   RO         3499    i.udp_sendto_if_src  udp.o
    0x0802d3fe   0x00000002   PAD
    0x0802d400   0x00000038   Code   RO        10405    i.usMBCRC16         mbcrc.o
    0x0802d438   0x0000000c   Code   RO        10436    i.usMBMasterGetPDUSndLength  mbrtu_m.o
    0x0802d444   0x0000000a   Code   RO        10036    i.usleep            porttcp.o
    0x0802d44e   0x00000028   Code   RO          925    i.uxListRemove      list.o
    0x0802d476   0x0000002e   Code   RO          980    i.uxQueueMessagesWaiting  queue.o
    0x0802d4a4   0x00000022   Code   RO          981    i.uxQueueMessagesWaitingFromISR  queue.o
    0x0802d4c6   0x0000001a   Code   RO          926    i.vListInitialise   list.o
    0x0802d4e0   0x00000006   Code   RO          927    i.vListInitialiseItem  list.o
    0x0802d4e6   0x00000034   Code   RO          928    i.vListInsert       list.o
    0x0802d51a   0x00000018   Code   RO          929    i.vListInsertEnd    list.o
    0x0802d532   0x0000000a   Code   RO        10541    i.vMBMasterCBRequestScuuess  portevent_m.o
    0x0802d53c   0x00000012   Code   RO        10542    i.vMBMasterErrorCBExecuteFunction  portevent_m.o
    0x0802d54e   0x00000010   Code   RO        10543    i.vMBMasterErrorCBReceiveData  portevent_m.o
    0x0802d55e   0x00000010   Code   RO        10544    i.vMBMasterErrorCBRespondTimeout  portevent_m.o
    0x0802d56e   0x00000002   PAD
    0x0802d570   0x0000000c   Code   RO        10437    i.vMBMasterGetPDUSndBuf  mbrtu_m.o
    0x0802d57c   0x00000002   Code   RO        10545    i.vMBMasterOsResInit  portevent_m.o
    0x0802d57e   0x00000002   PAD
    0x0802d580   0x00000030   Code   RO        10688    i.vMBMasterPortTimersConvertDelayEnable  porttimer_m.o
    0x0802d5b0   0x00000020   Code   RO        10700    i.vMBMasterPortTimersDisable  porttimer_m.o
    0x0802d5d0   0x00000030   Code   RO        10694    i.vMBMasterPortTimersRespondTimeoutEnable  porttimer_m.o
    0x0802d600   0x00000002   Code   RO        10546    i.vMBMasterRunResRelease  portevent_m.o
    0x0802d602   0x00000002   PAD
    0x0802d604   0x0000000c   Code   RO        10321    i.vMBMasterSetCBRunInMasterMode  mb_m.o
    0x0802d610   0x0000000c   Code   RO        10439    i.vMBMasterSetCurTimerMode  mbrtu_m.o
    0x0802d61c   0x0000000c   Code   RO        10322    i.vMBMasterSetDestAddress  mb_m.o
    0x0802d628   0x0000000c   Code   RO        10323    i.vMBMasterSetErrorType  mb_m.o
    0x0802d634   0x0000000c   Code   RO        10440    i.vMBMasterSetPDUSndLength  mbrtu_m.o
    0x0802d640   0x00000012   Code   RO        10038    i.vMBTCPPortDisable  porttcp.o
    0x0802d652   0x00000002   PAD
    0x0802d654   0x0000005c   Code   RO          459    i.vPortEnterCritical  port.o
    0x0802d6b0   0x00000040   Code   RO          460    i.vPortExitCritical  port.o
    0x0802d6f0   0x0000009c   Code   RO         1161    i.vPortFree         heap_4.o
    0x0802d78c   0x00000020   Code   RO          461    i.vPortSetupTimerInterrupt  port.o
    0x0802d7ac   0x00000080   Code   RO          462    i.vPortValidateInterruptPriority  port.o
    0x0802d82c   0x00000030   Code   RO          984    i.vQueueDelete      queue.o
    0x0802d85c   0x00000030   Code   RO          986    i.vQueueUnregisterQueue  queue.o
    0x0802d88c   0x00000060   Code   RO          141    i.vTaskDelay        tasks.o
    0x0802d8ec   0x000000e0   Code   RO          142    i.vTaskDelayUntil   tasks.o
    0x0802d9cc   0x000000f8   Code   RO          143    i.vTaskDelete       tasks.o
    0x0802dac4   0x0000000c   Code   RO          146    i.vTaskMissedYield  tasks.o
    0x0802dad0   0x0000003c   Code   RO          148    i.vTaskPlaceOnEventList  tasks.o
    0x0802db0c   0x000000b0   Code   RO          150    i.vTaskPriorityInherit  tasks.o
    0x0802dbbc   0x00000118   Code   RO          151    i.vTaskPrioritySet  tasks.o
    0x0802dcd4   0x00000034   Code   RO          154    i.vTaskSetTimeOutState  tasks.o
    0x0802dd08   0x00000090   Code   RO          155    i.vTaskStartScheduler  tasks.o
    0x0802dd98   0x00000010   Code   RO          157    i.vTaskSuspendAll   tasks.o
    0x0802dda8   0x00000090   Code   RO          158    i.vTaskSwitchContext  tasks.o
    0x0802de38   0x0000002c   Code   RO        10547    i.xMBMasterEventGetMasked  portevent_m.o
    0x0802de64   0x0000000e   Code   RO        10548    i.xMBMasterPortEventGet  portevent_m.o
    0x0802de72   0x00000002   PAD
    0x0802de74   0x00000010   Code   RO        10549    i.xMBMasterPortEventInit  portevent_m.o
    0x0802de84   0x00000018   Code   RO        10550    i.xMBMasterPortEventPost  portevent_m.o
    0x0802de9c   0x00000084   Code   RO        10633    i.xMBMasterPortSerialInit  portserial_m.o
    0x0802df20   0x0000005c   Code   RO        10668    i.xMBMasterPortTimersInit  porttimer_m.o
    0x0802df7c   0x0000004c   Code   RO        10441    i.xMBMasterRTUReceiveDone  mbrtu_m.o
    0x0802dfc8   0x00000044   Code   RO        10442    i.xMBMasterRTUTimerConvDelayExpired  mbrtu_m.o
    0x0802e00c   0x00000030   Code   RO        10443    i.xMBMasterRTUTransmitDone  mbrtu_m.o
    0x0802e03c   0x0000000c   Code   RO        10444    i.xMBMasterRequestIsBroadcast  mbrtu_m.o
    0x0802e048   0x00000006   Code   RO        10551    i.xMBMasterRunResTake  portevent_m.o
    0x0802e04e   0x00000014   Code   RO         9930    i.xMBPortEventGet   portevent.o
    0x0802e062   0x0000000a   Code   RO         9931    i.xMBPortEventInit  portevent.o
    0x0802e06c   0x0000000a   Code   RO         9932    i.xMBPortEventPost  portevent.o
    0x0802e076   0x0000001e   Code   RO        10039    i.xMBTCPPortGetRequest  porttcp.o
    0x0802e094   0x00000140   Code   RO        10040    i.xMBTCPPortInit    porttcp.o
    0x0802e1d4   0x00000084   Code   RO        10041    i.xMBTCPPortSendResponse  porttcp.o
    0x0802e258   0x00000134   Code   RO        10042    i.xMBTCPPort_HandlingTask  porttcp.o
    0x0802e38c   0x00000044   Code   RO        10043    i.xMBTCPPort_PoolTask  porttcp.o
    0x0802e3d0   0x0000002a   Code   RO        10279    i.xMBUtilGetBits    mbutils.o
    0x0802e3fa   0x00000068   Code   RO        10280    i.xMBUtilSetBits    mbutils.o
    0x0802e462   0x00000002   PAD
    0x0802e464   0x000000e8   Code   RO          463    i.xPortStartScheduler  port.o
    0x0802e54c   0x00000038   Code   RO          464    i.xPortSysTickHandler  port.o
    0x0802e584   0x00000022   Code   RO          987    i.xQueueCreateMutex  queue.o
    0x0802e5a6   0x0000005c   Code   RO          988    i.xQueueGenericCreate  queue.o
    0x0802e602   0x00000002   PAD
    0x0802e604   0x000001d0   Code   RO          989    i.xQueueGenericReceive  queue.o
    0x0802e7d4   0x0000009c   Code   RO          990    i.xQueueGenericReset  queue.o
    0x0802e870   0x000001b8   Code   RO          991    i.xQueueGenericSend  queue.o
    0x0802ea28   0x00000108   Code   RO          992    i.xQueueGenericSendFromISR  queue.o
    0x0802eb30   0x000000f0   Code   RO          993    i.xQueueGiveFromISR  queue.o
    0x0802ec20   0x000000d6   Code   RO          997    i.xQueueReceiveFromISR  queue.o
    0x0802ecf6   0x00000002   PAD
    0x0802ecf8   0x00000094   Code   RO          159    i.xTaskCheckForTimeOut  tasks.o
    0x0802ed8c   0x00000060   Code   RO          160    i.xTaskCreate       tasks.o
    0x0802edec   0x00000020   Code   RO          164    i.xTaskGetSchedulerState  tasks.o
    0x0802ee0c   0x0000000c   Code   RO          165    i.xTaskGetTickCount  tasks.o
    0x0802ee18   0x00000014   Code   RO          166    i.xTaskGetTickCountFromISR  tasks.o
    0x0802ee2c   0x0000014c   Code   RO          167    i.xTaskIncrementTick  tasks.o
    0x0802ef78   0x000000d0   Code   RO          170    i.xTaskPriorityDisinherit  tasks.o
    0x0802f048   0x0000009c   Code   RO          171    i.xTaskRemoveFromEventList  tasks.o
    0x0802f0e4   0x00000108   Code   RO          173    i.xTaskResumeAll    tasks.o
    0x0802f1ec   0x00000044   Data   RO         1598    .constdata          err.o
    0x0802f230   0x0000000c   Data   RO         2158    .constdata          sys_arch.o
    0x0802f23c   0x00000050   Data   RO         2574    .constdata          tcp.o
    0x0802f28c   0x00000008   Data   RO         3336    .constdata          ip4_addr.o
    0x0802f294   0x000000d0   Data   RO         3753    .constdata          memp.o
    0x0802f364   0x0000000c   Data   RO         4658    .constdata          ethernet.o
    0x0802f370   0x00000018   Data   RO         4882    .constdata          timeouts.o
    0x0802f388   0x00000008   Data   RO         7221    .constdata          stm32f7xx_hal_dma.o
    0x0802f390   0x00000018   Data   RO         8472    .constdata          system_stm32f7xx.o
    0x0802f3a8   0x00000014   Data   RO         8518    .constdata          ethernetif.o
    0x0802f3bc   0x00000014   Data   RO         8843    .constdata          main.o
    0x0802f3d0   0x00000050   Data   RO         9449    .constdata          cfg_info.o
    0x0802f420   0x00000200   Data   RO        10406    .constdata          mbcrc.o
    0x0802f620   0x00000075   Data   RO         2575    .conststring        tcp.o
    0x0802f695   0x00000003   PAD
    0x0802f698   0x00000006   Data   RO         8519    .conststring        ethernetif.o
    0x0802f69e   0x00000002   PAD
    0x0802f6a0   0x0000000c   Data   RO         8844    .conststring        main.o
    0x0802f6ac   0x00000020   Data   RO        11208    Region$$Table       anon$$obj.o


    Execution Region RW_IRAM2 (Base: 0x20000000, Size: 0x00039280, Max: 0x00080000, ABSOLUTE, COMPRESSED[0x000000a0])

    Base Addr    Size         Type   Attr      Idx    E Section Name        Object

    0x20000000   0x0000003c   Data   RW          176    .data               tasks.o
    0x2000003c   0x0000000c   Data   RW          465    .data               port.o
    0x20000048   0x00000018   Data   RW         1166    .data               heap_4.o
    0x20000060   0x00000001   Data   RW         1697    .data               api_msg.o
    0x20000061   0x00000003   PAD
    0x20000064   0x00000008   Data   RW         2159    .data               sys_arch.o
    0x2000006c   0x00000010   Data   RW         2361    .data               mem.o
    0x2000007c   0x00000010   Data   RW         2424    .data               tcpip.o
    0x2000008c   0x00000020   Data   RW         2576    .data               tcp.o
    0x200000ac   0x00000008   Data   RW         2903    .data               sockets.o
    0x200000b4   0x00000002   Data   RW         3137    .data               ip4.o
    0x200000b6   0x00000002   PAD
    0x200000b8   0x00000008   Data   RW         3500    .data               udp.o
    0x200000c0   0x00000028   Data   RW         3642    .data               tcp_in.o
    0x200000e8   0x00000034   Data   RW         3754    .data               memp.o
    0x2000011c   0x00000001   Data   RW         3989    .data               pbuf.o
    0x2000011d   0x00000003   PAD
    0x20000120   0x00000009   Data   RW         4374    .data               netif.o
    0x20000129   0x00000003   PAD
    0x2000012c   0x00000006   Data   RW         4706    .data               ip4_frag.o
    0x20000132   0x00000001   Data   RW         4788    .data               etharp.o
    0x20000133   0x00000001   PAD
    0x20000134   0x0000000c   Data   RW         4883    .data               timeouts.o
    0x20000140   0x00000004   Data   RW         6170    .data               stm32f7xx_hal.o
    0x20000144   0x00000004   Data   RW         8473    .data               system_stm32f7xx.o
    0x20000148   0x00000004   Data   RW         8520    .data               ethernetif.o
    0x2000014c   0x00000004   Data   RW         8845    .data               main.o
    0x20000150   0x00000018   Data   RW         8984    .data               lwip.o
    0x20000168   0x00000014   Data   RW         9069    .data               mbfunc.o
    0x2000017c   0x0000000e   Data   RW         9198    .data               udp_send.o
    0x2000018a   0x00000002   PAD
    0x2000018c   0x00000010   Data   RW         9322    .data               spi_adc.o
    0x2000019c   0x00000004   PAD
    0x200001a0   0x00000020   Data   RW         9370    .data               adc_dcmi.o
    0x200001c0   0x00000004   Data   RW         9450    .data               cfg_info.o
    0x200001c4   0x00000004   PAD
    0x200001c8   0x00000040   Data   RW         9514    .data               discret_out.o
    0x20000208   0x00000003   Data   RW         9567    .data               jumpers.o
    0x2000020b   0x00000001   PAD
    0x2000020c   0x00000008   Data   RW         9601    .data               mb_master_user.o
    0x20000214   0x00000004   PAD
    0x20000218   0x00000010   Data   RW         9646    .data               adc_pyro_buf.o
    0x20000228   0x00000014   Data   RW         9689    .data               mbmasterpyro.o
    0x2000023c   0x00000094   Data   RW         9823    .data               mb.o
    0x200002d0   0x0000000d   Data   RW        10044    .data               porttcp.o
    0x200002dd   0x00000001   PAD
    0x200002de   0x00000002   Data   RW        10248    .data               mbfuncother.o
    0x200002e0   0x000000b5   Data   RW        10325    .data               mb_m.o
    0x20000395   0x00000003   PAD
    0x20000398   0x0000000e   Data   RW        10446    .data               mbrtu_m.o
    0x200003a6   0x00000003   Data   RW        10552    .data               portevent_m.o
    0x200003a9   0x00000003   PAD
    0x200003ac   0x00000004   Data   RW        11182    .data               mc_w.l(stdout.o)
    0x200003b0   0x000000f0   Zero   RW          175    .bss                tasks.o
    0x200004a0   0x00000040   Zero   RW          998    .bss                queue.o
    0x200004e0   0x00010000   Zero   RW         1165    .bss                heap_4.o
    0x200104e0   0x00001013   Zero   RW         2360    .bss                mem.o
    0x200114f3   0x00000001   PAD
    0x200114f4   0x00000050   Zero   RW         2902    .bss                sockets.o
    0x20011544   0x00000010   Zero   RW         3641    .bss                tcp_in.o
    0x20011554   0x00007267   Zero   RW         3752    .bss                memp.o
    0x200187bb   0x00000001   PAD
    0x200187bc   0x000000f0   Zero   RW         4787    .bss                etharp.o
    0x200188ac   0x00000018   Zero   RW         4977    .bss                ip.o
    0x200188c4   0x0000001c   Zero   RW         6044    .bss                stm32f7xx_hal_flash.o
    0x200188e0   0x000030e8   Zero   RW         8517    .bss                ethernetif.o
    0x2001b9c8   0x000005ac   Zero   RW         8842    .bss                main.o
    0x2001bf74   0x00000030   Zero   RW         8983    .bss                lwip.o
    0x2001bfa4   0x0000017e   Zero   RW         9068    .bss                mbfunc.o
    0x2001c122   0x00000002   PAD
    0x2001c124   0x00000258   Zero   RW         9147    .bss                mbinit.o
    0x2001c37c   0x0000812c   Zero   RW         9197    .bss                udp_send.o
    0x200244a8   0x00000028   Zero   RW         9271    .bss                data_converter.o
    0x200244d0   0x000007d4   Zero   RW         9321    .bss                spi_adc.o
    0x20024ca4   0x00007d00   Zero   RW         9369    .bss                adc_dcmi.o
    0x2002c9a4   0x00000050   Zero   RW         9448    .bss                cfg_info.o
    0x2002c9f4   0x00000660   Zero   RW         9600    .bss                mb_master_user.o
    0x2002d054   0x00008008   Zero   RW         9645    .bss                adc_pyro_buf.o
    0x2003505c   0x00000020   Zero   RW        10247    .bss                mbfuncother.o
    0x2003507c   0x000001fd   Zero   RW        10445    .bss                mbrtu_m.o
    0x20035279   0x00000007   PAD
    0x20035280   0x00004000   Zero   RW         4998    STACK               startup_stm32f767xx.o



  Load Region LR_IROM3 (Base: 0x08008000, Size: 0x00000050, Max: 0x00008000, ABSOLUTE)

    Execution Region FLASH_CFG1 (Base: 0x08008000, Size: 0x00000050, Max: 0x00008000, ABSOLUTE)

    Base Addr    Size         Type   Attr      Idx    E Section Name        Object

    0x08008000   0x00000050   Data   RW         9451    .flash_cfg1         cfg_info.o



  Load Region LR_IROM4 (Base: 0x08010000, Size: 0x00000050, Max: 0x00008000, ABSOLUTE)

    Execution Region FLASH_CFG2 (Base: 0x08010000, Size: 0x00000050, Max: 0x00008000, ABSOLUTE)

    Base Addr    Size         Type   Attr      Idx    E Section Name        Object

    0x08010000   0x00000050   Data   RW         9452    .flash_cfg2         cfg_info.o


==============================================================================

Image component sizes


      Code (inc. data)   RO Data    RW Data    ZI Data      Debug   Object Name

       692        170          0         32      32000       6519   adc_dcmi.o
       216         24          0         16      32776       2893   adc_pyro_buf.o
      1234         56          0          0          0     970143   api_lib.o
      4046         68          0          1          0      29920   api_msg.o
       464         82         80        164         80       5569   cfg_info.o
       900         24          0          0          0      29845   cmsis_os.o
      1332         54          0          0         40       4982   data_converter.o
        38          0          0          0          0       1202   def.o
       428         86          0         64          0       4908   discret_out.o
        32          6         68          0          0       1339   err.o
      2182         64          0          1        240      12499   etharp.o
       286          4         12          0          0       2882   ethernet.o
      1292         94         26          4      12520      11316   ethernetif.o
         0          0          0          0          0      18900   event_groups.o
       712         62          0         24      65536       7671   heap_4.o
       528          4          0          0          0       4158   icmp.o
         0          0          0          0          0       7148   inet_chksum.o
        36          0          0          0          0        588   init.o
         0          0          0          0         24       3074   ip.o
       846         30          0          2          0      14615   ip4.o
        78          0          8          0          0       6954   ip4_addr.o
      1764         38          0          6          0      11438   ip4_frag.o
       156         28          0          3          0        921   jumpers.o
       148          0          0          0          0       9106   list.o
       312         40          0         24         48      14428   lwip.o
      2564        180         32          4       1452      47332   main.o
       432         60          0        148          0       3563   mb.o
       796        144          0        181          0       8790   mb_m.o
       824         32          0          8       1632       4987   mb_master_user.o
        56          8        512          0          0       1420   mbcrc.o
      3914        364          0         20        382      11597   mbfunc.o
       430          0          0          0          0       4174   mbfunccoils.o
       414          0          0          0          0       4600   mbfunccoils_m.o
       172          0          0          0          0       1800   mbfuncdisc.o
       150          0          0          0          0       1902   mbfuncdisc_m.o
       528          0          0          0          0       5499   mbfuncholding.o
       832          0          0          0          0       9127   mbfuncholding_m.o
       140          0          0          0          0       1751   mbfuncinput.o
       216          0          0          0          0       2833   mbfuncinput_m.o
        40         10          0          2         32       1615   mbfuncother.o
       126         22          0          0        600       1947   mbinit.o
       508         90          0         20          0       4231   mbmasterpyro.o
       526         94          0         14        509      10041   mbrtu_m.o
       170          0          0          0          0       4443   mbtcp.o
       180          0          0          0          0       2982   mbutils.o
       912         82          0         16       4115       5753   mem.o
       238         14        208         52      29287      17120   memp.o
       138          0          0          0          0       3583   netbuf.o
       424         20          0          9          0      10115   netif.o
      1584         30          0          1          0      14565   pbuf.o
       906         90          0         12          0      12325   port.o
        40          0          0          0          0       2472   portevent.o
       256         28          0          3          0       8788   portevent_m.o
       224         28          0          0          0       2800   portserial_m.o
       964         46          0         13          0       8208   porttcp.o
       220         22          0          0          0       2697   porttimer_m.o
      2498         20          0          0         64      21081   queue.o
      4414         90          0          8         80      37872   sockets.o
       336         66          0         16       2004       2752   spi_adc.o
        36          8        504          0      16384        836   startup_stm32f767xx.o
       134         20          0          4          0       4007   stm32f7xx_hal.o
       338         22          0          0          0      36813   stm32f7xx_hal_cortex.o
       652         12          0          0          0       4530   stm32f7xx_hal_dcmi.o
      1560         26          8          0          0       8229   stm32f7xx_hal_dma.o
      4094         42          0          0          0       5057   stm32f7xx_hal_dma_ex.o
      2796         48          0          0          0      15192   stm32f7xx_hal_eth.o
       680         62          0          0         28       6354   stm32f7xx_hal_flash.o
       396         18          0          0          0       2886   stm32f7xx_hal_flash_ex.o
       594         56          0          0          0       4511   stm32f7xx_hal_gpio.o
      1566        162          0          0          0       5528   stm32f7xx_hal_msp.o
       144          8          0          0          0       1340   stm32f7xx_hal_pwr_ex.o
      2172         78          0          0          0       6672   stm32f7xx_hal_rcc.o
      2432         20          0          0          0       2364   stm32f7xx_hal_rcc_ex.o
      2352         46          0          0          0      15950   stm32f7xx_hal_spi.o
      2406        132          0          0          0      21151   stm32f7xx_hal_tim.o
       660         36          0          0          0       5150   stm32f7xx_hal_tim_ex.o
      2824         80          0          0          0      17916   stm32f7xx_hal_uart.o
       248         78          0          0          0      14048   stm32f7xx_it.o
       610         26         12          8          0      20336   sys_arch.o
       124         32          0          0          0      32842   system_reset.o
       100         18         24          4          0       1251   system_stm32f7xx.o
      3586        436          0         60        240      28389   tasks.o
      3756        208        197         32          0      39495   tcp.o
      6132        342          0         40         16      20223   tcp_in.o
      3408         10          0          0          0      17339   tcp_out.o
       500         76          0         16          0       9937   tcpip.o
       652         90         24         12          0       7620   timeouts.o
         0          0          0          0          0       2884   timers.o
      1138         40          0          8          0      12839   udp.o
       600        104          0         14      33068      12775   udp_send.o
       150          0          0          0          0       3556   utilities.o

    ----------------------------------------------------------------------
     90864       4810       1752       1100     233168    1855803   Object Totals
         0          0         32          0          0          0   (incl. Generated)
       130          0          5         34         11          0   (incl. Padding)

    ----------------------------------------------------------------------

      Code (inc. data)   RO Data    RW Data    ZI Data      Debug   Library Member Name

        86          0          0          0          0          0   __dczerorl2.o
         0          0          0          0          0          0   entry.o
         0          0          0          0          0          0   entry10a.o
         0          0          0          0          0          0   entry11a.o
         8          4          0          0          0          0   entry2.o
         4          0          0          0          0          0   entry5.o
         0          0          0          0          0          0   entry7b.o
         0          0          0          0          0          0   entry8b.o
         8          4          0          0          0          0   entry9a.o
        30          0          0          0          0          0   handlers.o
        36          8          0          0          0         68   init.o
         0          0          0          0          0          0   iusefp.o
        30          0          0          0          0         68   llshl.o
        36          0          0          0          0         68   llsshr.o
        32          0          0          0          0         68   llushr.o
        26          0          0          0          0         80   memcmp.o
        36          0          0          0          0         68   memcpya.o
        36          0          0          0          0        108   memseta.o
      2226         90          0          0          0        444   printfa.o
         0          0          0          4          0          0   stdout.o
        28          0          0          0          0         76   strcmp.o
        44          0          0          0          0         80   uidiv.o
        98          0          0          0          0         92   uldiv.o
        48          0          0          0          0         68   cdrcmple.o
       334          0          0          0          0        148   dadd.o
       222          0          0          0          0        100   ddiv.o
       186          0          0          0          0        176   depilogue.o
        48          0          0          0          0         68   dfixul.o
       228          0          0          0          0         96   dmul.o

    ----------------------------------------------------------------------
      3836        106          0          4          0       1876   Library Totals
         6          0          0          0          0          0   (incl. Padding)

    ----------------------------------------------------------------------

      Code (inc. data)   RO Data    RW Data    ZI Data      Debug   Library Name

      2764        106          0          4          0       1220   mc_w.l
      1066          0          0          0          0        656   mf_w.l

    ----------------------------------------------------------------------
      3836        106          0          4          0       1876   Library Totals

    ----------------------------------------------------------------------

==============================================================================


      Code (inc. data)   RO Data    RW Data    ZI Data      Debug   

     94700       4916       1752       1104     233168    1790975   Grand Totals
     94700       4916       1752        320     233168    1790975   ELF Image Totals (compressed)
     94700       4916       1752        320          0          0   ROM Totals

==============================================================================

    Total RO  Size (Code + RO Data)                96452 (  94.19kB)
    Total RW  Size (RW Data + ZI Data)            234272 ( 228.78kB)
    Total ROM Size (Code + RO Data + RW Data)      96772 (  94.50kB)

==============================================================================

