Component: ARM Compiler 5.06 update 1 (build 61) Tool: armlink [4d35a8]

==============================================================================

Section Cross References

    event_groups.o(i.vEventGroupClearBitsCallback) refers to event_groups.o(i.xEventGroupClearBits) for xEventGroupClearBits
    event_groups.o(i.vEventGroupDelete) refers to tasks.o(i.vTaskSuspendAll) for vTaskSuspendAll
    event_groups.o(i.vEventGroupDelete) refers to tasks.o(i.xTaskRemoveFromUnorderedEventList) for xTaskRemoveFromUnorderedEventList
    event_groups.o(i.vEventGroupDelete) refers to heap_4.o(i.vPortFree) for vPortFree
    event_groups.o(i.vEventGroupDelete) refers to tasks.o(i.xTaskResumeAll) for xTaskResumeAll
    event_groups.o(i.vEventGroupSetBitsCallback) refers to event_groups.o(i.xEventGroupSetBits) for xEventGroupSetBits
    event_groups.o(i.xEventGroupClearBits) refers to port.o(i.vPortEnterCritical) for vPortEnterCritical
    event_groups.o(i.xEventGroupClearBits) refers to port.o(i.vPortExitCritical) for vPortExitCritical
    event_groups.o(i.xEventGroupCreate) refers to heap_4.o(i.pvPortMalloc) for pvPortMalloc
    event_groups.o(i.xEventGroupCreate) refers to list.o(i.vListInitialise) for vListInitialise
    event_groups.o(i.xEventGroupSetBits) refers to tasks.o(i.vTaskSuspendAll) for vTaskSuspendAll
    event_groups.o(i.xEventGroupSetBits) refers to tasks.o(i.xTaskRemoveFromUnorderedEventList) for xTaskRemoveFromUnorderedEventList
    event_groups.o(i.xEventGroupSetBits) refers to tasks.o(i.xTaskResumeAll) for xTaskResumeAll
    event_groups.o(i.xEventGroupSync) refers to tasks.o(i.xTaskGetSchedulerState) for xTaskGetSchedulerState
    event_groups.o(i.xEventGroupSync) refers to tasks.o(i.vTaskSuspendAll) for vTaskSuspendAll
    event_groups.o(i.xEventGroupSync) refers to event_groups.o(i.xEventGroupSetBits) for xEventGroupSetBits
    event_groups.o(i.xEventGroupSync) refers to tasks.o(i.vTaskPlaceOnUnorderedEventList) for vTaskPlaceOnUnorderedEventList
    event_groups.o(i.xEventGroupSync) refers to tasks.o(i.xTaskResumeAll) for xTaskResumeAll
    event_groups.o(i.xEventGroupSync) refers to tasks.o(i.uxTaskResetEventItemValue) for uxTaskResetEventItemValue
    event_groups.o(i.xEventGroupSync) refers to port.o(i.vPortEnterCritical) for vPortEnterCritical
    event_groups.o(i.xEventGroupSync) refers to port.o(i.vPortExitCritical) for vPortExitCritical
    event_groups.o(i.xEventGroupWaitBits) refers to tasks.o(i.xTaskGetSchedulerState) for xTaskGetSchedulerState
    event_groups.o(i.xEventGroupWaitBits) refers to tasks.o(i.vTaskSuspendAll) for vTaskSuspendAll
    event_groups.o(i.xEventGroupWaitBits) refers to event_groups.o(i.prvTestWaitCondition) for prvTestWaitCondition
    event_groups.o(i.xEventGroupWaitBits) refers to tasks.o(i.vTaskPlaceOnUnorderedEventList) for vTaskPlaceOnUnorderedEventList
    event_groups.o(i.xEventGroupWaitBits) refers to tasks.o(i.xTaskResumeAll) for xTaskResumeAll
    event_groups.o(i.xEventGroupWaitBits) refers to tasks.o(i.uxTaskResetEventItemValue) for uxTaskResetEventItemValue
    event_groups.o(i.xEventGroupWaitBits) refers to port.o(i.vPortEnterCritical) for vPortEnterCritical
    event_groups.o(i.xEventGroupWaitBits) refers to port.o(i.vPortExitCritical) for vPortExitCritical
    tasks.o(i.eTaskGetState) refers to port.o(i.vPortEnterCritical) for vPortEnterCritical
    tasks.o(i.eTaskGetState) refers to port.o(i.vPortExitCritical) for vPortExitCritical
    tasks.o(i.eTaskGetState) refers to tasks.o(.data) for pxCurrentTCB
    tasks.o(i.eTaskGetState) refers to tasks.o(.bss) for xSuspendedTaskList
    tasks.o(i.pcTaskGetName) refers to tasks.o(.data) for pxCurrentTCB
    tasks.o(i.prvAddCurrentTaskToDelayedList) refers to list.o(i.uxListRemove) for uxListRemove
    tasks.o(i.prvAddCurrentTaskToDelayedList) refers to list.o(i.vListInsertEnd) for vListInsertEnd
    tasks.o(i.prvAddCurrentTaskToDelayedList) refers to list.o(i.vListInsert) for vListInsert
    tasks.o(i.prvAddCurrentTaskToDelayedList) refers to tasks.o(.data) for xTickCount
    tasks.o(i.prvAddCurrentTaskToDelayedList) refers to tasks.o(.bss) for xSuspendedTaskList
    tasks.o(i.prvAddNewTaskToReadyList) refers to port.o(i.vPortEnterCritical) for vPortEnterCritical
    tasks.o(i.prvAddNewTaskToReadyList) refers to tasks.o(i.prvInitialiseTaskLists) for prvInitialiseTaskLists
    tasks.o(i.prvAddNewTaskToReadyList) refers to list.o(i.vListInsertEnd) for vListInsertEnd
    tasks.o(i.prvAddNewTaskToReadyList) refers to port.o(i.vPortExitCritical) for vPortExitCritical
    tasks.o(i.prvAddNewTaskToReadyList) refers to tasks.o(.data) for uxCurrentNumberOfTasks
    tasks.o(i.prvAddNewTaskToReadyList) refers to tasks.o(.bss) for pxReadyTasksLists
    tasks.o(i.prvCheckTasksWaitingTermination) refers to tasks.o(i.vTaskSuspendAll) for vTaskSuspendAll
    tasks.o(i.prvCheckTasksWaitingTermination) refers to tasks.o(i.xTaskResumeAll) for xTaskResumeAll
[...]
    ADC_buf_pnt                              0x200001b8   Data           4  adc_dcmi.o(.data)
    timestamp                                0x200001c0   Data           8  adc_dcmi.o(.data)
    xAdcBuf_Send_Semaphore                   0x200001c8   Data           4  adc_dcmi.o(.data)
    xADC_MB_Queue                            0x200001cc   Data           4  adc_dcmi.o(.data)
    counter_DMA_half                         0x200001d0   Data           4  adc_dcmi.o(.data)
    counter_DMA_full                         0x200001d4   Data           4  adc_dcmi.o(.data)
    outputs_temp_reg                         0x200001e8   Data           8  discret_out.o(.data)
    DiscrOutTransferState                    0x200001f0   Data           1  discret_out.o(.data)
    jumpers_dev_addr                         0x20000200   Data           1  jumpers.o(.data)
    usMDiscInStart                           0x20000202   Data           2  mb_master_user.o(.data)
    usMCoilStart                             0x20000204   Data           2  mb_master_user.o(.data)
    usMRegInStart                            0x20000206   Data           2  mb_master_user.o(.data)
    usMRegHoldStart                          0x20000208   Data           2  mb_master_user.o(.data)
    ADCPyroBufState                          0x20000210   Data           1  adc_pyro_buf.o(.data)
    ADC_Pyro_Timestamp                       0x20000218   Data           8  adc_pyro_buf.o(.data)
    xSendRTURegSem                           0x20000220   Data           4  mbmasterpyro.o(.data)
    errorCode                                0x20000224   Data           1  mbmasterpyro.o(.data)
    pvMBFrameStartCur                        0x200002a8   Data           4  mb.o(.data)
    pvMBFrameStopCur                         0x200002ac   Data           4  mb.o(.data)
    peMBFrameReceiveCur                      0x200002b0   Data           4  mb.o(.data)
    peMBFrameSendCur                         0x200002b4   Data           4  mb.o(.data)
    pvMBFrameCloseCur                        0x200002b8   Data           4  mb.o(.data)
    xListenSocket                            0x200002bc   Data           4  porttcp.o(.data)
    xMB_FrameRec_Mutex                       0x200002c4   Data           4  porttcp.o(.data)
    activeSocket                             0x200002c8   Data           1  porttcp.o(.data)
    pxMBMasterFrameCBByteReceived            0x200002e4   Data           4  mb_m.o(.data)
    pxMBMasterFrameCBTransmitterEmpty        0x200002e8   Data           4  mb_m.o(.data)
    pxMBMasterPortCBTimerExpired             0x200002ec   Data           4  mb_m.o(.data)
    pxMBMasterFrameCBReceiveFSMCur           0x200002f0   Data           4  mb_m.o(.data)
    pxMBMasterFrameCBTransmitFSMCur          0x200002f4   Data           4  mb_m.o(.data)
    __stdout                                 0x20000398   Data           4  stdout.o(.data)
    xQueueRegistry                           0x2000048c   Data          64  queue.o(.bss)
    ram_heap                                 0x200104cc   Data        4115  mem.o(.bss)
    memp_memory_UDP_PCB_base                 0x20011540   Data          35  memp.o(.bss)
    memp_memory_TCP_PCB_base                 0x20011563   Data        1523  memp.o(.bss)
    memp_memory_TCP_PCB_LISTEN_base          0x20011b56   Data         283  memp.o(.bss)
    memp_memory_TCP_SEG_base                 0x20011c71   Data         275  memp.o(.bss)
    memp_memory_REASSDATA_base               0x20011d84   Data         163  memp.o(.bss)
    memp_memory_FRAG_PBUF_base               0x20011e27   Data         363  memp.o(.bss)
    memp_memory_NETBUF_base                  0x20011f92   Data          35  memp.o(.bss)
    memp_memory_NETCONN_base                 0x20011fb5   Data         179  memp.o(.bss)
    memp_memory_TCPIP_MSG_API_base           0x20012068   Data         131  memp.o(.bss)
    memp_memory_TCPIP_MSG_INPKT_base         0x200120eb   Data         131  memp.o(.bss)
    memp_memory_SYS_TIMEOUT_base             0x2001216e   Data          51  memp.o(.bss)
    memp_memory_PBUF_base                    0x200121a1   Data        1603  memp.o(.bss)
    memp_memory_PBUF_POOL_base               0x200127e4   Data       24515  memp.o(.bss)
    ip_data                                  0x20018898   Data          24  ip.o(.bss)
    pFlash                                   0x200188b0   Data          28  stm32f7xx_hal_flash.o(.bss)
    DMARxDscrTab                             0x200188cc   Data         128  ethernetif.o(.bss)
    DMATxDscrTab                             0x2001894c   Data         128  ethernetif.o(.bss)
    Rx_Buff                                  0x200189cc   Data        6096  ethernetif.o(.bss)
    Tx_Buff                                  0x2001a19c   Data        6096  ethernetif.o(.bss)
    heth                                     0x2001b96c   Data          72  ethernetif.o(.bss)
    hdcmi                                    0x2001b9b4   Data          80  main.o(.bss)
    hdma_dcmi                                0x2001ba04   Data          96  main.o(.bss)
    hspi3                                    0x2001ba64   Data         100  main.o(.bss)
    hspi5                                    0x2001bac8   Data         100  main.o(.bss)
    hspi6                                    0x2001bb2c   Data         100  main.o(.bss)
    hdma_spi3_rx                             0x2001bb90   Data          96  main.o(.bss)
    hdma_spi5_tx                             0x2001bbf0   Data          96  main.o(.bss)
    hdma_spi6_rx                             0x2001bc50   Data          96  main.o(.bss)
    htim2                                    0x2001bcb0   Data          64  main.o(.bss)
    htim3                                    0x2001bcf0   Data          64  main.o(.bss)
    htim4                                    0x2001bd30   Data          64  main.o(.bss)
    htim5                                    0x2001bd70   Data          64  main.o(.bss)
    htim6                                    0x2001bdb0   Data          64  main.o(.bss)
    htim9                                    0x2001bdf0   Data          64  main.o(.bss)
    huart1                                   0x2001be30   Data         112  main.o(.bss)
    hdma_usart1_rx                           0x2001bea0   Data          96  main.o(.bss)
    hdma_usart1_tx                           0x2001bf00   Data          96  main.o(.bss)
    gnetif                                   0x2001bf60   Data          48  lwip.o(.bss)
    stTCPContext                             0x2001c090   Data         600  mbinit.o(.bss)
    UDPPacket                                0x2001c2e8   Data        1036  udp_send.o(.bss)
    ADC_resultBuf                            0x2001c6f4   Data       32000  udp_send.o(.bss)
    sa                                       0x200243f4   Data          16  udp_send.o(.bss)
    ra                                       0x20024404   Data          16  udp_send.o(.bss)
    ChnCalibrValues                          0x20024414   Data          40  data_converter.o(.bss)
    SPI3_ADC_Buf                             0x2002443c   Data        1002  spi_adc.o(.bss)
    SPI6_ADC_Buf                             0x20024826   Data        1002  spi_adc.o(.bss)
    DCMIAdcRxBuff                            0x20024c10   Data       32000  adc_dcmi.o(.bss)
    configInfo                               0x2002c910   Data          80  cfg_info.o(.bss)
    ucMDiscInBuf                             0x2002c960   Data          32  mb_master_user.o(.bss)
    ucMCoilBuf                               0x2002c980   Data         128  mb_master_user.o(.bss)
    usMRegInBuf                              0x2002ca00   Data         576  mb_master_user.o(.bss)
    usMRegHoldBuf                            0x2002cc40   Data         352  mb_master_user.o(.bss)
    ADCPyroFIFO                              0x2002cda0   Data       16392  adc_pyro_buf.o(.bss)
    __initial_sp                             0x20034fc8   Data           0  startup_stm32f767xx.o(STACK)



==============================================================================

Memory Map of the image

  Image Entry point : 0x08018001

  Load Region LR_IROM1 (Base: 0x08000000, Size: 0x000001f8, Max: 0x00008000, ABSOLUTE)

    Execution Region ER_IROM1 (Base: 0x08000000, Size: 0x000001f8, Max: 0x00008000, ABSOLUTE)

    Base Addr    Size         Type   Attr      Idx    E Section Name        Object

    0x08000000   0x000001f8   Data   RO         5000    RESET               startup_stm32f767xx.o



  Load Region LR_IROM2 (Base: 0x08018000, Size: 0x000172c4, Max: 0x001e8000, ABSOLUTE, COMPRESSED[0x00016fbc])

    Execution Region ER_IROM2 (Base: 0x08018000, Size: 0x00016f28, Max: 0x001e8000, ABSOLUTE)

    Base Addr    Size         Type   Attr      Idx    E Section Name        Object

    0x08018000   0x00000000   Code   RO        10756  * .ARM.Collect$$$$00000000  mc_w.l(entry.o)
    0x08018000   0x00000004   Code   RO        11034    .ARM.Collect$$$$00000001  mc_w.l(entry2.o)
    0x08018004   0x00000004   Code   RO        11037    .ARM.Collect$$$$00000004  mc_w.l(entry5.o)
    0x08018008   0x00000000   Code   RO        11039    .ARM.Collect$$$$00000008  mc_w.l(entry7b.o)
    0x08018008   0x00000000   Code   RO        11041    .ARM.Collect$$$$0000000A  mc_w.l(entry8b.o)
    0x08018008   0x00000008   Code   RO        11042    .ARM.Collect$$$$0000000B  mc_w.l(entry9a.o)
    0x08018010   0x00000000   Code   RO        11044    .ARM.Collect$$$$0000000D  mc_w.l(entry10a.o)
    0x08018010   0x00000000   Code   RO        11046    .ARM.Collect$$$$0000000F  mc_w.l(entry11a.o)
    0x08018010   0x00000004   Code   RO        11035    .ARM.Collect$$$$00002712  mc_w.l(entry2.o)
    0x08018014   0x000000ba   Code   RO          455    .emb_text           port.o
    0x080180ce   0x00000002   PAD
    0x080180d0   0x00000024   Code   RO         5001    .text               startup_stm32f767xx.o
    0x080180f4   0x00000024   Code   RO        10759    .text               mc_w.l(memcpya.o)
    0x08018118   0x00000024   Code   RO        10761    .text               mc_w.l(memseta.o)
    0x0801813c   0x0000001c   Code   RO        10765    .text               mc_w.l(strcmp.o)
    0x08018158   0x0000001a   Code   RO        10767    .text               mc_w.l(memcmp.o)
    0x08018172   0x0000002c   Code   RO        11049    .text               mc_w.l(uidiv.o)
    0x0801819e   0x00000062   Code   RO        11051    .text               mc_w.l(uldiv.o)
    0x08018200   0x00000000   Code   RO        11053    .text               mc_w.l(iusefp.o)
    0x08018200   0x0000014e   Code   RO        11054    .text               mf_w.l(dadd.o)
    0x0801834e   0x000000e4   Code   RO        11056    .text               mf_w.l(dmul.o)
    0x08018432   0x000000de   Code   RO        11058    .text               mf_w.l(ddiv.o)
    0x08018510   0x00000030   Code   RO        11060    .text               mf_w.l(dfixul.o)
    0x08018540   0x00000030   Code   RO        11062    .text               mf_w.l(cdrcmple.o)
    0x08018570   0x00000024   Code   RO        11064    .text               mc_w.l(init.o)
    0x08018594   0x0000001e   Code   RO        11066    .text               mc_w.l(llshl.o)
    0x080185b2   0x00000020   Code   RO        11068    .text               mc_w.l(llushr.o)
    0x080185d2   0x00000024   Code   RO        11070    .text               mc_w.l(llsshr.o)
    0x080185f6   0x000000ba   Code   RO        11072    .text               mf_w.l(depilogue.o)
    0x080186b0   0x00000056   Code   RO        11082    .text               mc_w.l(__dczerorl2.o)
    0x08018706   0x00000002   PAD
    0x08018708   0x000005b0   Code   RO         9266    i.ADC_ConvertBuf    data_converter.o
    0x08018cb8   0x0000003c   Code   RO         9596    i.ADC_PyroBuf_Add   adc_pyro_buf.o
    0x08018cf4   0x0000008c   Code   RO         9597    i.ADC_PyroBuf_Copy  adc_pyro_buf.o
    0x08018d80   0x00000010   Code   RO         9598    i.ADC_PyroBuf_GetCurrentLength  adc_pyro_buf.o
    0x08018d90   0x00000080   Code   RO         9411    i.ConfigInfoRead    cfg_info.o
    0x08018e10   0x00000050   Code   RO         9412    i.ConfigInfoWrite   cfg_info.o
    0x08018e60   0x00000010   Code   RO         9328    i.DCMI_ADC_Clock_Start  adc_dcmi.o
    0x08018e70   0x00000010   Code   RO         9329    i.DCMI_ADC_Clock_Stop  adc_dcmi.o
    0x08018e80   0x00000020   Code   RO         9330    i.DCMI_ADC_GetCurrentTimestamp  adc_dcmi.o
    0x08018ea0   0x0000000c   Code   RO         9331    i.DCMI_ADC_GetLastTimestamp  adc_dcmi.o
    0x08018eac   0x000000c4   Code   RO         9333    i.DCMI_ADC_Init     adc_dcmi.o
    0x08018f70   0x0000005c   Code   RO         9334    i.DCMI_ADC_ResetTimestamp  adc_dcmi.o
    0x08018fcc   0x000000a0   Code   RO         9335    i.DCMI_ADC_SetSamplerate  adc_dcmi.o
    0x0801906c   0x00000024   Code   RO         8007    i.DCMI_DMAError     stm32f7xx_hal_dcmi.o
    0x08019090   0x000000c6   Code   RO         8008    i.DCMI_DMAXferCplt  stm32f7xx_hal_dcmi.o
    0x08019156   0x00000002   PAD
    0x08019158   0x00000080   Code   RO         9336    i.DCMI_DMA_HalfTransferCallback  adc_dcmi.o
    0x080191d8   0x00000080   Code   RO         9337    i.DCMI_DMA_TransferCallback  adc_dcmi.o
    0x08019258   0x00000010   Code   RO         8692    i.DMA1_Stream0_IRQHandler  stm32f7xx_it.o
    0x08019268   0x00000010   Code   RO         8693    i.DMA2_Stream1_IRQHandler  stm32f7xx_it.o
    0x08019278   0x00000010   Code   RO         8694    i.DMA2_Stream2_IRQHandler  stm32f7xx_it.o
    0x08019288   0x00000010   Code   RO         8695    i.DMA2_Stream4_IRQHandler  stm32f7xx_it.o
    0x08019298   0x00000010   Code   RO         8696    i.DMA2_Stream6_IRQHandler  stm32f7xx_it.o
    0x080192a8   0x00000010   Code   RO         8697    i.DMA2_Stream7_IRQHandler  stm32f7xx_it.o
    0x080192b8   0x00000034   Code   RO         7206    i.DMA_CalcBaseAndBitshift  stm32f7xx_hal_dma.o
    0x080192ec   0x000000ba   Code   RO         7207    i.DMA_CheckFifoParam  stm32f7xx_hal_dma.o
    0x080193a6   0x00000020   Code   RO         5653    i.DMA_MultiBufferSetConfig  stm32f7xx_hal_dma_ex.o
    0x080193c6   0x0000002c   Code   RO         7208    i.DMA_SetConfig     stm32f7xx_hal_dma.o
    0x080193f2   0x00000002   PAD
    0x080193f4   0x00000024   Code   RO         9477    i.DiscretOutputs_Enable  discret_out.o
    0x08019418   0x00000040   Code   RO         9478    i.DiscretOutputs_Init  discret_out.o
    0x08019458   0x00000040   Code   RO         9479    i.DiscretOutputs_Set  discret_out.o
    0x08019498   0x00000016   Code   RO         5695    i.ETH_DMAReceptionEnable  stm32f7xx_hal_eth.o
    0x080194ae   0x00000016   Code   RO         5697    i.ETH_DMATransmissionEnable  stm32f7xx_hal_eth.o
    0x080194c4   0x00000038   Code   RO         5698    i.ETH_FlushTransmitFIFO  stm32f7xx_hal_eth.o
    0x080194fc   0x00000010   Code   RO         8698    i.ETH_IRQHandler    stm32f7xx_it.o
    0x0801950c   0x00000034   Code   RO         5699    i.ETH_MACAddressConfig  stm32f7xx_hal_eth.o
    0x08019540   0x00000244   Code   RO         5700    i.ETH_MACDMAConfig  stm32f7xx_hal_eth.o
    0x08019784   0x00000028   Code   RO         5702    i.ETH_MACReceptionEnable  stm32f7xx_hal_eth.o
    0x080197ac   0x00000028   Code   RO         5704    i.ETH_MACTransmissionEnable  stm32f7xx_hal_eth.o
    0x080197d4   0x0000000c   Code   RO         8699    i.EXTI9_5_IRQHandler  stm32f7xx_it.o
    0x080197e0   0x00000004   Code   RO         8829    i.Error_Handler     main.o
    0x080197e4   0x00000048   Code   RO         9413    i.FLASH_ErasePage   cfg_info.o
    0x0801982c   0x0000007c   Code   RO         7591    i.FLASH_Erase_Sector  stm32f7xx_hal_flash_ex.o
    0x080198a8   0x00000064   Code   RO         7592    i.FLASH_MassErase   stm32f7xx_hal_flash_ex.o
    0x0801990c   0x00000034   Code   RO         6027    i.FLASH_Program_Byte  stm32f7xx_hal_flash.o
    0x08019940   0x0000003c   Code   RO         6028    i.FLASH_Program_DoubleWord  stm32f7xx_hal_flash.o
    0x0801997c   0x00000038   Code   RO         6029    i.FLASH_Program_HalfWord  stm32f7xx_hal_flash.o
    0x080199b4   0x00000038   Code   RO         6030    i.FLASH_Program_Word  stm32f7xx_hal_flash.o
    0x080199ec   0x00000080   Code   RO         6031    i.FLASH_SetErrorCode  stm32f7xx_hal_flash.o
    0x08019a6c   0x00000064   Code   RO         6032    i.FLASH_WaitForLastOperation  stm32f7xx_hal_flash.o
    0x08019ad0   0x00000078   Code   RO         9414    i.FlashWrite_32     cfg_info.o
    0x08019b48   0x00000010   Code   RO         9415    i.Flash_Write_Task  cfg_info.o
    0x08019b58   0x00000002   Code   RO         8013    i.HAL_DCMI_ErrorCallback  stm32f7xx_hal_dcmi.o
    0x08019b5a   0x00000002   PAD
    0x08019b5c   0x000000bc   Code   RO         8018    i.HAL_DCMI_Init     stm32f7xx_hal_dcmi.o
    0x08019c18   0x000000f8   Code   RO         8614    i.HAL_DCMI_MspInit  stm32f7xx_hal_msp.o
    0x08019d10   0x000000e4   Code   RO         8023    i.HAL_DCMI_Start_DMA  stm32f7xx_hal_dcmi.o
    0x08019df4   0x00000012   Code   RO         5654    i.HAL_DMAEx_ChangeMemory  stm32f7xx_hal_dma_ex.o
    0x08019e06   0x00000002   PAD
    0x08019e08   0x00000fcc   Code   RO         5656    i.HAL_DMAEx_MultiBufferStart_IT  stm32f7xx_hal_dma_ex.o
    0x0801add4   0x000000aa   Code   RO         7209    i.HAL_DMA_Abort     stm32f7xx_hal_dma.o
    0x0801ae7e   0x00000028   Code   RO         7210    i.HAL_DMA_Abort_IT  stm32f7xx_hal_dma.o
    0x0801aea6   0x00000002   PAD
    0x0801aea8   0x00000248   Code   RO         7214    i.HAL_DMA_IRQHandler  stm32f7xx_hal_dma.o
    0x0801b0f0   0x000000e8   Code   RO         7215    i.HAL_DMA_Init      stm32f7xx_hal_dma.o
    0x0801b1d8   0x0000005e   Code   RO         7217    i.HAL_DMA_RegisterCallback  stm32f7xx_hal_dma.o
    0x0801b236   0x0000009e   Code   RO         7219    i.HAL_DMA_Start_IT  stm32f7xx_hal_dma.o
    0x0801b2d4   0x0000001a   Code   RO         6152    i.HAL_Delay         stm32f7xx_hal.o
    0x0801b2ee   0x0000008c   Code   RO         5707    i.HAL_ETH_DMARxDescListInit  stm32f7xx_hal_eth.o
    0x0801b37a   0x00000084   Code   RO         5708    i.HAL_ETH_DMATxDescListInit  stm32f7xx_hal_eth.o
    0x0801b3fe   0x00000002   Code   RO         5710    i.HAL_ETH_ErrorCallback  stm32f7xx_hal_eth.o
    0x0801b400   0x000000ba   Code   RO         5712    i.HAL_ETH_GetReceivedFrame_IT  stm32f7xx_hal_eth.o
    0x0801b4ba   0x000000a4   Code   RO         5714    i.HAL_ETH_IRQHandler  stm32f7xx_hal_eth.o
    0x0801b55e   0x00000002   PAD
    0x0801b560   0x0000029c   Code   RO         5715    i.HAL_ETH_Init      stm32f7xx_hal_eth.o
    0x0801b7fc   0x00000104   Code   RO         8514    i.HAL_ETH_MspInit   ethernetif.o
    0x0801b900   0x00000092   Code   RO         5718    i.HAL_ETH_ReadPHYRegister  stm32f7xx_hal_eth.o
    0x0801b992   0x00000002   PAD
    0x0801b994   0x00000014   Code   RO         8515    i.HAL_ETH_RxCpltCallback  ethernetif.o
    0x0801b9a8   0x00000052   Code   RO         5720    i.HAL_ETH_Start     stm32f7xx_hal_eth.o
    0x0801b9fa   0x0000013e   Code   RO         5722    i.HAL_ETH_TransmitFrame  stm32f7xx_hal_eth.o
    0x0801bb38   0x00000002   Code   RO         5723    i.HAL_ETH_TxCpltCallback  stm32f7xx_hal_eth.o
    0x0801bb3a   0x00000090   Code   RO         5724    i.HAL_ETH_WritePHYRegister  stm32f7xx_hal_eth.o
    0x0801bbca   0x00000002   PAD
    0x0801bbcc   0x000000ac   Code   RO         7604    i.HAL_FLASHEx_Erase  stm32f7xx_hal_flash_ex.o
    0x0801bc78   0x00000014   Code   RO         6036    i.HAL_FLASH_Lock    stm32f7xx_hal_flash.o
    0x0801bc8c   0x000000a4   Code   RO         6041    i.HAL_FLASH_Program  stm32f7xx_hal_flash.o
    0x0801bd30   0x0000002c   Code   RO         6043    i.HAL_FLASH_Unlock  stm32f7xx_hal_flash.o
    0x0801bd5c   0x00000002   Code   RO         6997    i.HAL_GPIO_EXTI_Callback  stm32f7xx_hal_gpio.o
    0x0801bd5e   0x00000002   PAD
    0x0801bd60   0x0000001c   Code   RO         6998    i.HAL_GPIO_EXTI_IRQHandler  stm32f7xx_hal_gpio.o
    0x0801bd7c   0x00000218   Code   RO         6999    i.HAL_GPIO_Init     stm32f7xx_hal_gpio.o
    0x0801bf94   0x00000010   Code   RO         7001    i.HAL_GPIO_ReadPin  stm32f7xx_hal_gpio.o
    0x0801bfa4   0x0000000c   Code   RO         7003    i.HAL_GPIO_WritePin  stm32f7xx_hal_gpio.o
    0x0801bfb0   0x0000000c   Code   RO         6162    i.HAL_GetTick       stm32f7xx_hal.o
    0x0801bfbc   0x00000010   Code   RO         6163    i.HAL_IncTick       stm32f7xx_hal.o
    0x0801bfcc   0x00000028   Code   RO         6164    i.HAL_Init          stm32f7xx_hal.o
    0x0801bff4   0x00000028   Code   RO         6165    i.HAL_InitTick      stm32f7xx_hal.o
    0x0801c01c   0x00000056   Code   RO         8615    i.HAL_MspInit       stm32f7xx_hal_msp.o
    0x0801c072   0x0000001a   Code   RO         5892    i.HAL_NVIC_EnableIRQ  stm32f7xx_hal_cortex.o
    0x0801c08c   0x0000007c   Code   RO         5898    i.HAL_NVIC_SetPriority  stm32f7xx_hal_cortex.o
    0x0801c108   0x00000028   Code   RO         5899    i.HAL_NVIC_SetPriorityGrouping  stm32f7xx_hal_cortex.o
    0x0801c130   0x00000090   Code   RO         6754    i.HAL_PWREx_EnableOverDrive  stm32f7xx_hal_pwr_ex.o
    0x0801c1c0   0x00000980   Code   RO         6842    i.HAL_RCCEx_PeriphCLKConfig  stm32f7xx_hal_rcc_ex.o
    0x0801cb40   0x000001b4   Code   RO         7063    i.HAL_RCC_ClockConfig  stm32f7xx_hal_rcc.o
    0x0801ccf4   0x0000000c   Code   RO         7068    i.HAL_RCC_GetHCLKFreq  stm32f7xx_hal_rcc.o
    0x0801cd00   0x0000002c   Code   RO         7070    i.HAL_RCC_GetPCLK1Freq  stm32f7xx_hal_rcc.o
    0x0801cd2c   0x0000002c   Code   RO         7071    i.HAL_RCC_GetPCLK2Freq  stm32f7xx_hal_rcc.o
    0x0801cd58   0x000000b4   Code   RO         7072    i.HAL_RCC_GetSysClockFreq  stm32f7xx_hal_rcc.o
    0x0801ce0c   0x000000b8   Code   RO         7073    i.HAL_RCC_MCOConfig  stm32f7xx_hal_rcc.o
    0x0801cec4   0x000004f8   Code   RO         7075    i.HAL_RCC_OscConfig  stm32f7xx_hal_rcc.o
    0x0801d3bc   0x00000002   Code   RO         8150    i.HAL_SPI_ErrorCallback  stm32f7xx_hal_spi.o
    0x0801d3be   0x000000cc   Code   RO         8154    i.HAL_SPI_Init      stm32f7xx_hal_spi.o
    0x0801d48a   0x00000002   PAD
    0x0801d48c   0x000001e0   Code   RO         8617    i.HAL_SPI_MspInit   stm32f7xx_hal_msp.o
    0x0801d66c   0x00000144   Code   RO         8158    i.HAL_SPI_Receive_DMA  stm32f7xx_hal_spi.o
    0x0801d7b0   0x000000f4   Code   RO         9293    i.HAL_SPI_RxCpltCallback  spi_adc.o
    0x0801d8a4   0x00000002   Code   RO         8161    i.HAL_SPI_RxHalfCpltCallback  stm32f7xx_hal_spi.o
    0x0801d8a6   0x00000002   PAD
    0x0801d8a8   0x00000208   Code   RO         8164    i.HAL_SPI_TransmitReceive_DMA  stm32f7xx_hal_spi.o
    0x0801dab0   0x00000130   Code   RO         8166    i.HAL_SPI_Transmit_DMA  stm32f7xx_hal_spi.o
    0x0801dbe0   0x00000014   Code   RO         9480    i.HAL_SPI_TxCpltCallback  discret_out.o
    0x0801dbf4   0x00000002   Code   RO         8169    i.HAL_SPI_TxHalfCpltCallback  stm32f7xx_hal_spi.o
    0x0801dbf6   0x00000002   Code   RO         8170    i.HAL_SPI_TxRxCpltCallback  stm32f7xx_hal_spi.o
    0x0801dbf8   0x00000002   Code   RO         8171    i.HAL_SPI_TxRxHalfCpltCallback  stm32f7xx_hal_spi.o
    0x0801dbfa   0x00000028   Code   RO         5901    i.HAL_SYSTICK_CLKSourceConfig  stm32f7xx_hal_cortex.o
    0x0801dc22   0x00000034   Code   RO         5903    i.HAL_SYSTICK_Config  stm32f7xx_hal_cortex.o
    0x0801dc56   0x00000002   Code   RO         7312    i.HAL_TIMEx_BreakCallback  stm32f7xx_hal_tim_ex.o
    0x0801dc58   0x00000002   Code   RO         7313    i.HAL_TIMEx_CommutationCallback  stm32f7xx_hal_tim_ex.o
    0x0801dc5a   0x00000002   PAD
    0x0801dc5c   0x0000006c   Code   RO         7331    i.HAL_TIMEx_MasterConfigSynchronization  stm32f7xx_hal_tim_ex.o
    0x0801dcc8   0x00000034   Code   RO         5010    i.HAL_TIM_Base_Init  stm32f7xx_hal_tim.o
    0x0801dcfc   0x0000019c   Code   RO         8619    i.HAL_TIM_Base_MspInit  stm32f7xx_hal_msp.o
    0x0801de98   0x0000001e   Code   RO         5013    i.HAL_TIM_Base_Start  stm32f7xx_hal_tim.o
    0x0801deb6   0x0000001e   Code   RO         5015    i.HAL_TIM_Base_Start_IT  stm32f7xx_hal_tim.o
    0x0801ded4   0x00000038   Code   RO         5016    i.HAL_TIM_Base_Stop  stm32f7xx_hal_tim.o
    0x0801df0c   0x00000038   Code   RO         5018    i.HAL_TIM_Base_Stop_IT  stm32f7xx_hal_tim.o
    0x0801df44   0x00000138   Code   RO         5019    i.HAL_TIM_ConfigClockSource  stm32f7xx_hal_tim.o
    0x0801e07c   0x00000002   Code   RO         5039    i.HAL_TIM_IC_CaptureCallback  stm32f7xx_hal_tim.o
    0x0801e07e   0x000001b8   Code   RO         5052    i.HAL_TIM_IRQHandler  stm32f7xx_hal_tim.o
    0x0801e236   0x00000002   PAD
    0x0801e238   0x0000005c   Code   RO         8620    i.HAL_TIM_MspPostInit  stm32f7xx_hal_msp.o
    0x0801e294   0x00000002   Code   RO         5055    i.HAL_TIM_OC_DelayElapsedCallback  stm32f7xx_hal_tim.o
    0x0801e296   0x0000004c   Code   RO         5069    i.HAL_TIM_OnePulse_Init  stm32f7xx_hal_tim.o
    0x0801e2e2   0x00000002   Code   RO         5071    i.HAL_TIM_OnePulse_MspInit  stm32f7xx_hal_tim.o
    0x0801e2e4   0x00000174   Code   RO         7351    i.HAL_TIM_PWM_ConfigChannel  stm32f7xx_hal_tim_ex.o
    0x0801e458   0x00000034   Code   RO         5079    i.HAL_TIM_PWM_Init  stm32f7xx_hal_tim.o
    0x0801e48c   0x00000002   Code   RO         5081    i.HAL_TIM_PWM_MspInit  stm32f7xx_hal_tim.o
    0x0801e48e   0x00000002   Code   RO         5082    i.HAL_TIM_PWM_PulseFinishedCallback  stm32f7xx_hal_tim.o
    0x0801e490   0x0000004c   Code   RO         5083    i.HAL_TIM_PWM_Start  stm32f7xx_hal_tim.o
    0x0801e4dc   0x00000088   Code   RO         5086    i.HAL_TIM_PWM_Stop  stm32f7xx_hal_tim.o
    0x0801e564   0x00000030   Code   RO         8700    i.HAL_TIM_PeriodElapsedCallback  stm32f7xx_it.o
    0x0801e594   0x000000d8   Code   RO         5091    i.HAL_TIM_SlaveConfigSynchronization  stm32f7xx_hal_tim.o
    0x0801e66c   0x00000002   Code   RO         5093    i.HAL_TIM_TriggerCallback  stm32f7xx_hal_tim.o
    0x0801e66e   0x00000064   Code   RO         7731    i.HAL_UART_DMAStop  stm32f7xx_hal_uart.o
    0x0801e6d2   0x00000002   Code   RO         7733    i.HAL_UART_ErrorCallback  stm32f7xx_hal_uart.o
    0x0801e6d4   0x00000160   Code   RO         7736    i.HAL_UART_IRQHandler  stm32f7xx_hal_uart.o
    0x0801e834   0x00000078   Code   RO         7737    i.HAL_UART_Init     stm32f7xx_hal_uart.o
    0x0801e8ac   0x000000f8   Code   RO         8622    i.HAL_UART_MspInit  stm32f7xx_hal_msp.o
    0x0801e9a4   0x000000ac   Code   RO         7741    i.HAL_UART_Receive_DMA  stm32f7xx_hal_uart.o
    0x0801ea50   0x00000002   Code   RO         7743    i.HAL_UART_RxCpltCallback  stm32f7xx_hal_uart.o
    0x0801ea52   0x00000002   Code   RO         7744    i.HAL_UART_RxHalfCpltCallback  stm32f7xx_hal_uart.o
    0x0801ea54   0x000000a0   Code   RO         7746    i.HAL_UART_Transmit_DMA  stm32f7xx_hal_uart.o
    0x0801eaf4   0x0000001c   Code   RO        10497    i.HAL_UART_TxCpltCallback  portserial_m.o
    0x0801eb10   0x00000002   Code   RO         7749    i.HAL_UART_TxHalfCpltCallback  stm32f7xx_hal_uart.o
    0x0801eb12   0x00000002   PAD
    0x0801eb14   0x00000070   Code   RO         9523    i.Jumpers_ReadSettings  jumpers.o
    0x0801eb84   0x0000008c   Code   RO         9639    i.MBMaster_RTU_Init  mbmasterpyro.o
    0x0801ec10   0x000000f0   Code   RO         9640    i.MBMaster_RTU_Poll  mbmasterpyro.o
    0x0801ed00   0x00000008   Code   RO         9641    i.MBMaster_RTU_Task  mbmasterpyro.o
    0x0801ed08   0x00000070   Code   RO         9146    i.MB_TCP_Init       mbinit.o
    0x0801ed78   0x0000000e   Code   RO         9147    i.MB_TCP_Task       mbinit.o
    0x0801ed86   0x00000002   PAD
    0x0801ed88   0x00000038   Code   RO         8830    i.MX_DCMI_Init      main.o
    0x0801edc0   0x000000a0   Code   RO         8831    i.MX_DMA_Init       main.o
    0x0801ee60   0x0000030c   Code   RO         8832    i.MX_GPIO_Init      main.o
    0x0801f16c   0x0000010c   Code   RO         8989    i.MX_LWIP_Init      lwip.o
    0x0801f278   0x00000054   Code   RO         8833    i.MX_SPI3_Init      main.o
    0x0801f2cc   0x00000050   Code   RO         8834    i.MX_SPI5_Init      main.o
    0x0801f31c   0x00000054   Code   RO         8835    i.MX_SPI6_Init      main.o
    0x0801f370   0x00000090   Code   RO         8836    i.MX_TIM2_Init      main.o
    0x0801f400   0x000000c0   Code   RO         8837    i.MX_TIM3_Init      main.o
    0x0801f4c0   0x00000068   Code   RO         8838    i.MX_TIM4_Init      main.o
    0x0801f528   0x00000060   Code   RO         8839    i.MX_TIM5_Init      main.o
    0x0801f588   0x00000044   Code   RO         8840    i.MX_TIM6_Init      main.o
    0x0801f5cc   0x00000050   Code   RO         8841    i.MX_TIM9_Init      main.o
    0x0801f61c   0x00000044   Code   RO         8842    i.MX_USART1_UART_Init  main.o
    0x0801f660   0x00000010   Code   RO         5905    i.NVIC_GetPriorityGrouping  stm32f7xx_hal_cortex.o
    0x0801f670   0x00000028   Code   RO         5906    i.NVIC_SetPriority  stm32f7xx_hal_cortex.o
    0x0801f698   0x00000044   Code   RO         9294    i.SPI_ADC_TimerCallback  spi_adc.o
    0x0801f6dc   0x00000028   Code   RO         8182    i.SPI_DMAError      stm32f7xx_hal_spi.o
    0x0801f704   0x0000000e   Code   RO         8183    i.SPI_DMAHalfReceiveCplt  stm32f7xx_hal_spi.o
    0x0801f712   0x0000000e   Code   RO         8184    i.SPI_DMAHalfTransmitCplt  stm32f7xx_hal_spi.o
    0x0801f720   0x0000000e   Code   RO         8185    i.SPI_DMAHalfTransmitReceiveCplt  stm32f7xx_hal_spi.o
    0x0801f72e   0x00000066   Code   RO         8186    i.SPI_DMAReceiveCplt  stm32f7xx_hal_spi.o
    0x0801f794   0x00000082   Code   RO         8188    i.SPI_DMATransmitCplt  stm32f7xx_hal_spi.o
    0x0801f816   0x0000006c   Code   RO         8189    i.SPI_DMATransmitReceiveCplt  stm32f7xx_hal_spi.o
    0x0801f882   0x00000082   Code   RO         8191    i.SPI_EndRxTransaction  stm32f7xx_hal_spi.o
    0x0801f904   0x00000064   Code   RO         8192    i.SPI_EndRxTxTransaction  stm32f7xx_hal_spi.o
    0x0801f968   0x000000b2   Code   RO         8197    i.SPI_WaitFifoStateUntilTimeout  stm32f7xx_hal_spi.o
    0x0801fa1a   0x000000a0   Code   RO         8198    i.SPI_WaitFlagStateUntilTimeout  stm32f7xx_hal_spi.o
    0x0801faba   0x00000002   PAD
    0x0801fabc   0x00000030   Code   RO         9416    i.StartConfigInfoWrite  cfg_info.o
    0x0801faec   0x0000001c   Code   RO         8843    i.StartDefaultTask  main.o
    0x0801fb08   0x0000000a   Code   RO         8844    i.StartSPI_ADC_Task  main.o
    0x0801fb12   0x0000000c   Code   RO         8701    i.SysTick_Handler   stm32f7xx_it.o
    0x0801fb1e   0x00000002   PAD
    0x0801fb20   0x000000e8   Code   RO         8845    i.SystemClock_Config  main.o
    0x0801fc08   0x00000064   Code   RO         8471    i.SystemInit        system_stm32f7xx.o
    0x0801fc6c   0x00000010   Code   RO         8702    i.TIM1_BRK_TIM9_IRQHandler  stm32f7xx_it.o
    0x0801fc7c   0x00000010   Code   RO         8703    i.TIM6_DAC_IRQHandler  stm32f7xx_it.o
    0x0801fc8c   0x000000f0   Code   RO         5094    i.TIM_Base_SetConfig  stm32f7xx_hal_tim.o
    0x0801fd7c   0x0000001c   Code   RO         5095    i.TIM_CCxChannelCmd  stm32f7xx_hal_tim.o
    0x0801fd98   0x00000018   Code   RO         5101    i.TIM_ETR_SetConfig  stm32f7xx_hal_tim.o
    0x0801fdb0   0x00000014   Code   RO         5102    i.TIM_ITRx_SetConfig  stm32f7xx_hal_tim.o
    0x0801fdc4   0x00000074   Code   RO         5103    i.TIM_OC1_SetConfig  stm32f7xx_hal_tim.o
    0x0801fe38   0x0000007c   Code   RO         5104    i.TIM_OC2_SetConfig  stm32f7xx_hal_tim.o
    0x0801feb4   0x0000007c   Code   RO         5105    i.TIM_OC3_SetConfig  stm32f7xx_hal_tim.o
    0x0801ff30   0x00000064   Code   RO         5106    i.TIM_OC4_SetConfig  stm32f7xx_hal_tim.o
    0x0801ff94   0x00000058   Code   RO         7354    i.TIM_OC5_SetConfig  stm32f7xx_hal_tim_ex.o
    0x0801ffec   0x00000058   Code   RO         7355    i.TIM_OC6_SetConfig  stm32f7xx_hal_tim_ex.o
    0x08020044   0x0000002a   Code   RO         5108    i.TIM_TI1_ConfigInputStage  stm32f7xx_hal_tim.o
    0x0802006e   0x0000002c   Code   RO         5110    i.TIM_TI2_ConfigInputStage  stm32f7xx_hal_tim.o
    0x0802009a   0x000000ea   Code   RO         7750    i.UART_AdvFeatureConfig  stm32f7xx_hal_uart.o
    0x08020184   0x0000004e   Code   RO         7751    i.UART_CheckIdleState  stm32f7xx_hal_uart.o
    0x080201d2   0x00000018   Code   RO         7752    i.UART_DMAAbortOnError  stm32f7xx_hal_uart.o
    0x080201ea   0x0000004e   Code   RO         7753    i.UART_DMAError     stm32f7xx_hal_uart.o
    0x08020238   0x00000048   Code   RO         7754    i.UART_DMAReceiveCplt  stm32f7xx_hal_uart.o
    0x08020280   0x0000000e   Code   RO         7755    i.UART_DMARxHalfCplt  stm32f7xx_hal_uart.o
    0x0802028e   0x00000038   Code   RO         7756    i.UART_DMATransmitCplt  stm32f7xx_hal_uart.o
    0x080202c6   0x0000000e   Code   RO         7757    i.UART_DMATxHalfCplt  stm32f7xx_hal_uart.o
    0x080202d4   0x00000020   Code   RO         7758    i.UART_EndRxTransfer  stm32f7xx_hal_uart.o
    0x080202f4   0x00000020   Code   RO         7759    i.UART_EndTransmit_IT  stm32f7xx_hal_uart.o
    0x08020314   0x00000014   Code   RO         7760    i.UART_EndTxTransfer  stm32f7xx_hal_uart.o
    0x08020328   0x00000040   Code   RO        10498    i.UART_IRQ_Handler  portserial_m.o
    0x08020368   0x00000088   Code   RO         7761    i.UART_Receive_IT   stm32f7xx_hal_uart.o
    0x080203f0   0x0000038c   Code   RO         7762    i.UART_SetConfig    stm32f7xx_hal_uart.o
    0x0802077c   0x0000006a   Code   RO         7763    i.UART_Transmit_IT  stm32f7xx_hal_uart.o
    0x080207e6   0x0000006c   Code   RO         7764    i.UART_WaitOnFlagUntilTimeout  stm32f7xx_hal_uart.o
    0x08020852   0x00000002   PAD
    0x08020854   0x0000005c   Code   RO         9194    i.UDP_Send_Task     udp_send.o
    0x080208b0   0x00000020   Code   RO         8704    i.USART1_IRQHandler  stm32f7xx_it.o
    0x080208d0   0x00000020   Code   RO        11006    i.__0printf         mc_w.l(printfa.o)
    0x080208f0   0x0000000e   Code   RO        11076    i.__scatterload_copy  mc_w.l(handlers.o)
    0x080208fe   0x00000002   Code   RO        11077    i.__scatterload_null  mc_w.l(handlers.o)
    0x08020900   0x0000000e   Code   RO        11078    i.__scatterload_zeroinit  mc_w.l(handlers.o)
    0x0802090e   0x00000002   PAD
    0x08020910   0x00000164   Code   RO        11013    i._fp_digits        mc_w.l(printfa.o)
    0x08020a74   0x000006dc   Code   RO        11014    i._printf_core      mc_w.l(printfa.o)
    0x08021150   0x00000024   Code   RO        11015    i._printf_post_padding  mc_w.l(printfa.o)
    0x08021174   0x0000002e   Code   RO        11016    i._printf_pre_padding  mc_w.l(printfa.o)
    0x080211a2   0x00000002   PAD
    0x080211a4   0x000000f0   Code   RO         1672    i.accept_function   api_msg.o
    0x08021294   0x000000b0   Code   RO         2869    i.alloc_socket      sockets.o
    0x08021344   0x0000001c   Code   RO         4872    i.cyclic_timer      timeouts.o
    0x08021360   0x00000028   Code   RO         3744    i.do_memp_free_pool  memp.o
    0x08021388   0x0000002e   Code   RO         3745    i.do_memp_malloc_pool  memp.o
    0x080213b6   0x00000002   PAD
    0x080213b8   0x00000028   Code   RO         9684    i.eMBEnable         mb.o
    0x080213e0   0x000000ae   Code   RO         9982    i.eMBFuncReadCoils  mbfunccoils.o
    0x0802148e   0x000000ac   Code   RO        10021    i.eMBFuncReadDiscreteInputs  mbfuncdisc.o
    0x0802153a   0x0000008c   Code   RO        10045    i.eMBFuncReadHoldingRegister  mbfuncholding.o
    0x080215c6   0x0000008c   Code   RO        10087    i.eMBFuncReadInputRegister  mbfuncinput.o
    0x08021652   0x000000d4   Code   RO        10046    i.eMBFuncReadWriteMultipleHoldingRegister  mbfuncholding.o
    0x08021726   0x00000002   PAD
    0x08021728   0x00000028   Code   RO        10111    i.eMBFuncReportSlaveID  mbfuncother.o
    0x08021750   0x00000070   Code   RO         9983    i.eMBFuncWriteCoil  mbfunccoils.o
    0x080217c0   0x00000042   Code   RO        10047    i.eMBFuncWriteHoldingRegister  mbfuncholding.o
    0x08021802   0x00000090   Code   RO         9984    i.eMBFuncWriteMultipleCoils  mbfunccoils.o
    0x08021892   0x0000006e   Code   RO        10048    i.eMBFuncWriteMultipleHoldingRegister  mbfuncholding.o
    0x08021900   0x00000028   Code   RO        10182    i.eMBMasterEnable   mb_m.o
    0x08021928   0x00000098   Code   RO        10579    i.eMBMasterFuncReadCoils  mbfunccoils_m.o
    0x080219c0   0x00000096   Code   RO        10633    i.eMBMasterFuncReadDiscreteInputs  mbfuncdisc_m.o
    0x08021a56   0x00000074   Code   RO        10663    i.eMBMasterFuncReadHoldingRegister  mbfuncholding_m.o
    0x08021aca   0x00000072   Code   RO        10729    i.eMBMasterFuncReadInputRegister  mbfuncinput_m.o
    0x08021b3c   0x000000a4   Code   RO        10664    i.eMBMasterFuncReadWriteMultipleHoldingRegister  mbfuncholding_m.o
    0x08021be0   0x00000070   Code   RO        10580    i.eMBMasterFuncWriteCoil  mbfunccoils_m.o
    0x08021c50   0x00000042   Code   RO        10665    i.eMBMasterFuncWriteHoldingRegister  mbfuncholding_m.o
    0x08021c92   0x00000096   Code   RO        10581    i.eMBMasterFuncWriteMultipleCoils  mbfunccoils_m.o
    0x08021d28   0x00000072   Code   RO        10666    i.eMBMasterFuncWriteMultipleHoldingRegister  mbfuncholding_m.o
    0x08021d9a   0x00000002   PAD
    0x08021d9c   0x0000000c   Code   RO        10183    i.eMBMasterGetErrorType  mb_m.o
    0x08021da8   0x000000bc   Code   RO        10184    i.eMBMasterInit     mb_m.o
    0x08021e64   0x000001fc   Code   RO        10185    i.eMBMasterPoll     mb_m.o
    0x08022060   0x00000034   Code   RO        10297    i.eMBMasterRTUInit  mbrtu_m.o
    0x08022094   0x00000048   Code   RO        10298    i.eMBMasterRTUReceive  mbrtu_m.o
    0x080220dc   0x0000008c   Code   RO        10299    i.eMBMasterRTUSend  mbrtu_m.o
    0x08022168   0x00000002   Code   RO        10300    i.eMBMasterRTUStart  mbrtu_m.o
    0x0802216a   0x00000008   Code   RO        10301    i.eMBMasterRTUStop  mbrtu_m.o
    0x08022172   0x00000002   PAD
    0x08022174   0x00000138   Code   RO         9550    i.eMBMasterRegCoilsCB  mb_master_user.o
    0x080222ac   0x000000cc   Code   RO         9551    i.eMBMasterRegDiscreteCB  mb_master_user.o
    0x08022378   0x000000b8   Code   RO         9552    i.eMBMasterRegHoldingCB  mb_master_user.o
    0x08022430   0x0000007c   Code   RO         9553    i.eMBMasterRegInputCB  mb_master_user.o
    0x080224ac   0x00000066   Code   RO        10667    i.eMBMasterReqReadHoldingRegister  mbfuncholding_m.o
    0x08022512   0x00000066   Code   RO        10730    i.eMBMasterReqReadInputRegister  mbfuncinput_m.o
    0x08022578   0x00000066   Code   RO        10669    i.eMBMasterReqWriteHoldingRegister  mbfuncholding_m.o
    0x080225de   0x000000a8   Code   RO        10670    i.eMBMasterReqWriteMultipleHoldingRegister  mbfuncholding_m.o
    0x08022686   0x00000002   PAD
    0x08022688   0x00000058   Code   RO        10406    i.eMBMasterWaitRequestFinish  portevent_m.o
    0x080226e0   0x00000104   Code   RO         9686    i.eMBPoll           mb.o
    0x080227e4   0x00000008   Code   RO         9071    i.eMBRegCoilsCB     mbfunc.o
    0x080227ec   0x00000006   Code   RO         9072    i.eMBRegDiscreteCB  mbfunc.o
    0x080227f2   0x00000002   PAD
    0x080227f4   0x00000870   Code   RO         9073    i.eMBRegHoldingCB   mbfunc.o
    0x08023064   0x000001e4   Code   RO         9074    i.eMBRegInputCB     mbfunc.o
    0x08023248   0x00000018   Code   RO         9748    i.eMBTCPDoInit      mbtcp.o
    0x08023260   0x00000084   Code   RO         9688    i.eMBTCPInit        mb.o
    0x080232e4   0x0000004c   Code   RO         9749    i.eMBTCPReceive     mbtcp.o
    0x08023330   0x00000038   Code   RO         9750    i.eMBTCPSend        mbtcp.o
    0x08023368   0x00000002   Code   RO         9751    i.eMBTCPStart       mbtcp.o
    0x0802336a   0x0000000c   Code   RO         9752    i.eMBTCPStop        mbtcp.o
    0x08023376   0x00000116   Code   RO         1673    i.err_tcp           api_msg.o
    0x0802348c   0x00000020   Code   RO         1597    i.err_to_errno      err.o
    0x080234ac   0x00000038   Code   RO         4773    i.etharp_cleanup_netif  etharp.o
    0x080234e4   0x00000160   Code   RO         4775    i.etharp_find_entry  etharp.o
    0x08023644   0x00000040   Code   RO         4776    i.etharp_free_entry  etharp.o
    0x08023684   0x000000d6   Code   RO         4778    i.etharp_input      etharp.o
    0x0802375a   0x00000002   PAD
    0x0802375c   0x00000134   Code   RO         4779    i.etharp_output     etharp.o
    0x08023890   0x000000b8   Code   RO         4780    i.etharp_output_to_arp_index  etharp.o
    0x08023948   0x00000174   Code   RO         4781    i.etharp_query      etharp.o
    0x08023abc   0x00000098   Code   RO         4782    i.etharp_raw        etharp.o
    0x08023b54   0x00000018   Code   RO         4783    i.etharp_request    etharp.o
    0x08023b6c   0x0000002c   Code   RO         4784    i.etharp_request_dst  etharp.o
    0x08023b98   0x000000dc   Code   RO         4785    i.etharp_tmr        etharp.o
    0x08023c74   0x000000c0   Code   RO         4786    i.etharp_update_arp_entry  etharp.o
    0x08023d34   0x000000c8   Code   RO         4656    i.ethernet_input    ethernet.o
    0x08023dfc   0x00000056   Code   RO         4657    i.ethernet_output   ethernet.o
    0x08023e52   0x00000002   PAD
    0x08023e54   0x00000030   Code   RO         8516    i.ethernetif_init   ethernetif.o
    0x08023e84   0x0000003c   Code   RO         8517    i.ethernetif_input  ethernetif.o
    0x08023ec0   0x000001a8   Code   RO         2870    i.event_callback    sockets.o
    0x08024068   0x00000038   Code   RO         8846    i.fputc             main.o
    0x080240a0   0x0000003c   Code   RO         2871    i.free_socket       sockets.o
    0x080240dc   0x00000044   Code   RO         2872    i.get_socket        sockets.o
    0x08024120   0x00000012   Code   RO         2077    i.icmp_dest_unreach  icmp.o
    0x08024132   0x00000002   PAD
    0x08024134   0x00000178   Code   RO         2078    i.icmp_input        icmp.o
    0x080242ac   0x00000074   Code   RO         2079    i.icmp_send_response  icmp.o
    0x08024320   0x00000012   Code   RO         2080    i.icmp_time_exceeded  icmp.o
    0x08024332   0x00000010   Code   RO          541    i.inHandlerMode     cmsis_os.o
    0x08024342   0x0000004e   Code   RO         3329    i.ip4_addr_isbroadcast_u32  ip4_addr.o
    0x08024390   0x000001c0   Code   RO         4695    i.ip4_frag          ip4_frag.o
    0x08024550   0x000001c0   Code   RO         3132    i.ip4_input         ip4.o
    0x08024710   0x00000036   Code   RO         3134    i.ip4_output_if     ip4.o
    0x08024746   0x00000002   PAD
    0x08024748   0x000000c8   Code   RO         3135    i.ip4_output_if_src  ip4.o
    0x08024810   0x000001a0   Code   RO         4696    i.ip4_reass         ip4_frag.o
    0x080249b0   0x00000090   Code   RO         3136    i.ip4_route         ip4.o
    0x08024a40   0x0000000a   Code   RO         4697    i.ip_frag_alloc_pbuf_custom_ref  ip4_frag.o
    0x08024a4a   0x00000012   Code   RO         4698    i.ip_frag_free_pbuf_custom_ref  ip4_frag.o
    0x08024a5c   0x0000016c   Code   RO         4699    i.ip_reass_chain_frag_into_datagram_and_validate  ip4_frag.o
    0x08024bc8   0x0000002c   Code   RO         4700    i.ip_reass_dequeue_datagram  ip4_frag.o
    0x08024bf4   0x00000054   Code   RO         4701    i.ip_reass_enqueue_new_datagram  ip4_frag.o
    0x08024c48   0x000000a0   Code   RO         4702    i.ip_reass_free_complete_datagram  ip4_frag.o
    0x08024ce8   0x00000088   Code   RO         4703    i.ip_reass_remove_oldest_datagram  ip4_frag.o
    0x08024d70   0x00000034   Code   RO         4704    i.ip_reass_tmr      ip4_frag.o
    0x08024da4   0x00000020   Code   RO         4705    i.ipfrag_free_pbuf_custom  ip4_frag.o
    0x08024dc4   0x0000014c   Code   RO         8518    i.low_level_init    ethernetif.o
    0x08024f10   0x00000104   Code   RO         8519    i.low_level_input   ethernetif.o
    0x08025014   0x000000e8   Code   RO         8520    i.low_level_output  ethernetif.o
    0x080250fc   0x000001c8   Code   RO         2873    i.lwip_accept       sockets.o
    0x080252c4   0x000000a4   Code   RO         2874    i.lwip_bind         sockets.o
    0x08025368   0x00000078   Code   RO         2875    i.lwip_close        sockets.o
    0x080253e0   0x0000001a   Code   RO         4199    i.lwip_htonl        def.o
    0x080253fa   0x0000000c   Code   RO         4200    i.lwip_htons        def.o
    0x08025406   0x00000024   Code   RO         4329    i.lwip_init         init.o
    0x0802542a   0x00000002   PAD
    0x0802542c   0x0000009c   Code   RO         2884    i.lwip_listen       sockets.o
    0x080254c8   0x00000086   Code   RO         1674    i.lwip_netconn_do_bind  api_msg.o
    0x0802554e   0x00000002   PAD
    0x08025550   0x000000bc   Code   RO         1675    i.lwip_netconn_do_close  api_msg.o
    0x0802560c   0x000001c8   Code   RO         1676    i.lwip_netconn_do_close_internal  api_msg.o
    0x080257d4   0x0000010c   Code   RO         1679    i.lwip_netconn_do_delconn  api_msg.o
    0x080258e0   0x000000d4   Code   RO         1681    i.lwip_netconn_do_getaddr  api_msg.o
    0x080259b4   0x0000010c   Code   RO         1682    i.lwip_netconn_do_listen  api_msg.o
    0x08025ac0   0x00000040   Code   RO         1683    i.lwip_netconn_do_newconn  api_msg.o
    0x08025b00   0x00000070   Code   RO         1684    i.lwip_netconn_do_recv  api_msg.o
    0x08025b70   0x0000008c   Code   RO         1685    i.lwip_netconn_do_send  api_msg.o
    0x08025bfc   0x000000b8   Code   RO         1686    i.lwip_netconn_do_write  api_msg.o
    0x08025cb4   0x000001b2   Code   RO         1687    i.lwip_netconn_do_writemore  api_msg.o
    0x08025e66   0x00000022   Code   RO         2886    i.lwip_recv         sockets.o
    0x08025e88   0x00000264   Code   RO         2887    i.lwip_recvfrom     sockets.o
    0x080260ec   0x0000037c   Code   RO         2888    i.lwip_select       sockets.o
    0x08026468   0x00000274   Code   RO         2889    i.lwip_selscan      sockets.o
    0x080266dc   0x0000009c   Code   RO         2890    i.lwip_send         sockets.o
    0x08026778   0x000000fc   Code   RO         2892    i.lwip_sendto       sockets.o
    0x08026874   0x000000a8   Code   RO         2896    i.lwip_socket       sockets.o
    0x0802691c   0x00000148   Code   RO         8847    i.main              main.o
    0x08026a64   0x0000000e   Code   RO          543    i.makeFreeRtosPriority  cmsis_os.o
    0x08026a72   0x00000002   PAD
    0x08026a74   0x0000006c   Code   RO         2355    i.mem_free          mem.o
    0x08026ae0   0x0000006c   Code   RO         2356    i.mem_init          mem.o
    0x08026b4c   0x0000010c   Code   RO         2357    i.mem_malloc        mem.o
    0x08026c58   0x00000124   Code   RO         2358    i.mem_trim          mem.o
    0x08026d7c   0x00000028   Code   RO         3746    i.memp_free         memp.o
    0x08026da4   0x00000020   Code   RO         3748    i.memp_init         memp.o
    0x08026dc4   0x0000002c   Code   RO         3749    i.memp_init_pool    memp.o
    0x08026df0   0x00000024   Code   RO         3750    i.memp_malloc       memp.o
    0x08026e14   0x00000020   Code   RO         4257    i.netbuf_delete     netbuf.o
    0x08026e34   0x00000020   Code   RO         4259    i.netbuf_free       netbuf.o
    0x08026e54   0x0000004a   Code   RO         4262    i.netbuf_ref        netbuf.o
    0x08026e9e   0x00000002   PAD
    0x08026ea0   0x000000a4   Code   RO         1222    i.netconn_accept    api_lib.o
    0x08026f44   0x0000008a   Code   RO         1688    i.netconn_alloc     api_msg.o
    0x08026fce   0x00000022   Code   RO         1223    i.netconn_apimsg    api_lib.o
    0x08026ff0   0x0000003c   Code   RO         1224    i.netconn_bind      api_lib.o
    0x0802702c   0x00000034   Code   RO         1226    i.netconn_close_shutdown  api_lib.o
    0x08027060   0x00000034   Code   RO         1228    i.netconn_delete    api_lib.o
    0x08027094   0x000000b4   Code   RO         1689    i.netconn_drain     api_msg.o
    0x08027148   0x0000003a   Code   RO         1690    i.netconn_free      api_msg.o
    0x08027182   0x00000002   PAD
    0x08027184   0x00000054   Code   RO         1230    i.netconn_getaddr   api_lib.o
    0x080271d8   0x0000002c   Code   RO         1231    i.netconn_listen_with_backlog  api_lib.o
    0x08027204   0x00000084   Code   RO         1232    i.netconn_new_with_proto_and_callback  api_lib.o
    0x08027288   0x0000007a   Code   RO         1233    i.netconn_recv      api_lib.o
    0x08027302   0x00000002   PAD
    0x08027304   0x00000104   Code   RO         1234    i.netconn_recv_data  api_lib.o
    0x08027408   0x00000026   Code   RO         1235    i.netconn_recv_tcp_pbuf  api_lib.o
    0x0802742e   0x00000002   PAD
    0x08027430   0x0000002c   Code   RO         1236    i.netconn_send      api_lib.o
    0x0802745c   0x00000094   Code   RO         1239    i.netconn_write_partly  api_lib.o
    0x080274f0   0x00000074   Code   RO         4359    i.netif_add         netif.o
    0x08027564   0x00000002   Code   RO         4361    i.netif_init        netif.o
    0x08027566   0x00000024   Code   RO         4363    i.netif_issue_reports  netif.o
    0x0802758a   0x00000048   Code   RO         4365    i.netif_set_addr    netif.o
    0x080275d2   0x00000002   PAD
    0x080275d4   0x0000000c   Code   RO         4366    i.netif_set_default  netif.o
    0x080275e0   0x0000002a   Code   RO         4367    i.netif_set_down    netif.o
    0x0802760a   0x0000000c   Code   RO         4368    i.netif_set_gw      netif.o
    0x08027616   0x00000002   PAD
    0x08027618   0x0000004c   Code   RO         4369    i.netif_set_ipaddr  netif.o
    0x08027664   0x0000000c   Code   RO         4372    i.netif_set_netmask  netif.o
    0x08027670   0x0000002c   Code   RO         4373    i.netif_set_up      netif.o
    0x0802769c   0x00000018   Code   RO          545    i.osDelay           cmsis_os.o
    0x080276b4   0x0000000a   Code   RO          548    i.osKernelStart     cmsis_os.o
    0x080276be   0x00000014   Code   RO          549    i.osKernelSysTick   cmsis_os.o
    0x080276d2   0x00000012   Code   RO          557    i.osMessageCreate   cmsis_os.o
    0x080276e4   0x00000018   Code   RO          558    i.osMessageDelete   cmsis_os.o
    0x080276fc   0x0000009c   Code   RO          559    i.osMessageGet      cmsis_os.o
    0x08027798   0x00000060   Code   RO          561    i.osMessagePut      cmsis_os.o
    0x080277f8   0x0000001a   Code   RO          562    i.osMessageWaiting  cmsis_os.o
    0x08027812   0x0000000c   Code   RO          563    i.osMutexCreate     cmsis_os.o
    0x0802781e   0x00000002   PAD
    0x08027820   0x00000050   Code   RO          565    i.osMutexRelease    cmsis_os.o
    0x08027870   0x0000006c   Code   RO          566    i.osMutexWait       cmsis_os.o
    0x080278dc   0x0000002c   Code   RO          574    i.osSemaphoreCreate  cmsis_os.o
    0x08027908   0x00000018   Code   RO          575    i.osSemaphoreDelete  cmsis_os.o
    0x08027920   0x00000050   Code   RO          577    i.osSemaphoreRelease  cmsis_os.o
    0x08027970   0x0000006c   Code   RO          578    i.osSemaphoreWait   cmsis_os.o
    0x080279dc   0x00000010   Code   RO          581    i.osSystickHandler  cmsis_os.o
    0x080279ec   0x00000030   Code   RO          582    i.osThreadCreate    cmsis_os.o
    0x08027a1c   0x0000019c   Code   RO         3961    i.pbuf_alloc        pbuf.o
    0x08027bb8   0x0000006e   Code   RO         3962    i.pbuf_alloced_custom  pbuf.o
    0x08027c26   0x00000038   Code   RO         3963    i.pbuf_cat          pbuf.o
    0x08027c5e   0x00000016   Code   RO         3964    i.pbuf_chain        pbuf.o
    0x08027c74   0x00000012   Code   RO         3965    i.pbuf_clen         pbuf.o
    0x08027c86   0x000000c0   Code   RO         3967    i.pbuf_copy         pbuf.o
    0x08027d46   0x00000092   Code   RO         3968    i.pbuf_copy_partial  pbuf.o
    0x08027dd8   0x00000092   Code   RO         3970    i.pbuf_free         pbuf.o
    0x08027e6a   0x00000002   PAD
    0x08027e6c   0x00000040   Code   RO         3971    i.pbuf_free_ooseq   pbuf.o
    0x08027eac   0x0000000a   Code   RO         3972    i.pbuf_free_ooseq_callback  pbuf.o
    0x08027eb6   0x00000012   Code   RO         3974    i.pbuf_header       pbuf.o
    0x08027ec8   0x00000012   Code   RO         3975    i.pbuf_header_force  pbuf.o
    0x08027eda   0x0000008e   Code   RO         3976    i.pbuf_header_impl  pbuf.o
    0x08027f68   0x00000048   Code   RO         3979    i.pbuf_pool_is_empty  pbuf.o
    0x08027fb0   0x00000080   Code   RO         3981    i.pbuf_realloc      pbuf.o
    0x08028030   0x0000001e   Code   RO         3982    i.pbuf_ref          pbuf.o
    0x0802804e   0x00000002   PAD
    0x08028050   0x00000074   Code   RO         1691    i.pcb_new           api_msg.o
    0x080280c4   0x00000088   Code   RO         2359    i.plug_holes        mem.o
    0x0802814c   0x0000007e   Code   RO         1692    i.poll_tcp          api_msg.o
    0x080281ca   0x00000002   PAD
    0x080281cc   0x00000098   Code   RO          122    i.prvAddCurrentTaskToDelayedList  tasks.o
    0x08028264   0x000000b8   Code   RO          123    i.prvAddNewTaskToReadyList  tasks.o
    0x0802831c   0x00000064   Code   RO          124    i.prvCheckTasksWaitingTermination  tasks.o
    0x08028380   0x0000002a   Code   RO          971    i.prvCopyDataFromQueue  queue.o
    0x080283aa   0x0000007c   Code   RO          972    i.prvCopyDataToQueue  queue.o
    0x08028426   0x00000012   Code   RO          125    i.prvDeleteTCB      tasks.o
    0x08028438   0x0000007c   Code   RO         1158    i.prvHeapInit       heap_4.o
    0x080284b4   0x00000028   Code   RO          126    i.prvIdleTask       tasks.o
    0x080284dc   0x0000001c   Code   RO          973    i.prvInitialiseMutex  queue.o
    0x080284f8   0x0000002a   Code   RO          974    i.prvInitialiseNewQueue  queue.o
    0x08028522   0x000000b8   Code   RO          127    i.prvInitialiseNewTask  tasks.o
    0x080285da   0x00000002   PAD
    0x080285dc   0x00000068   Code   RO          128    i.prvInitialiseTaskLists  tasks.o
    0x08028644   0x00000068   Code   RO         1159    i.prvInsertBlockIntoFreeList  heap_4.o
    0x080286ac   0x0000001a   Code   RO          975    i.prvIsQueueEmpty   queue.o
    0x080286c6   0x0000001e   Code   RO          976    i.prvIsQueueFull    queue.o
    0x080286e4   0x00000034   Code   RO          130    i.prvResetNextTaskUnblockTime  tasks.o
    0x08028718   0x00000048   Code   RO          456    i.prvTaskExitError  port.o
    0x08028760   0x0000007e   Code   RO          977    i.prvUnlockQueue    queue.o
    0x080287de   0x00000002   PAD
    0x080287e0   0x0000003c   Code   RO         9900    i.prvbMBPortAcceptClient  porttcp.o
    0x0802881c   0x00000022   Code   RO        10144    i.prveMBError2Exception  mbutils.o
    0x0802883e   0x00000012   Code   RO         9901    i.prvvMBPortReleaseClient  porttcp.o
    0x08028850   0x00000148   Code   RO         1160    i.pvPortMalloc      heap_4.o
    0x08028998   0x00000020   Code   RO          133    i.pvTaskIncrementMutexHeldCount  tasks.o
    0x080289b8   0x0000002c   Code   RO          457    i.pxPortInitialiseStack  port.o
    0x080289e4   0x00000094   Code   RO         1693    i.recv_tcp          api_msg.o
    0x08028a78   0x00000082   Code   RO         1694    i.recv_udp          api_msg.o
    0x08028afa   0x00000068   Code   RO         1695    i.sent_tcp          api_msg.o
    0x08028b62   0x00000002   PAD
    0x08028b64   0x00000044   Code   RO         1696    i.setup_tcp         api_msg.o
    0x08028ba8   0x0000005e   Code   RO         2136    i.sys_arch_mbox_fetch  sys_arch.o
    0x08028c06   0x00000030   Code   RO         2137    i.sys_arch_mbox_tryfetch  sys_arch.o
    0x08028c36   0x00000002   PAD
    0x08028c38   0x00000018   Code   RO         2138    i.sys_arch_protect  sys_arch.o
    0x08028c50   0x0000003e   Code   RO         2139    i.sys_arch_sem_wait  sys_arch.o
    0x08028c8e   0x00000002   PAD
    0x08028c90   0x00000014   Code   RO         2140    i.sys_arch_unprotect  sys_arch.o
    0x08028ca4   0x0000007c   Code   RO         4873    i.sys_check_timeouts  timeouts.o
    0x08028d20   0x00000018   Code   RO         2141    i.sys_init          sys_arch.o
    0x08028d38   0x00000012   Code   RO         2142    i.sys_mbox_free     sys_arch.o
    0x08028d4a   0x00000002   PAD
    0x08028d4c   0x0000002c   Code   RO         2143    i.sys_mbox_new      sys_arch.o
    0x08028d78   0x0000001a   Code   RO         2144    i.sys_mbox_post     sys_arch.o
    0x08028d92   0x00000006   Code   RO         2145    i.sys_mbox_set_invalid  sys_arch.o
    0x08028d98   0x0000001e   Code   RO         2146    i.sys_mbox_trypost  sys_arch.o
    0x08028db6   0x0000000e   Code   RO         2147    i.sys_mbox_valid    sys_arch.o
    0x08028dc4   0x00000010   Code   RO         2149    i.sys_mutex_lock    sys_arch.o
    0x08028dd4   0x0000001e   Code   RO         2150    i.sys_mutex_new     sys_arch.o
    0x08028df2   0x0000000c   Code   RO         2151    i.sys_mutex_unlock  sys_arch.o
    0x08028dfe   0x00000008   Code   RO         8522    i.sys_now           ethernetif.o
    0x08028e06   0x0000000c   Code   RO         2152    i.sys_sem_free      sys_arch.o
    0x08028e12   0x0000002c   Code   RO         2153    i.sys_sem_new       sys_arch.o
    0x08028e3e   0x00000006   Code   RO         2154    i.sys_sem_set_invalid  sys_arch.o
    0x08028e44   0x0000000c   Code   RO         2155    i.sys_sem_signal    sys_arch.o
    0x08028e50   0x0000000e   Code   RO         2156    i.sys_sem_valid     sys_arch.o
    0x08028e5e   0x00000036   Code   RO         2157    i.sys_thread_new    sys_arch.o
    0x08028e94   0x000000d8   Code   RO         4875    i.sys_timeout       timeouts.o
    0x08028f6c   0x00000034   Code   RO         4876    i.sys_timeouts_init  timeouts.o
    0x08028fa0   0x00000040   Code   RO         4877    i.sys_timeouts_mbox_fetch  timeouts.o
    0x08028fe0   0x00000038   Code   RO         4878    i.sys_timeouts_sleeptime  timeouts.o
    0x08029018   0x000000f4   Code   RO         2530    i.tcp_abandon       tcp.o
    0x0802910c   0x0000000e   Code   RO         2531    i.tcp_abort         tcp.o
    0x0802911a   0x00000010   Code   RO         2532    i.tcp_accept        tcp.o
    0x0802912a   0x00000014   Code   RO         2533    i.tcp_accept_null   tcp.o
    0x0802913e   0x00000002   PAD
    0x08029140   0x000000c0   Code   RO         2534    i.tcp_alloc         tcp.o
    0x08029200   0x00000006   Code   RO         2535    i.tcp_arg           tcp.o
    0x08029206   0x00000002   PAD
    0x08029208   0x000000b0   Code   RO         2536    i.tcp_bind          tcp.o
    0x080292b8   0x0000001c   Code   RO         2537    i.tcp_close         tcp.o
    0x080292d4   0x000001b0   Code   RO         2538    i.tcp_close_shutdown  tcp.o
    0x08029484   0x000000be   Code   RO         3202    i.tcp_create_segment  tcp_out.o
    0x08029542   0x0000003a   Code   RO         2541    i.tcp_eff_send_mss_impl  tcp.o
    0x0802957c   0x0000010e   Code   RO         3203    i.tcp_enqueue_flags  tcp_out.o
    0x0802968a   0x0000000c   Code   RO         2542    i.tcp_err           tcp.o
    0x08029696   0x00000002   PAD
    0x08029698   0x00000078   Code   RO         2543    i.tcp_fasttmr       tcp.o
    0x08029710   0x00000058   Code   RO         3632    i.tcp_getoptbyte    tcp_in.o
    0x08029768   0x00000002   Code   RO         2544    i.tcp_init          tcp.o
    0x0802976a   0x00000002   PAD
    0x0802976c   0x00000508   Code   RO         3633    i.tcp_input         tcp_in.o
    0x08029c74   0x0000005a   Code   RO         3204    i.tcp_keepalive     tcp_out.o
    0x08029cce   0x00000002   PAD
    0x08029cd0   0x00000058   Code   RO         2545    i.tcp_kill_prio     tcp.o
    0x08029d28   0x0000004c   Code   RO         2546    i.tcp_kill_state    tcp.o
    0x08029d74   0x0000003c   Code   RO         2547    i.tcp_kill_timewait  tcp.o
    0x08029db0   0x0000002c   Code   RO         2548    i.tcp_listen_closed  tcp.o
    0x08029ddc   0x00000140   Code   RO         3634    i.tcp_listen_input  tcp_in.o
    0x08029f1c   0x000000b4   Code   RO         2549    i.tcp_listen_with_backlog  tcp.o
    0x08029fd0   0x00000054   Code   RO         2550    i.tcp_netif_ip_addr_changed  tcp.o
    0x0802a024   0x0000002a   Code   RO         2551    i.tcp_netif_ip_addr_changed_pcblist  tcp.o
    0x0802a04e   0x0000000a   Code   RO         2552    i.tcp_new           tcp.o
    0x0802a058   0x00000068   Code   RO         2554    i.tcp_new_port      tcp.o
    0x0802a0c0   0x0000001c   Code   RO         2555    i.tcp_next_iss      tcp.o
    0x0802a0dc   0x00000090   Code   RO         3635    i.tcp_oos_insert_segment  tcp_in.o
    0x0802a16c   0x0000021c   Code   RO         3205    i.tcp_output        tcp_out.o
    0x0802a388   0x00000078   Code   RO         3206    i.tcp_output_alloc_header  tcp_out.o
    0x0802a400   0x000000c4   Code   RO         3207    i.tcp_output_segment  tcp_out.o
    0x0802a4c4   0x000000a0   Code   RO         3636    i.tcp_parseopt      tcp_in.o
    0x0802a564   0x00000078   Code   RO         3208    i.tcp_pbuf_prealloc  tcp_out.o
    0x0802a5dc   0x00000048   Code   RO         2556    i.tcp_pcb_purge     tcp.o
    0x0802a624   0x0000007c   Code   RO         2557    i.tcp_pcb_remove    tcp.o
    0x0802a6a0   0x0000000c   Code   RO         2558    i.tcp_poll          tcp.o
    0x0802a6ac   0x000005bc   Code   RO         3637    i.tcp_process       tcp_in.o
    0x0802ac68   0x00000096   Code   RO         2559    i.tcp_process_refused_data  tcp.o
    0x0802acfe   0x00000002   PAD
    0x0802ad00   0x000009b0   Code   RO         3638    i.tcp_receive       tcp_in.o
    0x0802b6b0   0x0000000c   Code   RO         2560    i.tcp_recv          tcp.o
    0x0802b6bc   0x0000002e   Code   RO         2561    i.tcp_recv_null     tcp.o
    0x0802b6ea   0x00000060   Code   RO         2562    i.tcp_recved        tcp.o
    0x0802b74a   0x00000018   Code   RO         2563    i.tcp_remove_listener  tcp.o
    0x0802b762   0x0000005a   Code   RO         3209    i.tcp_rexmit        tcp_out.o
    0x0802b7bc   0x00000074   Code   RO         3210    i.tcp_rexmit_fast   tcp_out.o
    0x0802b830   0x0000003a   Code   RO         3211    i.tcp_rexmit_rto    tcp_out.o
    0x0802b86a   0x00000088   Code   RO         3212    i.tcp_rst           tcp_out.o
    0x0802b8f2   0x00000024   Code   RO         2564    i.tcp_seg_copy      tcp.o
    0x0802b916   0x0000001a   Code   RO         2565    i.tcp_seg_free      tcp.o
    0x0802b930   0x00000018   Code   RO         2566    i.tcp_segs_free     tcp.o
    0x0802b948   0x00000076   Code   RO         3213    i.tcp_send_empty_ack  tcp_out.o
    0x0802b9be   0x0000004a   Code   RO         3214    i.tcp_send_fin      tcp_out.o
    0x0802ba08   0x0000000a   Code   RO         2567    i.tcp_sent          tcp.o
    0x0802ba12   0x00000062   Code   RO         2569    i.tcp_shutdown      tcp.o
    0x0802ba74   0x0000036c   Code   RO         2570    i.tcp_slowtmr       tcp.o
    0x0802bde0   0x00000038   Code   RO         4880    i.tcp_timer_needed  timeouts.o
    0x0802be18   0x000000a4   Code   RO         3639    i.tcp_timewait_input  tcp_in.o
    0x0802bebc   0x00000024   Code   RO         2571    i.tcp_tmr           tcp.o
    0x0802bee0   0x00000014   Code   RO         3640    i.tcp_trigger_input_pcb_close  tcp_in.o
    0x0802bef4   0x0000004e   Code   RO         2573    i.tcp_update_rcv_ann_wnd  tcp.o
    0x0802bf42   0x000003bc   Code   RO         3215    i.tcp_write         tcp_out.o
    0x0802c2fe   0x00000070   Code   RO         3216    i.tcp_write_checks  tcp_out.o
    0x0802c36e   0x000000de   Code   RO         3217    i.tcp_zero_window_probe  tcp_out.o
    0x0802c44c   0x0000005c   Code   RO         2415    i.tcpip_callback_with_block  tcpip.o
    0x0802c4a8   0x00000064   Code   RO         2418    i.tcpip_init        tcpip.o
    0x0802c50c   0x00000050   Code   RO         2419    i.tcpip_inpkt       tcpip.o
    0x0802c55c   0x00000030   Code   RO         2420    i.tcpip_input       tcpip.o
    0x0802c58c   0x00000020   Code   RO         2421    i.tcpip_send_msg_wait_sem  tcpip.o
    0x0802c5ac   0x00000038   Code   RO         4881    i.tcpip_tcp_timer   timeouts.o
    0x0802c5e4   0x00000094   Code   RO         2422    i.tcpip_thread      tcpip.o
    0x0802c678   0x00000030   Code   RO         2901    i.tryget_socket     sockets.o
    0x0802c6a8   0x0000000c   Code   RO        10186    i.ucMBMasterGetDestAddress  mb_m.o
    0x0802c6b4   0x00000094   Code   RO         3484    i.udp_bind          udp.o
    0x0802c748   0x000000fc   Code   RO         9195    i.udp_client_init   udp_send.o
    0x0802c844   0x00000084   Code   RO         9196    i.udp_client_send_base_buf  udp_send.o
    0x0802c8c8   0x00000094   Code   RO         9197    i.udp_client_send_pyro_buf  udp_send.o
    0x0802c95c   0x00000002   Code   RO         3487    i.udp_init          udp.o
    0x0802c95e   0x00000002   PAD
    0x0802c960   0x0000013c   Code   RO         3488    i.udp_input         udp.o
    0x0802ca9c   0x00000048   Code   RO         3489    i.udp_input_local_match  udp.o
    0x0802cae4   0x00000030   Code   RO         3490    i.udp_netif_ip_addr_changed  udp.o
    0x0802cb14   0x0000001c   Code   RO         3491    i.udp_new           udp.o
    0x0802cb30   0x00000058   Code   RO         3493    i.udp_new_port      udp.o
    0x0802cb88   0x00000006   Code   RO         3494    i.udp_recv          udp.o
    0x0802cb8e   0x00000002   PAD
    0x0802cb90   0x00000044   Code   RO         3495    i.udp_remove        udp.o
    0x0802cbd4   0x0000001e   Code   RO         3496    i.udp_send          udp.o
    0x0802cbf2   0x0000003c   Code   RO         3497    i.udp_sendto        udp.o
    0x0802cc2e   0x00000052   Code   RO         3498    i.udp_sendto_if     udp.o
    0x0802cc80   0x000000be   Code   RO         3499    i.udp_sendto_if_src  udp.o
    0x0802cd3e   0x00000002   PAD
    0x0802cd40   0x00000038   Code   RO        10271    i.usMBCRC16         mbcrc.o
    0x0802cd78   0x0000000c   Code   RO        10302    i.usMBMasterGetPDUSndLength  mbrtu_m.o
    0x0802cd84   0x0000000a   Code   RO         9902    i.usleep            porttcp.o
    0x0802cd8e   0x00000028   Code   RO          925    i.uxListRemove      list.o
    0x0802cdb6   0x0000002e   Code   RO          980    i.uxQueueMessagesWaiting  queue.o
    0x0802cde4   0x00000022   Code   RO          981    i.uxQueueMessagesWaitingFromISR  queue.o
    0x0802ce06   0x0000001a   Code   RO          926    i.vListInitialise   list.o
    0x0802ce20   0x00000006   Code   RO          927    i.vListInitialiseItem  list.o
    0x0802ce26   0x00000034   Code   RO          928    i.vListInsert       list.o
    0x0802ce5a   0x00000018   Code   RO          929    i.vListInsertEnd    list.o
    0x0802ce72   0x0000000a   Code   RO        10407    i.vMBMasterCBRequestScuuess  portevent_m.o
    0x0802ce7c   0x00000012   Code   RO        10408    i.vMBMasterErrorCBExecuteFunction  portevent_m.o
    0x0802ce8e   0x00000010   Code   RO        10409    i.vMBMasterErrorCBReceiveData  portevent_m.o
    0x0802ce9e   0x00000010   Code   RO        10410    i.vMBMasterErrorCBRespondTimeout  portevent_m.o
    0x0802ceae   0x00000002   PAD
    0x0802ceb0   0x0000000c   Code   RO        10303    i.vMBMasterGetPDUSndBuf  mbrtu_m.o
    0x0802cebc   0x00000002   Code   RO        10411    i.vMBMasterOsResInit  portevent_m.o
    0x0802cebe   0x00000002   PAD
    0x0802cec0   0x00000030   Code   RO        10554    i.vMBMasterPortTimersConvertDelayEnable  porttimer_m.o
    0x0802cef0   0x00000020   Code   RO        10566    i.vMBMasterPortTimersDisable  porttimer_m.o
    0x0802cf10   0x00000030   Code   RO        10560    i.vMBMasterPortTimersRespondTimeoutEnable  porttimer_m.o
    0x0802cf40   0x00000002   Code   RO        10412    i.vMBMasterRunResRelease  portevent_m.o
    0x0802cf42   0x00000002   PAD
    0x0802cf44   0x0000000c   Code   RO        10187    i.vMBMasterSetCBRunInMasterMode  mb_m.o
    0x0802cf50   0x0000000c   Code   RO        10305    i.vMBMasterSetCurTimerMode  mbrtu_m.o
    0x0802cf5c   0x0000000c   Code   RO        10188    i.vMBMasterSetDestAddress  mb_m.o
    0x0802cf68   0x0000000c   Code   RO        10189    i.vMBMasterSetErrorType  mb_m.o
    0x0802cf74   0x0000000c   Code   RO        10306    i.vMBMasterSetPDUSndLength  mbrtu_m.o
    0x0802cf80   0x00000012   Code   RO         9904    i.vMBTCPPortDisable  porttcp.o
    0x0802cf92   0x00000002   PAD
    0x0802cf94   0x0000005c   Code   RO          459    i.vPortEnterCritical  port.o
    0x0802cff0   0x00000040   Code   RO          460    i.vPortExitCritical  port.o
    0x0802d030   0x0000009c   Code   RO         1161    i.vPortFree         heap_4.o
    0x0802d0cc   0x00000020   Code   RO          461    i.vPortSetupTimerInterrupt  port.o
    0x0802d0ec   0x00000080   Code   RO          462    i.vPortValidateInterruptPriority  port.o
    0x0802d16c   0x00000030   Code   RO          984    i.vQueueDelete      queue.o
    0x0802d19c   0x00000030   Code   RO          986    i.vQueueUnregisterQueue  queue.o
    0x0802d1cc   0x00000060   Code   RO          141    i.vTaskDelay        tasks.o
    0x0802d22c   0x000000e0   Code   RO          142    i.vTaskDelayUntil   tasks.o
    0x0802d30c   0x000000f8   Code   RO          143    i.vTaskDelete       tasks.o
    0x0802d404   0x0000000c   Code   RO          146    i.vTaskMissedYield  tasks.o
    0x0802d410   0x0000003c   Code   RO          148    i.vTaskPlaceOnEventList  tasks.o
    0x0802d44c   0x000000b0   Code   RO          150    i.vTaskPriorityInherit  tasks.o
    0x0802d4fc   0x00000034   Code   RO          154    i.vTaskSetTimeOutState  tasks.o
    0x0802d530   0x00000090   Code   RO          155    i.vTaskStartScheduler  tasks.o
    0x0802d5c0   0x00000010   Code   RO          157    i.vTaskSuspendAll   tasks.o
    0x0802d5d0   0x00000090   Code   RO          158    i.vTaskSwitchContext  tasks.o
    0x0802d660   0x0000002c   Code   RO        10413    i.xMBMasterEventGetMasked  portevent_m.o
    0x0802d68c   0x0000000e   Code   RO        10414    i.xMBMasterPortEventGet  portevent_m.o
    0x0802d69a   0x00000002   PAD
    0x0802d69c   0x00000010   Code   RO        10415    i.xMBMasterPortEventInit  portevent_m.o
    0x0802d6ac   0x00000018   Code   RO        10416    i.xMBMasterPortEventPost  portevent_m.o
    0x0802d6c4   0x00000084   Code   RO        10499    i.xMBMasterPortSerialInit  portserial_m.o
    0x0802d748   0x0000005c   Code   RO        10534    i.xMBMasterPortTimersInit  porttimer_m.o
    0x0802d7a4   0x0000004c   Code   RO        10307    i.xMBMasterRTUReceiveDone  mbrtu_m.o
    0x0802d7f0   0x00000044   Code   RO        10308    i.xMBMasterRTUTimerConvDelayExpired  mbrtu_m.o
    0x0802d834   0x00000030   Code   RO        10309    i.xMBMasterRTUTransmitDone  mbrtu_m.o
    0x0802d864   0x0000000c   Code   RO        10310    i.xMBMasterRequestIsBroadcast  mbrtu_m.o
    0x0802d870   0x00000006   Code   RO        10417    i.xMBMasterRunResTake  portevent_m.o
    0x0802d876   0x00000014   Code   RO         9796    i.xMBPortEventGet   portevent.o
    0x0802d88a   0x0000000a   Code   RO         9797    i.xMBPortEventInit  portevent.o
    0x0802d894   0x0000000a   Code   RO         9798    i.xMBPortEventPost  portevent.o
    0x0802d89e   0x0000001e   Code   RO         9905    i.xMBTCPPortGetRequest  porttcp.o
    0x0802d8bc   0x00000140   Code   RO         9906    i.xMBTCPPortInit    porttcp.o
    0x0802d9fc   0x00000084   Code   RO         9907    i.xMBTCPPortSendResponse  porttcp.o
    0x0802da80   0x00000134   Code   RO         9908    i.xMBTCPPort_HandlingTask  porttcp.o
    0x0802dbb4   0x00000044   Code   RO         9909    i.xMBTCPPort_PoolTask  porttcp.o
    0x0802dbf8   0x0000002a   Code   RO        10145    i.xMBUtilGetBits    mbutils.o
    0x0802dc22   0x00000068   Code   RO        10146    i.xMBUtilSetBits    mbutils.o
    0x0802dc8a   0x00000002   PAD
    0x0802dc8c   0x000000e8   Code   RO          463    i.xPortStartScheduler  port.o
    0x0802dd74   0x00000038   Code   RO          464    i.xPortSysTickHandler  port.o
    0x0802ddac   0x00000022   Code   RO          987    i.xQueueCreateMutex  queue.o
    0x0802ddce   0x0000005c   Code   RO          988    i.xQueueGenericCreate  queue.o
    0x0802de2a   0x00000002   PAD
    0x0802de2c   0x000001d0   Code   RO          989    i.xQueueGenericReceive  queue.o
    0x0802dffc   0x0000009c   Code   RO          990    i.xQueueGenericReset  queue.o
    0x0802e098   0x000001b8   Code   RO          991    i.xQueueGenericSend  queue.o
    0x0802e250   0x00000108   Code   RO          992    i.xQueueGenericSendFromISR  queue.o
    0x0802e358   0x000000f0   Code   RO          993    i.xQueueGiveFromISR  queue.o
    0x0802e448   0x000000d6   Code   RO          997    i.xQueueReceiveFromISR  queue.o
    0x0802e51e   0x00000002   PAD
    0x0802e520   0x00000094   Code   RO          159    i.xTaskCheckForTimeOut  tasks.o
    0x0802e5b4   0x00000060   Code   RO          160    i.xTaskCreate       tasks.o
    0x0802e614   0x00000020   Code   RO          164    i.xTaskGetSchedulerState  tasks.o
    0x0802e634   0x0000000c   Code   RO          165    i.xTaskGetTickCount  tasks.o
    0x0802e640   0x00000014   Code   RO          166    i.xTaskGetTickCountFromISR  tasks.o
    0x0802e654   0x0000014c   Code   RO          167    i.xTaskIncrementTick  tasks.o
    0x0802e7a0   0x000000d0   Code   RO          170    i.xTaskPriorityDisinherit  tasks.o
    0x0802e870   0x0000009c   Code   RO          171    i.xTaskRemoveFromEventList  tasks.o
    0x0802e90c   0x00000108   Code   RO          173    i.xTaskResumeAll    tasks.o
    0x0802ea14   0x00000044   Data   RO         1598    .constdata          err.o
    0x0802ea58   0x0000000c   Data   RO         2158    .constdata          sys_arch.o
    0x0802ea64   0x00000050   Data   RO         2574    .constdata          tcp.o
    0x0802eab4   0x00000008   Data   RO         3336    .constdata          ip4_addr.o
    0x0802eabc   0x000000d0   Data   RO         3753    .constdata          memp.o
    0x0802eb8c   0x0000000c   Data   RO         4658    .constdata          ethernet.o
    0x0802eb98   0x00000018   Data   RO         4882    .constdata          timeouts.o
    0x0802ebb0   0x00000008   Data   RO         7221    .constdata          stm32f7xx_hal_dma.o
    0x0802ebb8   0x00000018   Data   RO         8472    .constdata          system_stm32f7xx.o
    0x0802ebd0   0x00000014   Data   RO         8524    .constdata          ethernetif.o
    0x0802ebe4   0x00000038   Data   RO         8849    .constdata          main.o
    0x0802ec1c   0x00000050   Data   RO         9418    .constdata          cfg_info.o
    0x0802ec6c   0x00000200   Data   RO        10272    .constdata          mbcrc.o
    0x0802ee6c   0x00000075   Data   RO         2575    .conststring        tcp.o
    0x0802eee1   0x00000003   PAD
    0x0802eee4   0x00000006   Data   RO         8525    .conststring        ethernetif.o
    0x0802eeea   0x00000002   PAD
    0x0802eeec   0x0000001c   Data   RO         8850    .conststring        main.o
    0x0802ef08   0x00000020   Data   RO        11074    Region$$Table       anon$$obj.o


    Execution Region RW_IRAM2 (Base: 0x20000000, Size: 0x00034fc8, Max: 0x00080000, ABSOLUTE, COMPRESSED[0x00000094])

    Base Addr    Size         Type   Attr      Idx    E Section Name        Object

    0x20000000   0x0000003c   Data   RW          176    .data               tasks.o
    0x2000003c   0x0000000c   Data   RW          465    .data               port.o
    0x20000048   0x00000018   Data   RW         1166    .data               heap_4.o
    0x20000060   0x00000001   Data   RW         1697    .data               api_msg.o
    0x20000061   0x00000003   PAD
    0x20000064   0x00000008   Data   RW         2159    .data               sys_arch.o
    0x2000006c   0x00000010   Data   RW         2361    .data               mem.o
    0x2000007c   0x00000010   Data   RW         2424    .data               tcpip.o
    0x2000008c   0x00000020   Data   RW         2576    .data               tcp.o
    0x200000ac   0x00000008   Data   RW         2903    .data               sockets.o
    0x200000b4   0x00000002   Data   RW         3137    .data               ip4.o
    0x200000b6   0x00000002   PAD
    0x200000b8   0x00000008   Data   RW         3500    .data               udp.o
    0x200000c0   0x00000028   Data   RW         3642    .data               tcp_in.o
    0x200000e8   0x00000034   Data   RW         3754    .data               memp.o
    0x2000011c   0x00000001   Data   RW         3989    .data               pbuf.o
    0x2000011d   0x00000003   PAD
    0x20000120   0x00000009   Data   RW         4374    .data               netif.o
    0x20000129   0x00000003   PAD
    0x2000012c   0x00000006   Data   RW         4706    .data               ip4_frag.o
    0x20000132   0x00000001   Data   RW         4788    .data               etharp.o
    0x20000133   0x00000001   PAD
    0x20000134   0x0000000c   Data   RW         4883    .data               timeouts.o
    0x20000140   0x00000004   Data   RW         6170    .data               stm32f7xx_hal.o
    0x20000144   0x00000004   Data   RW         8473    .data               system_stm32f7xx.o
    0x20000148   0x00000004   Data   RW         8526    .data               ethernetif.o
    0x2000014c   0x00000010   Data   RW         8851    .data               main.o
    0x2000015c   0x00000018   Data   RW         8991    .data               lwip.o
    0x20000174   0x00000004   PAD
    0x20000178   0x0000001e   Data   RW         9076    .data               mbfunc.o
    0x20000196   0x00000002   PAD
    0x20000198   0x00000009   Data   RW         9199    .data               udp_send.o
    0x200001a1   0x00000003   PAD
    0x200001a4   0x00000010   Data   RW         9296    .data               spi_adc.o
    0x200001b4   0x00000004   PAD
    0x200001b8   0x00000028   Data   RW         9339    .data               adc_dcmi.o
    0x200001e0   0x00000004   Data   RW         9419    .data               cfg_info.o
    0x200001e4   0x00000004   PAD
    0x200001e8   0x00000018   Data   RW         9481    .data               discret_out.o
    0x20000200   0x00000001   Data   RW         9524    .data               jumpers.o
    0x20000201   0x00000001   PAD
    0x20000202   0x00000008   Data   RW         9555    .data               mb_master_user.o
    0x2000020a   0x00000006   PAD
    0x20000210   0x00000010   Data   RW         9600    .data               adc_pyro_buf.o
    0x20000220   0x00000008   Data   RW         9642    .data               mbmasterpyro.o
    0x20000228   0x00000094   Data   RW         9689    .data               mb.o
    0x200002bc   0x0000000d   Data   RW         9910    .data               porttcp.o
    0x200002c9   0x00000001   PAD
    0x200002ca   0x00000002   Data   RW        10114    .data               mbfuncother.o
    0x200002cc   0x000000b5   Data   RW        10191    .data               mb_m.o
    0x20000381   0x00000003   PAD
    0x20000384   0x0000000e   Data   RW        10312    .data               mbrtu_m.o
    0x20000392   0x00000003   Data   RW        10418    .data               portevent_m.o
    0x20000395   0x00000003   PAD
    0x20000398   0x00000004   Data   RW        11048    .data               mc_w.l(stdout.o)
    0x2000039c   0x000000f0   Zero   RW          175    .bss                tasks.o
    0x2000048c   0x00000040   Zero   RW          998    .bss                queue.o
    0x200004cc   0x00010000   Zero   RW         1165    .bss                heap_4.o
    0x200104cc   0x00001013   Zero   RW         2360    .bss                mem.o
    0x200114df   0x00000001   PAD
    0x200114e0   0x00000050   Zero   RW         2902    .bss                sockets.o
    0x20011530   0x00000010   Zero   RW         3641    .bss                tcp_in.o
    0x20011540   0x00007267   Zero   RW         3752    .bss                memp.o
    0x200187a7   0x00000001   PAD
    0x200187a8   0x000000f0   Zero   RW         4787    .bss                etharp.o
    0x20018898   0x00000018   Zero   RW         4977    .bss                ip.o
    0x200188b0   0x0000001c   Zero   RW         6044    .bss                stm32f7xx_hal_flash.o
    0x200188cc   0x000030e8   Zero   RW         8523    .bss                ethernetif.o
    0x2001b9b4   0x000005ac   Zero   RW         8848    .bss                main.o
    0x2001bf60   0x00000030   Zero   RW         8990    .bss                lwip.o
    0x2001bf90   0x00000100   Zero   RW         9075    .bss                mbfunc.o
    0x2001c090   0x00000258   Zero   RW         9148    .bss                mbinit.o
    0x2001c2e8   0x0000812c   Zero   RW         9198    .bss                udp_send.o
    0x20024414   0x00000028   Zero   RW         9267    .bss                data_converter.o
    0x2002443c   0x000007d4   Zero   RW         9295    .bss                spi_adc.o
    0x20024c10   0x00007d00   Zero   RW         9338    .bss                adc_dcmi.o
    0x2002c910   0x00000050   Zero   RW         9417    .bss                cfg_info.o
    0x2002c960   0x00000440   Zero   RW         9554    .bss                mb_master_user.o
    0x2002cda0   0x00004008   Zero   RW         9599    .bss                adc_pyro_buf.o
    0x20030da8   0x00000020   Zero   RW        10113    .bss                mbfuncother.o
    0x20030dc8   0x000001fd   Zero   RW        10311    .bss                mbrtu_m.o
    0x20030fc5   0x00000003   PAD
    0x20030fc8   0x00004000   Zero   RW         4998    STACK               startup_stm32f767xx.o



  Load Region LR_IROM3 (Base: 0x08008000, Size: 0x00000050, Max: 0x00008000, ABSOLUTE)

    Execution Region FLASH_CFG1 (Base: 0x08008000, Size: 0x00000050, Max: 0x00008000, ABSOLUTE)

    Base Addr    Size         Type   Attr      Idx    E Section Name        Object

    0x08008000   0x00000050   Data   RW         9420    .flash_cfg1         cfg_info.o



  Load Region LR_IROM4 (Base: 0x08010000, Size: 0x00000050, Max: 0x00008000, ABSOLUTE)

    Execution Region FLASH_CFG2 (Base: 0x08010000, Size: 0x00000050, Max: 0x00008000, ABSOLUTE)

    Base Addr    Size         Type   Attr      Idx    E Section Name        Object

    0x08010000   0x00000050   Data   RW         9421    .flash_cfg2         cfg_info.o


==============================================================================

Image component sizes


      Code (inc. data)   RO Data    RW Data    ZI Data      Debug   Object Name

       780        182          0         40      32000       6676   adc_dcmi.o
       216         24          0         16      16392       2893   adc_pyro_buf.o
      1234         56          0          0          0     970143   api_lib.o
      4046         68          0          1          0      29920   api_msg.o
       464         82         80        164         80       5557   cfg_info.o
       924         24          0          0          0      30547   cmsis_os.o
      1456         26          0          0         40       2823   data_converter.o
        38          0          0          0          0       1202   def.o
       184         34          0         24          0       3370   discret_out.o
        32          6         68          0          0       1339   err.o
      2182         64          0          1        240      12499   etharp.o
       286          4         12          0          0       2882   ethernet.o
      1220         96         26          4      12520      11264   ethernetif.o
         0          0          0          0          0      18900   event_groups.o
       712         62          0         24      65536       7671   heap_4.o
       528          4          0          0          0       4158   icmp.o
         0          0          0          0          0       7148   inet_chksum.o
        36          0          0          0          0        588   init.o
         0          0          0          0         24       3074   ip.o
       846         30          0          2          0      14615   ip4.o
        78          0          8          0          0       6954   ip4_addr.o
      1764         38          0          6          0      11438   ip4_frag.o
       112         18          0          1          0        790   jumpers.o
       148          0          0          0          0       9106   list.o
       268         40          0         24         48      14396   lwip.o
      2654        192         84         16       1452      47581   main.o
       432         60          0        148          0       3563   mb.o
       796        144          0        181          0       8790   mb_m.o
       824         32          0          8       1088       4987   mb_master_user.o
        56          8        512          0          0       1420   mbcrc.o
      2658        200          0         30        256      42900   mbfunc.o
       430          0          0          0          0       4174   mbfunccoils.o
       414          0          0          0          0       4600   mbfunccoils_m.o
       172          0          0          0          0       1800   mbfuncdisc.o
       150          0          0          0          0       1902   mbfuncdisc_m.o
       528          0          0          0          0       5499   mbfuncholding.o
       832          0          0          0          0       9127   mbfuncholding_m.o
       140          0          0          0          0       1751   mbfuncinput.o
       216          0          0          0          0       2833   mbfuncinput_m.o
        40         10          0          2         32       1615   mbfuncother.o
       126         22          0          0        600       1995   mbinit.o
       388         78          0          8          0       2111   mbmasterpyro.o
       526         94          0         14        509      10041   mbrtu_m.o
       170          0          0          0          0       4443   mbtcp.o
       180          0          0          0          0       2982   mbutils.o
       912         82          0         16       4115       5753   mem.o
       238         14        208         52      29287      17120   memp.o
       138          0          0          0          0       3583   netbuf.o
       424         20          0          9          0      10115   netif.o
      1584         30          0          1          0      14565   pbuf.o
       906         90          0         12          0      12325   port.o
        40          0          0          0          0       2472   portevent.o
       256         28          0          3          0       8788   portevent_m.o
       224         28          0          0          0       2800   portserial_m.o
       964         46          0         13          0       8208   porttcp.o
       220         22          0          0          0       2697   porttimer_m.o
      2498         20          0          0         64      21081   queue.o
      4414         90          0          8         80      37872   sockets.o
       312         58          0         16       2004       2251   spi_adc.o
        36          8        504          0      16384        836   startup_stm32f767xx.o
       134         20          0          4          0       4007   stm32f7xx_hal.o
       338         22          0          0          0      36813   stm32f7xx_hal_cortex.o
       652         12          0          0          0       4530   stm32f7xx_hal_dcmi.o
      1560         26          8          0          0       8229   stm32f7xx_hal_dma.o
      4094         42          0          0          0       5057   stm32f7xx_hal_dma_ex.o
      2796         48          0          0          0      15192   stm32f7xx_hal_eth.o
       680         62          0          0         28       6354   stm32f7xx_hal_flash.o
       396         18          0          0          0       2886   stm32f7xx_hal_flash_ex.o
       594         56          0          0          0       4511   stm32f7xx_hal_gpio.o
      1566        162          0          0          0       5528   stm32f7xx_hal_msp.o
       144          8          0          0          0       1340   stm32f7xx_hal_pwr_ex.o
      2172         78          0          0          0       6672   stm32f7xx_hal_rcc.o
      2432         20          0          0          0       2364   stm32f7xx_hal_rcc_ex.o
      2352         46          0          0          0      15950   stm32f7xx_hal_spi.o
      2406        132          0          0          0      21151   stm32f7xx_hal_tim.o
       660         36          0          0          0       5150   stm32f7xx_hal_tim_ex.o
      2824         80          0          0          0      17916   stm32f7xx_hal_uart.o
       248         78          0          0          0      14080   stm32f7xx_it.o
       610         26         12          8          0      20336   sys_arch.o
       100         18         24          4          0       1251   system_stm32f7xx.o
      3306        420          0         60        240      27218   tasks.o
      3756        208        197         32          0      39495   tcp.o
      6132        342          0         40         16      20223   tcp_in.o
      3408         10          0          0          0      17339   tcp_out.o
       500         76          0         16          0       9937   tcpip.o
       652         90         24         12          0       7620   timeouts.o
         0          0          0          0          0       2884   timers.o
      1138         40          0          8          0      12839   udp.o
       624        124          0          9      33068      12371   udp_send.o

    ----------------------------------------------------------------------
     88856       4534       1804       1080     216108    1843776   Object Totals
         0          0         32          0          0          0   (incl. Generated)
       130          0          5         43          5          0   (incl. Padding)

    ----------------------------------------------------------------------

      Code (inc. data)   RO Data    RW Data    ZI Data      Debug   Library Member Name

        86          0          0          0          0          0   __dczerorl2.o
         0          0          0          0          0          0   entry.o
         0          0          0          0          0          0   entry10a.o
         0          0          0          0          0          0   entry11a.o
         8          4          0          0          0          0   entry2.o
         4          0          0          0          0          0   entry5.o
         0          0          0          0          0          0   entry7b.o
         0          0          0          0          0          0   entry8b.o
         8          4          0          0          0          0   entry9a.o
        30          0          0          0          0          0   handlers.o
        36          8          0          0          0         68   init.o
         0          0          0          0          0          0   iusefp.o
        30          0          0          0          0         68   llshl.o
        36          0          0          0          0         68   llsshr.o
        32          0          0          0          0         68   llushr.o
        26          0          0          0          0         80   memcmp.o
        36          0          0          0          0         68   memcpya.o
        36          0          0          0          0        108   memseta.o
      2226         90          0          0          0        444   printfa.o
         0          0          0          4          0          0   stdout.o
        28          0          0          0          0         76   strcmp.o
        44          0          0          0          0         80   uidiv.o
        98          0          0          0          0         92   uldiv.o
        48          0          0          0          0         68   cdrcmple.o
       334          0          0          0          0        148   dadd.o
       222          0          0          0          0        100   ddiv.o
       186          0          0          0          0        176   depilogue.o
        48          0          0          0          0         68   dfixul.o
       228          0          0          0          0         96   dmul.o

    ----------------------------------------------------------------------
      3836        106          0          4          0       1876   Library Totals
         6          0          0          0          0          0   (incl. Padding)

    ----------------------------------------------------------------------

      Code (inc. data)   RO Data    RW Data    ZI Data      Debug   Library Name

      2764        106          0          4          0       1220   mc_w.l
      1066          0          0          0          0        656   mf_w.l

    ----------------------------------------------------------------------
      3836        106          0          4          0       1876   Library Totals

    ----------------------------------------------------------------------

==============================================================================


      Code (inc. data)   RO Data    RW Data    ZI Data      Debug   

     92692       4640       1804       1084     216108    1780248   Grand Totals
     92692       4640       1804        308     216108    1780248   ELF Image Totals (compressed)
     92692       4640       1804        308          0          0   ROM Totals

==============================================================================

    Total RO  Size (Code + RO Data)                94496 (  92.28kB)
    Total RW  Size (RW Data + ZI Data)            217192 ( 212.10kB)
    Total ROM Size (Code + RO Data + RW Data)      94804 (  92.58kB)

==============================================================================

