<html>
<body>
<pre>
<h1>µVision Build Log</h1>
<h2>Tool Versions:</h2>
IDE-Version: µVision V5.17.0.0
Copyright (C) 2015 ARM Ltd and ARM Germany GmbH. All rights reserved.
License Information: noW noW, geo, LIC=NHY9U-SL21I-KTI3H-W80HX-ENB0V-57A1N
 
Tool Versions:
Toolchain:       MDK-ARM Professional  Version: 5.17
Toolchain Path:  D:\Programs\Keil\ARM\ARMCC\Bin
C Compiler:      Armcc.exe V5.06 update 1 (build 61)
Assembler:       Armasm.exe V5.06 update 1 (build 61)
Linker/Locator:  ArmLink.exe V5.06 update 1 (build 61)
Library Manager: ArmAr.exe V5.06 update 1 (build 61)
Hex Converter:   FromElf.exe V5.06 update 1 (build 61)
CPU DLL:         SARMCM3.DLL V5.17
Dialog DLL:      DCM.DLL V1.13.4.0
Target DLL:      STLink\ST-LINKIII-KEIL_SWO.dll V2.0.18.0
Dialog DLL:      TCM.DLL V1.14.6.0
 
<h2>Project:</h2>
D:\PROJECTS\STM32F767_NUCLEO_MB_TCP_ADC\STM32F767_NUCLEO_MB_TCP_ADC\MB_TCP_ADC\MDK-ARM\MB_TCP_ADC.uvprojx
Project File Date:  09/13/2017

<h2>Output:</h2>
*** Using Compiler 'V5.06 update 1 (build 61)', folder: 'D:\Programs\Keil\ARM\ARMCC\Bin'
Build target 'MB_TCP_ADC'
compiling mbfunc.c...
../Inc/mbfunc.h(59): warning:  #1-D: last line of file ends without a newline
  #endif
../Inc/discret_out.h(11): warning:  #1-D: last line of file ends without a newline
  #endif
../Inc/adc_pyro_buf.h(24): warning:  #1-D: last line of file ends without a newline
  #endif
..\Src\mbfunc.c(168): warning:  #223-D: function "memcpy" declared implicitly
  			memcpy((void *)&usRegInputBuf[ADC_PYRO_SQUIB_0],(const void*)&usMRegInBuf[0][0],M_REG_INPUT_NREGS*sizeof(uint16_t));
..\Src\mbfunc.c(128): warning:  #177-D: variable "i" was declared but never referenced
      uint8_t i=0;
..\Src\mbfunc.c(325): warning:  #223-D: function "memcpy" declared implicitly
  								memcpy((void *)&usRegHoldingBuf[PYRO_SQUIB_PIR_SET_TIME],(const void*)&usMRegHoldBuf[0][0],M_REG_HOLDING_NREGS*sizeof(uint16_t));
..\Src\mbfunc.c(551): warning:  #188-D: enumerated type mixed with another type
  															DCMI_ADC_SetSamplerate(usRegHoldingBuf[
DC_SAMPLERATE]);
..\Src\mbfunc.c(615): warning:  #188-D: enumerated type mixed with another type
  														HAL_GPIO_WritePin(
NABLE_OUT_1_GPIO_Port,
NABLE_OUT_1_Pin,usRegHoldingBuf[
EV_ENABLE_OUT_1]);
..\Src\mbfunc.c(621): warning:  #188-D: enumerated type mixed with another type
  														HAL_GPIO_WritePin(
NABLE_OUT_7_GPIO_Port,
NABLE_OUT_7_Pin,usRegHoldingBuf[
EV_ENABLE_OUT_7]);
..\Src\mbfunc.c(627): warning:  #188-D: enumerated type mixed with another type
  														HAL_GPIO_WritePin(
N_VCC_250_GPIO_Port,
N_VCC_250_Pin,usRegHoldingBuf[
EV_EN_VCC_250]);
..\Src\mbfunc.c(633): warning:  #188-D: enumerated type mixed with another type
  														HAL_GPIO_WritePin(
N_VCC_150_GPIO_Port,
N_VCC_150_Pin,usRegHoldingBuf[
EV_EN_VCC_150]);
..\Src\mbfunc.c(639): warning:  #188-D: enumerated type mixed with another type
  														HAL_GPIO_WritePin(
N_VCC_75_GPIO_Port,
N_VCC_75_Pin,usRegHoldingBuf[
EV_EN_VCC_75]);
..\Src\mbfunc.c(645): warning:  #188-D: enumerated type mixed with another type
  														HAL_GPIO_WritePin(
N_VCC_7_5_GPIO_Port,
N_VCC_7_5_Pin,usRegHoldingBuf[
EV_EN_VCC_7_5]);
..\Src\mbfunc.c(651): warning:  #188-D: enumerated type mixed with another type
  														HAL_GPIO_WritePin(
NABLE_AIR_GPIO_Port,
NABLE_AIR_Pin,usRegHoldingBuf[
EV_ENABLE_AIR]);
..\Src\mbfunc.c: 14 warnings, 0 errors
linking...
Program Size: Code=92992 RO-data=1804 RW-data=1084 ZI-data=216108  
FromELF: creating hex file...
"MB_TCP_ADC\MB_TCP_ADC.axf" - 0 Error(s), 14 Warning(s).

<h2>Software Packages used:</h2>

Package Vendor: ARM
                http://www.keil.com/pack/ARM.CMSIS.4.5.0.pack
                ARM::CMSIS:CORE:4.3.0
                CMSIS (Cortex Microcontroller Software Interface Standard)
   * Component: CORE Version: 4.3.0

<h2>Collection of Component include folders:</h2>
  D:\PROJECTS\STM32F767_NUCLEO_MB_TCP_ADC\STM32F767_NUCLEO_MB_TCP_ADC\MB_TCP_ADC\MDK-ARM\RTE
  D:\Programs\Keil\ARM\PACK\ARM\CMSIS\4.5.0\CMSIS\Include
  D:\Programs\Keil\ARM\PACK\Keil\STM32F7xx_DFP\2.8.0\Drivers\CMSIS\Device\ST\STM32F7xx\Include

<h2>Collection of Component Files used:</h2>

   * Component: ARM::CMSIS:CORE:4.3.0
Build Time Elapsed:  00:00:06
</pre>
</body>
</html>
